<!doctype html public "-//w3c//dtd html 4.0 transitional//en">
<html><head>
<title>Static Call Graph - [.\Objects\L50T-TEST.axf]</title></head>
<body><HR>
<H1>Static Call Graph for image .\Objects\L50T-TEST.axf</H1><HR>
<BR><P>#&#060CALLGRAPH&#062# ARM Linker, 5060422: Last Updated: Thu Jun 08 16:11:04 2017
<BR><P>
<H3>Maximum Stack Usage =        144 bytes + Unknown(Functions without stacksize, Cycles, Untraceable Function Pointers)</H3><H3>
Call chain for Maximum Stack Depth:</H3>
__rt_entry_main &rArr; main &rArr; NET_UDP_SocketConfig &rArr; W5500_Config &rArr; W5500_ParametersConfiguration &rArr; ctlwizchip &rArr; wizchip_init &rArr; wizchip_sw_reset &rArr; WIZCHIP_WRITE_BUF
<P>
<H3>
Functions with no stack information
</H3><UL>
 <LI><a href="#[70]">__user_initial_stackheap</a>
</UL>
</UL>
<P>
<H3>
Mutually Recursive functions
</H3> <LI><a href="#[24]">ADC1_2_IRQHandler</a>&nbsp;&nbsp;&nbsp;&rArr;&nbsp;&nbsp;&nbsp;<a href="#[24]">ADC1_2_IRQHandler</a><BR>
</UL>
<P>
<H3>
Function Pointers
</H3><UL>
 <LI><a href="#[24]">ADC1_2_IRQHandler</a> from startup_stm32f10x_md.o(.text) referenced from startup_stm32f10x_md.o(RESET)
 <LI><a href="#[c]">BusFault_Handler</a> from stm32f10x_it.o(i.BusFault_Handler) referenced from startup_stm32f10x_md.o(RESET)
 <LI><a href="#[27]">CAN1_RX1_IRQHandler</a> from startup_stm32f10x_md.o(.text) referenced from startup_stm32f10x_md.o(RESET)
 <LI><a href="#[28]">CAN1_SCE_IRQHandler</a> from startup_stm32f10x_md.o(.text) referenced from startup_stm32f10x_md.o(RESET)
 <LI><a href="#[1d]">DMA1_Channel1_IRQHandler</a> from startup_stm32f10x_md.o(.text) referenced from startup_stm32f10x_md.o(RESET)
 <LI><a href="#[1e]">DMA1_Channel2_IRQHandler</a> from startup_stm32f10x_md.o(.text) referenced from startup_stm32f10x_md.o(RESET)
 <LI><a href="#[1f]">DMA1_Channel3_IRQHandler</a> from startup_stm32f10x_md.o(.text) referenced from startup_stm32f10x_md.o(RESET)
 <LI><a href="#[20]">DMA1_Channel4_IRQHandler</a> from startup_stm32f10x_md.o(.text) referenced from startup_stm32f10x_md.o(RESET)
 <LI><a href="#[21]">DMA1_Channel5_IRQHandler</a> from startup_stm32f10x_md.o(.text) referenced from startup_stm32f10x_md.o(RESET)
 <LI><a href="#[22]">DMA1_Channel6_IRQHandler</a> from startup_stm32f10x_md.o(.text) referenced from startup_stm32f10x_md.o(RESET)
 <LI><a href="#[23]">DMA1_Channel7_IRQHandler</a> from startup_stm32f10x_md.o(.text) referenced from startup_stm32f10x_md.o(RESET)
 <LI><a href="#[f]">DebugMon_Handler</a> from stm32f10x_it.o(i.DebugMon_Handler) referenced from startup_stm32f10x_md.o(RESET)
 <LI><a href="#[18]">EXTI0_IRQHandler</a> from startup_stm32f10x_md.o(.text) referenced from startup_stm32f10x_md.o(RESET)
 <LI><a href="#[3a]">EXTI15_10_IRQHandler</a> from startup_stm32f10x_md.o(.text) referenced from startup_stm32f10x_md.o(RESET)
 <LI><a href="#[19]">EXTI1_IRQHandler</a> from startup_stm32f10x_md.o(.text) referenced from startup_stm32f10x_md.o(RESET)
 <LI><a href="#[1a]">EXTI2_IRQHandler</a> from startup_stm32f10x_md.o(.text) referenced from startup_stm32f10x_md.o(RESET)
 <LI><a href="#[1b]">EXTI3_IRQHandler</a> from startup_stm32f10x_md.o(.text) referenced from startup_stm32f10x_md.o(RESET)
 <LI><a href="#[1c]">EXTI4_IRQHandler</a> from startup_stm32f10x_md.o(.text) referenced from startup_stm32f10x_md.o(RESET)
 <LI><a href="#[29]">EXTI9_5_IRQHandler</a> from startup_stm32f10x_md.o(.text) referenced from startup_stm32f10x_md.o(RESET)
 <LI><a href="#[16]">FLASH_IRQHandler</a> from startup_stm32f10x_md.o(.text) referenced from startup_stm32f10x_md.o(RESET)
 <LI><a href="#[a]">HardFault_Handler</a> from stm32f10x_it.o(i.HardFault_Handler) referenced from startup_stm32f10x_md.o(RESET)
 <LI><a href="#[32]">I2C1_ER_IRQHandler</a> from startup_stm32f10x_md.o(.text) referenced from startup_stm32f10x_md.o(RESET)
 <LI><a href="#[31]">I2C1_EV_IRQHandler</a> from startup_stm32f10x_md.o(.text) referenced from startup_stm32f10x_md.o(RESET)
 <LI><a href="#[34]">I2C2_ER_IRQHandler</a> from startup_stm32f10x_md.o(.text) referenced from startup_stm32f10x_md.o(RESET)
 <LI><a href="#[33]">I2C2_EV_IRQHandler</a> from startup_stm32f10x_md.o(.text) referenced from startup_stm32f10x_md.o(RESET)
 <LI><a href="#[42]">IsKeyMfuDown</a> from bsp_key.o(i.IsKeyMfuDown) referenced from bsp_key.o(i.KEY_InitVar)
 <LI><a href="#[3f]">IsKeyRstDown</a> from bsp_key.o(i.IsKeyRstDown) referenced from bsp_key.o(i.KEY_InitVar)
 <LI><a href="#[43]">KEY_MFU_Down</a> from bsp_key.o(i.KEY_MFU_Down) referenced from bsp_key.o(i.KEY_InitVar)
 <LI><a href="#[44]">KEY_MFU_DownLong</a> from bsp_key.o(i.KEY_MFU_DownLong) referenced from bsp_key.o(i.KEY_InitVar)
 <LI><a href="#[40]">KEY_RST_Down</a> from bsp_key.o(i.KEY_RST_Down) referenced from bsp_key.o(i.KEY_InitVar)
 <LI><a href="#[41]">KEY_RST_DownLong</a> from bsp_key.o(i.KEY_RST_DownLong) referenced from bsp_key.o(i.KEY_InitVar)
 <LI><a href="#[b]">MemManage_Handler</a> from stm32f10x_it.o(i.MemManage_Handler) referenced from startup_stm32f10x_md.o(RESET)
 <LI><a href="#[9]">NMI_Handler</a> from stm32f10x_it.o(i.NMI_Handler) referenced from startup_stm32f10x_md.o(RESET)
 <LI><a href="#[13]">PVD_IRQHandler</a> from startup_stm32f10x_md.o(.text) referenced from startup_stm32f10x_md.o(RESET)
 <LI><a href="#[10]">PendSV_Handler</a> from stm32f10x_it.o(i.PendSV_Handler) referenced from startup_stm32f10x_md.o(RESET)
 <LI><a href="#[17]">RCC_IRQHandler</a> from startup_stm32f10x_md.o(.text) referenced from startup_stm32f10x_md.o(RESET)
 <LI><a href="#[3b]">RTCAlarm_IRQHandler</a> from startup_stm32f10x_md.o(.text) referenced from startup_stm32f10x_md.o(RESET)
 <LI><a href="#[15]">RTC_IRQHandler</a> from startup_stm32f10x_md.o(.text) referenced from startup_stm32f10x_md.o(RESET)
 <LI><a href="#[8]">Reset_Handler</a> from startup_stm32f10x_md.o(.text) referenced from startup_stm32f10x_md.o(RESET)
 <LI><a href="#[35]">SPI1_IRQHandler</a> from startup_stm32f10x_md.o(.text) referenced from startup_stm32f10x_md.o(RESET)
 <LI><a href="#[47]">SPI2_CS_Deselect</a> from bsp_spi.o(i.SPI2_CS_Deselect) referenced from bsp_net.o(i.W5500_RegisterFunction)
 <LI><a href="#[48]">SPI2_CS_Select</a> from bsp_spi.o(i.SPI2_CS_Select) referenced from bsp_net.o(i.W5500_RegisterFunction)
 <LI><a href="#[36]">SPI2_IRQHandler</a> from startup_stm32f10x_md.o(.text) referenced from startup_stm32f10x_md.o(RESET)
 <LI><a href="#[4a]">SPI2_ReadByte</a> from bsp_spi.o(i.SPI2_ReadByte) referenced from bsp_net.o(i.W5500_RegisterFunction)
 <LI><a href="#[49]">SPI2_WriteByte</a> from bsp_spi.o(i.SPI2_WriteByte) referenced from bsp_net.o(i.W5500_RegisterFunction)
 <LI><a href="#[46]">SPI_CrisEnter</a> from bsp_spi.o(i.SPI_CrisEnter) referenced from bsp_net.o(i.W5500_RegisterFunction)
 <LI><a href="#[45]">SPI_CrisExit</a> from bsp_spi.o(i.SPI_CrisExit) referenced from bsp_net.o(i.W5500_RegisterFunction)
 <LI><a href="#[e]">SVC_Handler</a> from stm32f10x_it.o(i.SVC_Handler) referenced from startup_stm32f10x_md.o(RESET)
 <LI><a href="#[11]">SysTick_Handler</a> from stm32f10x_it.o(i.SysTick_Handler) referenced from startup_stm32f10x_md.o(RESET)
 <LI><a href="#[3d]">SystemInit</a> from system_stm32f10x.o(i.SystemInit) referenced from startup_stm32f10x_md.o(.text)
 <LI><a href="#[14]">TAMPER_IRQHandler</a> from startup_stm32f10x_md.o(.text) referenced from startup_stm32f10x_md.o(RESET)
 <LI><a href="#[2a]">TIM1_BRK_IRQHandler</a> from startup_stm32f10x_md.o(.text) referenced from startup_stm32f10x_md.o(RESET)
 <LI><a href="#[2d]">TIM1_CC_IRQHandler</a> from startup_stm32f10x_md.o(.text) referenced from startup_stm32f10x_md.o(RESET)
 <LI><a href="#[2c]">TIM1_TRG_COM_IRQHandler</a> from startup_stm32f10x_md.o(.text) referenced from startup_stm32f10x_md.o(RESET)
 <LI><a href="#[2b]">TIM1_UP_IRQHandler</a> from startup_stm32f10x_md.o(.text) referenced from startup_stm32f10x_md.o(RESET)
 <LI><a href="#[2e]">TIM2_IRQHandler</a> from bsp_time.o(i.TIM2_IRQHandler) referenced from startup_stm32f10x_md.o(RESET)
 <LI><a href="#[2f]">TIM3_IRQHandler</a> from bsp_time.o(i.TIM3_IRQHandler) referenced from startup_stm32f10x_md.o(RESET)
 <LI><a href="#[30]">TIM4_IRQHandler</a> from startup_stm32f10x_md.o(.text) referenced from startup_stm32f10x_md.o(RESET)
 <LI><a href="#[37]">USART1_IRQHandler</a> from startup_stm32f10x_md.o(.text) referenced from startup_stm32f10x_md.o(RESET)
 <LI><a href="#[38]">USART2_IRQHandler</a> from startup_stm32f10x_md.o(.text) referenced from startup_stm32f10x_md.o(RESET)
 <LI><a href="#[39]">USART3_IRQHandler</a> from startup_stm32f10x_md.o(.text) referenced from startup_stm32f10x_md.o(RESET)
 <LI><a href="#[3c]">USBWakeUp_IRQHandler</a> from startup_stm32f10x_md.o(.text) referenced from startup_stm32f10x_md.o(RESET)
 <LI><a href="#[25]">USB_HP_CAN1_TX_IRQHandler</a> from startup_stm32f10x_md.o(.text) referenced from startup_stm32f10x_md.o(RESET)
 <LI><a href="#[26]">USB_LP_CAN1_RX0_IRQHandler</a> from bsp_can.o(i.USB_LP_CAN1_RX0_IRQHandler) referenced from startup_stm32f10x_md.o(RESET)
 <LI><a href="#[d]">UsageFault_Handler</a> from stm32f10x_it.o(i.UsageFault_Handler) referenced from startup_stm32f10x_md.o(RESET)
 <LI><a href="#[12]">WWDG_IRQHandler</a> from startup_stm32f10x_md.o(.text) referenced from startup_stm32f10x_md.o(RESET)
 <LI><a href="#[53]">__main</a> from __main.o(!!!main) referenced from startup_stm32f10x_md.o(.text)
 <LI><a href="#[51]">wizchip_bus_readdata</a> from wizchip_conf.o(i.wizchip_bus_readdata) referenced from wizchip_conf.o(.data)
 <LI><a href="#[52]">wizchip_bus_writedata</a> from wizchip_conf.o(i.wizchip_bus_writedata) referenced from wizchip_conf.o(.data)
 <LI><a href="#[4b]">wizchip_cris_enter</a> from wizchip_conf.o(i.wizchip_cris_enter) referenced from wizchip_conf.o(.data)
 <LI><a href="#[4b]">wizchip_cris_enter</a> from wizchip_conf.o(i.wizchip_cris_enter) referenced from wizchip_conf.o(i.reg_wizchip_cris_cbfunc)
 <LI><a href="#[4c]">wizchip_cris_exit</a> from wizchip_conf.o(i.wizchip_cris_exit) referenced from wizchip_conf.o(.data)
 <LI><a href="#[4c]">wizchip_cris_exit</a> from wizchip_conf.o(i.wizchip_cris_exit) referenced from wizchip_conf.o(i.reg_wizchip_cris_cbfunc)
 <LI><a href="#[4e]">wizchip_cs_deselect</a> from wizchip_conf.o(i.wizchip_cs_deselect) referenced from wizchip_conf.o(.data)
 <LI><a href="#[4e]">wizchip_cs_deselect</a> from wizchip_conf.o(i.wizchip_cs_deselect) referenced from wizchip_conf.o(i.reg_wizchip_cs_cbfunc)
 <LI><a href="#[4d]">wizchip_cs_select</a> from wizchip_conf.o(i.wizchip_cs_select) referenced from wizchip_conf.o(.data)
 <LI><a href="#[4d]">wizchip_cs_select</a> from wizchip_conf.o(i.wizchip_cs_select) referenced from wizchip_conf.o(i.reg_wizchip_cs_cbfunc)
 <LI><a href="#[4f]">wizchip_spi_readbyte</a> from wizchip_conf.o(i.wizchip_spi_readbyte) referenced from wizchip_conf.o(i.reg_wizchip_spi_cbfunc)
 <LI><a href="#[50]">wizchip_spi_writebyte</a> from wizchip_conf.o(i.wizchip_spi_writebyte) referenced from wizchip_conf.o(i.reg_wizchip_spi_cbfunc)
</UL>
<P>
<H3>
Global Symbols
</H3>
<P><STRONG><a name="[53]"></a>__main</STRONG> (Thumb, 8 bytes, Stack size 0 bytes, __main.o(!!!main))
<BR><BR>[Calls]<UL><LI><a href="#[55]">&gt;&gt;</a>&nbsp;&nbsp;&nbsp;__rt_entry
<LI><a href="#[54]">&gt;&gt;</a>&nbsp;&nbsp;&nbsp;__scatterload
</UL>

<P><STRONG><a name="[54]"></a>__scatterload</STRONG> (Thumb, 0 bytes, Stack size unknown bytes, __scatter.o(!!!scatter))
<BR><BR>[Called By]<UL><LI><a href="#[53]">&gt;&gt;</a>&nbsp;&nbsp;&nbsp;__main
</UL>

<P><STRONG><a name="[56]"></a>__scatterload_rt2</STRONG> (Thumb, 44 bytes, Stack size unknown bytes, __scatter.o(!!!scatter), UNUSED)
<BR><BR>[Calls]<UL><LI><a href="#[55]">&gt;&gt;</a>&nbsp;&nbsp;&nbsp;__rt_entry
</UL>

<P><STRONG><a name="[e1]"></a>__scatterload_rt2_thumb_only</STRONG> (Thumb, 0 bytes, Stack size unknown bytes, __scatter.o(!!!scatter), UNUSED)

<P><STRONG><a name="[e2]"></a>__scatterload_null</STRONG> (Thumb, 0 bytes, Stack size unknown bytes, __scatter.o(!!!scatter), UNUSED)

<P><STRONG><a name="[57]"></a>__scatterload_copy</STRONG> (Thumb, 26 bytes, Stack size unknown bytes, __scatter_copy.o(!!handler_copy), UNUSED)
<BR><BR>[Calls]<UL><LI><a href="#[57]">&gt;&gt;</a>&nbsp;&nbsp;&nbsp;__scatterload_copy
</UL>
<BR>[Called By]<UL><LI><a href="#[57]">&gt;&gt;</a>&nbsp;&nbsp;&nbsp;__scatterload_copy
</UL>

<P><STRONG><a name="[e3]"></a>__scatterload_zeroinit</STRONG> (Thumb, 28 bytes, Stack size unknown bytes, __scatter_zi.o(!!handler_zi), UNUSED)

<P><STRONG><a name="[5d]"></a>__rt_lib_init</STRONG> (Thumb, 0 bytes, Stack size unknown bytes, libinit.o(.ARM.Collect$$libinit$$00000000))
<BR><BR>[Called By]<UL><LI><a href="#[5c]">&gt;&gt;</a>&nbsp;&nbsp;&nbsp;__rt_entry_li
</UL>

<P><STRONG><a name="[e4]"></a>__rt_lib_init_fp_1</STRONG> (Thumb, 0 bytes, Stack size unknown bytes, libinit2.o(.ARM.Collect$$libinit$$00000002))

<P><STRONG><a name="[58]"></a>__rt_lib_init_heap_2</STRONG> (Thumb, 0 bytes, Stack size unknown bytes, libinit2.o(.ARM.Collect$$libinit$$00000005))
<BR><BR>[Stack]<UL><LI>Max Depth = 64 + Unknown Stack Size
<LI>Call Chain = __rt_lib_init_heap_2 &rArr; _init_alloc &rArr; __rt_SIGRTMEM &rArr; __rt_SIGRTMEM_inner &rArr; __default_signal_display &rArr; _ttywrch
</UL>
<BR>[Calls]<UL><LI><a href="#[59]">&gt;&gt;</a>&nbsp;&nbsp;&nbsp;_init_alloc
</UL>

<P><STRONG><a name="[e5]"></a>__rt_lib_init_preinit_1</STRONG> (Thumb, 0 bytes, Stack size unknown bytes, libinit2.o(.ARM.Collect$$libinit$$00000004))

<P><STRONG><a name="[e6]"></a>__rt_lib_init_alloca_1</STRONG> (Thumb, 0 bytes, Stack size unknown bytes, libinit2.o(.ARM.Collect$$libinit$$0000002E))

<P><STRONG><a name="[e7]"></a>__rt_lib_init_argv_1</STRONG> (Thumb, 0 bytes, Stack size unknown bytes, libinit2.o(.ARM.Collect$$libinit$$0000002C))

<P><STRONG><a name="[e8]"></a>__rt_lib_init_atexit_1</STRONG> (Thumb, 0 bytes, Stack size unknown bytes, libinit2.o(.ARM.Collect$$libinit$$0000001B))

<P><STRONG><a name="[e9]"></a>__rt_lib_init_clock_1</STRONG> (Thumb, 0 bytes, Stack size unknown bytes, libinit2.o(.ARM.Collect$$libinit$$00000021))

<P><STRONG><a name="[ea]"></a>__rt_lib_init_cpp_1</STRONG> (Thumb, 0 bytes, Stack size unknown bytes, libinit2.o(.ARM.Collect$$libinit$$00000032))

<P><STRONG><a name="[eb]"></a>__rt_lib_init_exceptions_1</STRONG> (Thumb, 0 bytes, Stack size unknown bytes, libinit2.o(.ARM.Collect$$libinit$$00000030))

<P><STRONG><a name="[ec]"></a>__rt_lib_init_fp_trap_1</STRONG> (Thumb, 0 bytes, Stack size unknown bytes, libinit2.o(.ARM.Collect$$libinit$$0000001F))

<P><STRONG><a name="[ed]"></a>__rt_lib_init_getenv_1</STRONG> (Thumb, 0 bytes, Stack size unknown bytes, libinit2.o(.ARM.Collect$$libinit$$00000023))

<P><STRONG><a name="[ee]"></a>__rt_lib_init_heap_1</STRONG> (Thumb, 0 bytes, Stack size unknown bytes, libinit2.o(.ARM.Collect$$libinit$$0000000A))

<P><STRONG><a name="[ef]"></a>__rt_lib_init_lc_collate_1</STRONG> (Thumb, 0 bytes, Stack size unknown bytes, libinit2.o(.ARM.Collect$$libinit$$00000011))

<P><STRONG><a name="[f0]"></a>__rt_lib_init_lc_ctype_1</STRONG> (Thumb, 0 bytes, Stack size unknown bytes, libinit2.o(.ARM.Collect$$libinit$$00000013))

<P><STRONG><a name="[f1]"></a>__rt_lib_init_lc_monetary_1</STRONG> (Thumb, 0 bytes, Stack size unknown bytes, libinit2.o(.ARM.Collect$$libinit$$00000015))

<P><STRONG><a name="[f2]"></a>__rt_lib_init_lc_numeric_1</STRONG> (Thumb, 0 bytes, Stack size unknown bytes, libinit2.o(.ARM.Collect$$libinit$$00000017))

<P><STRONG><a name="[f3]"></a>__rt_lib_init_lc_time_1</STRONG> (Thumb, 0 bytes, Stack size unknown bytes, libinit2.o(.ARM.Collect$$libinit$$00000019))

<P><STRONG><a name="[f4]"></a>__rt_lib_init_rand_1</STRONG> (Thumb, 0 bytes, Stack size unknown bytes, libinit2.o(.ARM.Collect$$libinit$$0000000E))

<P><STRONG><a name="[f5]"></a>__rt_lib_init_return</STRONG> (Thumb, 0 bytes, Stack size unknown bytes, libinit2.o(.ARM.Collect$$libinit$$00000033))

<P><STRONG><a name="[f6]"></a>__rt_lib_init_signal_1</STRONG> (Thumb, 0 bytes, Stack size unknown bytes, libinit2.o(.ARM.Collect$$libinit$$0000001D))

<P><STRONG><a name="[f7]"></a>__rt_lib_init_stdio_1</STRONG> (Thumb, 0 bytes, Stack size unknown bytes, libinit2.o(.ARM.Collect$$libinit$$00000025))

<P><STRONG><a name="[f8]"></a>__rt_lib_init_user_alloc_1</STRONG> (Thumb, 0 bytes, Stack size unknown bytes, libinit2.o(.ARM.Collect$$libinit$$0000000C))

<P><STRONG><a name="[62]"></a>__rt_lib_shutdown</STRONG> (Thumb, 0 bytes, Stack size unknown bytes, libshutdown.o(.ARM.Collect$$libshutdown$$00000000))
<BR><BR>[Called By]<UL><LI><a href="#[61]">&gt;&gt;</a>&nbsp;&nbsp;&nbsp;__rt_exit_ls
</UL>

<P><STRONG><a name="[f9]"></a>__rt_lib_shutdown_cpp_1</STRONG> (Thumb, 0 bytes, Stack size unknown bytes, libshutdown2.o(.ARM.Collect$$libshutdown$$00000002))

<P><STRONG><a name="[fa]"></a>__rt_lib_shutdown_fp_trap_1</STRONG> (Thumb, 0 bytes, Stack size unknown bytes, libshutdown2.o(.ARM.Collect$$libshutdown$$00000007))

<P><STRONG><a name="[fb]"></a>__rt_lib_shutdown_heap_1</STRONG> (Thumb, 0 bytes, Stack size unknown bytes, libshutdown2.o(.ARM.Collect$$libshutdown$$0000000F))

<P><STRONG><a name="[fc]"></a>__rt_lib_shutdown_return</STRONG> (Thumb, 0 bytes, Stack size unknown bytes, libshutdown2.o(.ARM.Collect$$libshutdown$$00000010))

<P><STRONG><a name="[fd]"></a>__rt_lib_shutdown_signal_1</STRONG> (Thumb, 0 bytes, Stack size unknown bytes, libshutdown2.o(.ARM.Collect$$libshutdown$$0000000A))

<P><STRONG><a name="[fe]"></a>__rt_lib_shutdown_stdio_1</STRONG> (Thumb, 0 bytes, Stack size unknown bytes, libshutdown2.o(.ARM.Collect$$libshutdown$$00000004))

<P><STRONG><a name="[ff]"></a>__rt_lib_shutdown_user_alloc_1</STRONG> (Thumb, 0 bytes, Stack size unknown bytes, libshutdown2.o(.ARM.Collect$$libshutdown$$0000000C))

<P><STRONG><a name="[55]"></a>__rt_entry</STRONG> (Thumb, 0 bytes, Stack size unknown bytes, __rtentry.o(.ARM.Collect$$rtentry$$00000000))
<BR><BR>[Called By]<UL><LI><a href="#[53]">&gt;&gt;</a>&nbsp;&nbsp;&nbsp;__main
<LI><a href="#[56]">&gt;&gt;</a>&nbsp;&nbsp;&nbsp;__scatterload_rt2
</UL>

<P><STRONG><a name="[100]"></a>__rt_entry_presh_1</STRONG> (Thumb, 0 bytes, Stack size unknown bytes, __rtentry2.o(.ARM.Collect$$rtentry$$00000002))

<P><STRONG><a name="[5a]"></a>__rt_entry_sh</STRONG> (Thumb, 0 bytes, Stack size unknown bytes, __rtentry4.o(.ARM.Collect$$rtentry$$00000004))
<BR><BR>[Stack]<UL><LI>Max Depth = 8 + Unknown Stack Size
<LI>Call Chain = __rt_entry_sh &rArr; __user_setup_stackheap
</UL>
<BR>[Calls]<UL><LI><a href="#[5b]">&gt;&gt;</a>&nbsp;&nbsp;&nbsp;__user_setup_stackheap
</UL>

<P><STRONG><a name="[5c]"></a>__rt_entry_li</STRONG> (Thumb, 0 bytes, Stack size unknown bytes, __rtentry2.o(.ARM.Collect$$rtentry$$0000000A))
<BR><BR>[Calls]<UL><LI><a href="#[5d]">&gt;&gt;</a>&nbsp;&nbsp;&nbsp;__rt_lib_init
</UL>

<P><STRONG><a name="[101]"></a>__rt_entry_postsh_1</STRONG> (Thumb, 0 bytes, Stack size unknown bytes, __rtentry2.o(.ARM.Collect$$rtentry$$00000009))

<P><STRONG><a name="[5e]"></a>__rt_entry_main</STRONG> (Thumb, 0 bytes, Stack size unknown bytes, __rtentry2.o(.ARM.Collect$$rtentry$$0000000D))
<BR><BR>[Stack]<UL><LI>Max Depth = 144 + Unknown Stack Size
<LI>Call Chain = __rt_entry_main &rArr; main &rArr; NET_UDP_SocketConfig &rArr; W5500_Config &rArr; W5500_ParametersConfiguration &rArr; ctlwizchip &rArr; wizchip_init &rArr; wizchip_sw_reset &rArr; WIZCHIP_WRITE_BUF
</UL>
<BR>[Calls]<UL><LI><a href="#[5f]">&gt;&gt;</a>&nbsp;&nbsp;&nbsp;main
<LI><a href="#[60]">&gt;&gt;</a>&nbsp;&nbsp;&nbsp;exit
</UL>

<P><STRONG><a name="[102]"></a>__rt_entry_postli_1</STRONG> (Thumb, 0 bytes, Stack size unknown bytes, __rtentry2.o(.ARM.Collect$$rtentry$$0000000C))

<P><STRONG><a name="[71]"></a>__rt_exit</STRONG> (Thumb, 0 bytes, Stack size unknown bytes, rtexit.o(.ARM.Collect$$rtexit$$00000000))
<BR><BR>[Called By]<UL><LI><a href="#[60]">&gt;&gt;</a>&nbsp;&nbsp;&nbsp;exit
</UL>

<P><STRONG><a name="[61]"></a>__rt_exit_ls</STRONG> (Thumb, 0 bytes, Stack size unknown bytes, rtexit2.o(.ARM.Collect$$rtexit$$00000003))
<BR><BR>[Calls]<UL><LI><a href="#[62]">&gt;&gt;</a>&nbsp;&nbsp;&nbsp;__rt_lib_shutdown
</UL>

<P><STRONG><a name="[103]"></a>__rt_exit_prels_1</STRONG> (Thumb, 0 bytes, Stack size unknown bytes, rtexit2.o(.ARM.Collect$$rtexit$$00000002))

<P><STRONG><a name="[63]"></a>__rt_exit_exit</STRONG> (Thumb, 0 bytes, Stack size unknown bytes, rtexit2.o(.ARM.Collect$$rtexit$$00000004))
<BR><BR>[Calls]<UL><LI><a href="#[64]">&gt;&gt;</a>&nbsp;&nbsp;&nbsp;_sys_exit
</UL>

<P><STRONG><a name="[8]"></a>Reset_Handler</STRONG> (Thumb, 8 bytes, Stack size 0 bytes, startup_stm32f10x_md.o(.text))
<BR>[Address Reference Count : 1]<UL><LI> startup_stm32f10x_md.o(RESET)
</UL>
<P><STRONG><a name="[104]"></a>_maybe_terminate_alloc</STRONG> (Thumb, 0 bytes, Stack size 0 bytes, maybetermalloc1.o(.emb_text), UNUSED)

<P><STRONG><a name="[24]"></a>ADC1_2_IRQHandler</STRONG> (Thumb, 0 bytes, Stack size 0 bytes, startup_stm32f10x_md.o(.text))
<BR><BR>[Calls]<UL><LI><a href="#[24]">&gt;&gt;</a>&nbsp;&nbsp;&nbsp;ADC1_2_IRQHandler
</UL>
<BR>[Called By]<UL><LI><a href="#[24]">&gt;&gt;</a>&nbsp;&nbsp;&nbsp;ADC1_2_IRQHandler
</UL>
<BR>[Address Reference Count : 1]<UL><LI> startup_stm32f10x_md.o(RESET)
</UL>
<P><STRONG><a name="[27]"></a>CAN1_RX1_IRQHandler</STRONG> (Thumb, 0 bytes, Stack size 0 bytes, startup_stm32f10x_md.o(.text))
<BR>[Address Reference Count : 1]<UL><LI> startup_stm32f10x_md.o(RESET)
</UL>
<P><STRONG><a name="[28]"></a>CAN1_SCE_IRQHandler</STRONG> (Thumb, 0 bytes, Stack size 0 bytes, startup_stm32f10x_md.o(.text))
<BR>[Address Reference Count : 1]<UL><LI> startup_stm32f10x_md.o(RESET)
</UL>
<P><STRONG><a name="[1d]"></a>DMA1_Channel1_IRQHandler</STRONG> (Thumb, 0 bytes, Stack size 0 bytes, startup_stm32f10x_md.o(.text))
<BR>[Address Reference Count : 1]<UL><LI> startup_stm32f10x_md.o(RESET)
</UL>
<P><STRONG><a name="[1e]"></a>DMA1_Channel2_IRQHandler</STRONG> (Thumb, 0 bytes, Stack size 0 bytes, startup_stm32f10x_md.o(.text))
<BR>[Address Reference Count : 1]<UL><LI> startup_stm32f10x_md.o(RESET)
</UL>
<P><STRONG><a name="[1f]"></a>DMA1_Channel3_IRQHandler</STRONG> (Thumb, 0 bytes, Stack size 0 bytes, startup_stm32f10x_md.o(.text))
<BR>[Address Reference Count : 1]<UL><LI> startup_stm32f10x_md.o(RESET)
</UL>
<P><STRONG><a name="[20]"></a>DMA1_Channel4_IRQHandler</STRONG> (Thumb, 0 bytes, Stack size 0 bytes, startup_stm32f10x_md.o(.text))
<BR>[Address Reference Count : 1]<UL><LI> startup_stm32f10x_md.o(RESET)
</UL>
<P><STRONG><a name="[21]"></a>DMA1_Channel5_IRQHandler</STRONG> (Thumb, 0 bytes, Stack size 0 bytes, startup_stm32f10x_md.o(.text))
<BR>[Address Reference Count : 1]<UL><LI> startup_stm32f10x_md.o(RESET)
</UL>
<P><STRONG><a name="[22]"></a>DMA1_Channel6_IRQHandler</STRONG> (Thumb, 0 bytes, Stack size 0 bytes, startup_stm32f10x_md.o(.text))
<BR>[Address Reference Count : 1]<UL><LI> startup_stm32f10x_md.o(RESET)
</UL>
<P><STRONG><a name="[23]"></a>DMA1_Channel7_IRQHandler</STRONG> (Thumb, 0 bytes, Stack size 0 bytes, startup_stm32f10x_md.o(.text))
<BR>[Address Reference Count : 1]<UL><LI> startup_stm32f10x_md.o(RESET)
</UL>
<P><STRONG><a name="[18]"></a>EXTI0_IRQHandler</STRONG> (Thumb, 0 bytes, Stack size 0 bytes, startup_stm32f10x_md.o(.text))
<BR>[Address Reference Count : 1]<UL><LI> startup_stm32f10x_md.o(RESET)
</UL>
<P><STRONG><a name="[3a]"></a>EXTI15_10_IRQHandler</STRONG> (Thumb, 0 bytes, Stack size 0 bytes, startup_stm32f10x_md.o(.text))
<BR>[Address Reference Count : 1]<UL><LI> startup_stm32f10x_md.o(RESET)
</UL>
<P><STRONG><a name="[19]"></a>EXTI1_IRQHandler</STRONG> (Thumb, 0 bytes, Stack size 0 bytes, startup_stm32f10x_md.o(.text))
<BR>[Address Reference Count : 1]<UL><LI> startup_stm32f10x_md.o(RESET)
</UL>
<P><STRONG><a name="[1a]"></a>EXTI2_IRQHandler</STRONG> (Thumb, 0 bytes, Stack size 0 bytes, startup_stm32f10x_md.o(.text))
<BR>[Address Reference Count : 1]<UL><LI> startup_stm32f10x_md.o(RESET)
</UL>
<P><STRONG><a name="[1b]"></a>EXTI3_IRQHandler</STRONG> (Thumb, 0 bytes, Stack size 0 bytes, startup_stm32f10x_md.o(.text))
<BR>[Address Reference Count : 1]<UL><LI> startup_stm32f10x_md.o(RESET)
</UL>
<P><STRONG><a name="[1c]"></a>EXTI4_IRQHandler</STRONG> (Thumb, 0 bytes, Stack size 0 bytes, startup_stm32f10x_md.o(.text))
<BR>[Address Reference Count : 1]<UL><LI> startup_stm32f10x_md.o(RESET)
</UL>
<P><STRONG><a name="[29]"></a>EXTI9_5_IRQHandler</STRONG> (Thumb, 0 bytes, Stack size 0 bytes, startup_stm32f10x_md.o(.text))
<BR>[Address Reference Count : 1]<UL><LI> startup_stm32f10x_md.o(RESET)
</UL>
<P><STRONG><a name="[16]"></a>FLASH_IRQHandler</STRONG> (Thumb, 0 bytes, Stack size 0 bytes, startup_stm32f10x_md.o(.text))
<BR>[Address Reference Count : 1]<UL><LI> startup_stm32f10x_md.o(RESET)
</UL>
<P><STRONG><a name="[32]"></a>I2C1_ER_IRQHandler</STRONG> (Thumb, 0 bytes, Stack size 0 bytes, startup_stm32f10x_md.o(.text))
<BR>[Address Reference Count : 1]<UL><LI> startup_stm32f10x_md.o(RESET)
</UL>
<P><STRONG><a name="[31]"></a>I2C1_EV_IRQHandler</STRONG> (Thumb, 0 bytes, Stack size 0 bytes, startup_stm32f10x_md.o(.text))
<BR>[Address Reference Count : 1]<UL><LI> startup_stm32f10x_md.o(RESET)
</UL>
<P><STRONG><a name="[34]"></a>I2C2_ER_IRQHandler</STRONG> (Thumb, 0 bytes, Stack size 0 bytes, startup_stm32f10x_md.o(.text))
<BR>[Address Reference Count : 1]<UL><LI> startup_stm32f10x_md.o(RESET)
</UL>
<P><STRONG><a name="[33]"></a>I2C2_EV_IRQHandler</STRONG> (Thumb, 0 bytes, Stack size 0 bytes, startup_stm32f10x_md.o(.text))
<BR>[Address Reference Count : 1]<UL><LI> startup_stm32f10x_md.o(RESET)
</UL>
<P><STRONG><a name="[13]"></a>PVD_IRQHandler</STRONG> (Thumb, 0 bytes, Stack size 0 bytes, startup_stm32f10x_md.o(.text))
<BR>[Address Reference Count : 1]<UL><LI> startup_stm32f10x_md.o(RESET)
</UL>
<P><STRONG><a name="[17]"></a>RCC_IRQHandler</STRONG> (Thumb, 0 bytes, Stack size 0 bytes, startup_stm32f10x_md.o(.text))
<BR>[Address Reference Count : 1]<UL><LI> startup_stm32f10x_md.o(RESET)
</UL>
<P><STRONG><a name="[3b]"></a>RTCAlarm_IRQHandler</STRONG> (Thumb, 0 bytes, Stack size 0 bytes, startup_stm32f10x_md.o(.text))
<BR>[Address Reference Count : 1]<UL><LI> startup_stm32f10x_md.o(RESET)
</UL>
<P><STRONG><a name="[15]"></a>RTC_IRQHandler</STRONG> (Thumb, 0 bytes, Stack size 0 bytes, startup_stm32f10x_md.o(.text))
<BR>[Address Reference Count : 1]<UL><LI> startup_stm32f10x_md.o(RESET)
</UL>
<P><STRONG><a name="[35]"></a>SPI1_IRQHandler</STRONG> (Thumb, 0 bytes, Stack size 0 bytes, startup_stm32f10x_md.o(.text))
<BR>[Address Reference Count : 1]<UL><LI> startup_stm32f10x_md.o(RESET)
</UL>
<P><STRONG><a name="[36]"></a>SPI2_IRQHandler</STRONG> (Thumb, 0 bytes, Stack size 0 bytes, startup_stm32f10x_md.o(.text))
<BR>[Address Reference Count : 1]<UL><LI> startup_stm32f10x_md.o(RESET)
</UL>
<P><STRONG><a name="[14]"></a>TAMPER_IRQHandler</STRONG> (Thumb, 0 bytes, Stack size 0 bytes, startup_stm32f10x_md.o(.text))
<BR>[Address Reference Count : 1]<UL><LI> startup_stm32f10x_md.o(RESET)
</UL>
<P><STRONG><a name="[2a]"></a>TIM1_BRK_IRQHandler</STRONG> (Thumb, 0 bytes, Stack size 0 bytes, startup_stm32f10x_md.o(.text))
<BR>[Address Reference Count : 1]<UL><LI> startup_stm32f10x_md.o(RESET)
</UL>
<P><STRONG><a name="[2d]"></a>TIM1_CC_IRQHandler</STRONG> (Thumb, 0 bytes, Stack size 0 bytes, startup_stm32f10x_md.o(.text))
<BR>[Address Reference Count : 1]<UL><LI> startup_stm32f10x_md.o(RESET)
</UL>
<P><STRONG><a name="[2c]"></a>TIM1_TRG_COM_IRQHandler</STRONG> (Thumb, 0 bytes, Stack size 0 bytes, startup_stm32f10x_md.o(.text))
<BR>[Address Reference Count : 1]<UL><LI> startup_stm32f10x_md.o(RESET)
</UL>
<P><STRONG><a name="[2b]"></a>TIM1_UP_IRQHandler</STRONG> (Thumb, 0 bytes, Stack size 0 bytes, startup_stm32f10x_md.o(.text))
<BR>[Address Reference Count : 1]<UL><LI> startup_stm32f10x_md.o(RESET)
</UL>
<P><STRONG><a name="[30]"></a>TIM4_IRQHandler</STRONG> (Thumb, 0 bytes, Stack size 0 bytes, startup_stm32f10x_md.o(.text))
<BR>[Address Reference Count : 1]<UL><LI> startup_stm32f10x_md.o(RESET)
</UL>
<P><STRONG><a name="[37]"></a>USART1_IRQHandler</STRONG> (Thumb, 0 bytes, Stack size 0 bytes, startup_stm32f10x_md.o(.text))
<BR>[Address Reference Count : 1]<UL><LI> startup_stm32f10x_md.o(RESET)
</UL>
<P><STRONG><a name="[38]"></a>USART2_IRQHandler</STRONG> (Thumb, 0 bytes, Stack size 0 bytes, startup_stm32f10x_md.o(.text))
<BR>[Address Reference Count : 1]<UL><LI> startup_stm32f10x_md.o(RESET)
</UL>
<P><STRONG><a name="[39]"></a>USART3_IRQHandler</STRONG> (Thumb, 0 bytes, Stack size 0 bytes, startup_stm32f10x_md.o(.text))
<BR>[Address Reference Count : 1]<UL><LI> startup_stm32f10x_md.o(RESET)
</UL>
<P><STRONG><a name="[3c]"></a>USBWakeUp_IRQHandler</STRONG> (Thumb, 0 bytes, Stack size 0 bytes, startup_stm32f10x_md.o(.text))
<BR>[Address Reference Count : 1]<UL><LI> startup_stm32f10x_md.o(RESET)
</UL>
<P><STRONG><a name="[25]"></a>USB_HP_CAN1_TX_IRQHandler</STRONG> (Thumb, 0 bytes, Stack size 0 bytes, startup_stm32f10x_md.o(.text))
<BR>[Address Reference Count : 1]<UL><LI> startup_stm32f10x_md.o(RESET)
</UL>
<P><STRONG><a name="[12]"></a>WWDG_IRQHandler</STRONG> (Thumb, 0 bytes, Stack size 0 bytes, startup_stm32f10x_md.o(.text))
<BR>[Address Reference Count : 1]<UL><LI> startup_stm32f10x_md.o(RESET)
</UL>
<P><STRONG><a name="[70]"></a>__user_initial_stackheap</STRONG> (Thumb, 0 bytes, Stack size unknown bytes, startup_stm32f10x_md.o(.text))
<BR><BR>[Called By]<UL><LI><a href="#[5b]">&gt;&gt;</a>&nbsp;&nbsp;&nbsp;__user_setup_stackheap
</UL>

<P><STRONG><a name="[65]"></a>malloc</STRONG> (Thumb, 94 bytes, Stack size 16 bytes, h1_alloc.o(.text))
<BR><BR>[Stack]<UL><LI>Max Depth = 48<LI>Call Chain = malloc &rArr; __Heap_Full &rArr; __Heap_ProvideMemory &rArr; free
</UL>
<BR>[Calls]<UL><LI><a href="#[67]">&gt;&gt;</a>&nbsp;&nbsp;&nbsp;__Heap_Full
<LI><a href="#[66]">&gt;&gt;</a>&nbsp;&nbsp;&nbsp;__rt_heap_descriptor
</UL>
<BR>[Called By]<UL><LI><a href="#[95]">&gt;&gt;</a>&nbsp;&nbsp;&nbsp;W5500_UDP_LoopBack
</UL>

<P><STRONG><a name="[68]"></a>free</STRONG> (Thumb, 78 bytes, Stack size 16 bytes, h1_free.o(.text))
<BR><BR>[Stack]<UL><LI>Max Depth = 16<LI>Call Chain = free
</UL>
<BR>[Calls]<UL><LI><a href="#[66]">&gt;&gt;</a>&nbsp;&nbsp;&nbsp;__rt_heap_descriptor
</UL>
<BR>[Called By]<UL><LI><a href="#[95]">&gt;&gt;</a>&nbsp;&nbsp;&nbsp;W5500_UDP_LoopBack
<LI><a href="#[69]">&gt;&gt;</a>&nbsp;&nbsp;&nbsp;__Heap_ProvideMemory
</UL>

<P><STRONG><a name="[105]"></a>__use_two_region_memory</STRONG> (Thumb, 2 bytes, Stack size 0 bytes, heapauxi.o(.text), UNUSED)

<P><STRONG><a name="[1]"></a>__rt_heap_escrow</STRONG> (Thumb, 2 bytes, Stack size 0 bytes, heapauxi.o(.text), UNUSED)

<P><STRONG><a name="[0]"></a>__rt_heap_expand</STRONG> (Thumb, 2 bytes, Stack size 0 bytes, heapauxi.o(.text), UNUSED)

<P><STRONG><a name="[66]"></a>__rt_heap_descriptor</STRONG> (Thumb, 8 bytes, Stack size 0 bytes, rt_heap_descriptor_intlibspace.o(.text))
<BR><BR>[Called By]<UL><LI><a href="#[59]">&gt;&gt;</a>&nbsp;&nbsp;&nbsp;_init_alloc
<LI><a href="#[68]">&gt;&gt;</a>&nbsp;&nbsp;&nbsp;free
<LI><a href="#[65]">&gt;&gt;</a>&nbsp;&nbsp;&nbsp;malloc
</UL>

<P><STRONG><a name="[106]"></a>__use_no_heap</STRONG> (Thumb, 2 bytes, Stack size 0 bytes, hguard.o(.text), UNUSED)

<P><STRONG><a name="[107]"></a>__heap$guard</STRONG> (Thumb, 2 bytes, Stack size 0 bytes, hguard.o(.text), UNUSED)

<P><STRONG><a name="[6]"></a>_terminate_user_alloc</STRONG> (Thumb, 2 bytes, Stack size 0 bytes, init_alloc.o(.text), UNUSED)

<P><STRONG><a name="[4]"></a>_init_user_alloc</STRONG> (Thumb, 2 bytes, Stack size 0 bytes, init_alloc.o(.text), UNUSED)

<P><STRONG><a name="[67]"></a>__Heap_Full</STRONG> (Thumb, 34 bytes, Stack size 16 bytes, init_alloc.o(.text))
<BR><BR>[Stack]<UL><LI>Max Depth = 32<LI>Call Chain = __Heap_Full &rArr; __Heap_ProvideMemory &rArr; free
</UL>
<BR>[Calls]<UL><LI><a href="#[69]">&gt;&gt;</a>&nbsp;&nbsp;&nbsp;__Heap_ProvideMemory
</UL>
<BR>[Called By]<UL><LI><a href="#[65]">&gt;&gt;</a>&nbsp;&nbsp;&nbsp;malloc
</UL>

<P><STRONG><a name="[6a]"></a>__Heap_Broken</STRONG> (Thumb, 6 bytes, Stack size 0 bytes, init_alloc.o(.text), UNUSED)
<BR><BR>[Calls]<UL><LI><a href="#[6b]">&gt;&gt;</a>&nbsp;&nbsp;&nbsp;__rt_SIGRTMEM
</UL>

<P><STRONG><a name="[59]"></a>_init_alloc</STRONG> (Thumb, 94 bytes, Stack size 24 bytes, init_alloc.o(.text))
<BR><BR>[Stack]<UL><LI>Max Depth = 64<LI>Call Chain = _init_alloc &rArr; __rt_SIGRTMEM &rArr; __rt_SIGRTMEM_inner &rArr; __default_signal_display &rArr; _ttywrch
</UL>
<BR>[Calls]<UL><LI><a href="#[6b]">&gt;&gt;</a>&nbsp;&nbsp;&nbsp;__rt_SIGRTMEM
<LI><a href="#[69]">&gt;&gt;</a>&nbsp;&nbsp;&nbsp;__Heap_ProvideMemory
<LI><a href="#[6c]">&gt;&gt;</a>&nbsp;&nbsp;&nbsp;__Heap_Initialize
<LI><a href="#[66]">&gt;&gt;</a>&nbsp;&nbsp;&nbsp;__rt_heap_descriptor
</UL>
<BR>[Called By]<UL><LI><a href="#[58]">&gt;&gt;</a>&nbsp;&nbsp;&nbsp;__rt_lib_init_heap_2
</UL>

<P><STRONG><a name="[6c]"></a>__Heap_Initialize</STRONG> (Thumb, 10 bytes, Stack size 0 bytes, h1_init.o(.text))
<BR><BR>[Called By]<UL><LI><a href="#[59]">&gt;&gt;</a>&nbsp;&nbsp;&nbsp;_init_alloc
</UL>

<P><STRONG><a name="[2]"></a>__Heap_DescSize</STRONG> (Thumb, 4 bytes, Stack size 0 bytes, h1_init.o(.text), UNUSED)

<P><STRONG><a name="[108]"></a>__user_libspace</STRONG> (Thumb, 8 bytes, Stack size 0 bytes, libspace.o(.text), UNUSED)

<P><STRONG><a name="[6f]"></a>__user_perproc_libspace</STRONG> (Thumb, 0 bytes, Stack size 0 bytes, libspace.o(.text))
<BR><BR>[Called By]<UL><LI><a href="#[5b]">&gt;&gt;</a>&nbsp;&nbsp;&nbsp;__user_setup_stackheap
</UL>

<P><STRONG><a name="[109]"></a>__user_perthread_libspace</STRONG> (Thumb, 0 bytes, Stack size 0 bytes, libspace.o(.text), UNUSED)

<P><STRONG><a name="[69]"></a>__Heap_ProvideMemory</STRONG> (Thumb, 52 bytes, Stack size 0 bytes, h1_extend.o(.text))
<BR><BR>[Stack]<UL><LI>Max Depth = 16<LI>Call Chain = __Heap_ProvideMemory &rArr; free
</UL>
<BR>[Calls]<UL><LI><a href="#[68]">&gt;&gt;</a>&nbsp;&nbsp;&nbsp;free
</UL>
<BR>[Called By]<UL><LI><a href="#[59]">&gt;&gt;</a>&nbsp;&nbsp;&nbsp;_init_alloc
<LI><a href="#[67]">&gt;&gt;</a>&nbsp;&nbsp;&nbsp;__Heap_Full
</UL>

<P><STRONG><a name="[6b]"></a>__rt_SIGRTMEM</STRONG> (Thumb, 14 bytes, Stack size 8 bytes, defsig_rtmem_outer.o(.text))
<BR><BR>[Stack]<UL><LI>Max Depth = 40<LI>Call Chain = __rt_SIGRTMEM &rArr; __rt_SIGRTMEM_inner &rArr; __default_signal_display &rArr; _ttywrch
</UL>
<BR>[Calls]<UL><LI><a href="#[6d]">&gt;&gt;</a>&nbsp;&nbsp;&nbsp;__rt_SIGRTMEM_inner
<LI><a href="#[6e]">&gt;&gt;</a>&nbsp;&nbsp;&nbsp;__sig_exit
</UL>
<BR>[Called By]<UL><LI><a href="#[59]">&gt;&gt;</a>&nbsp;&nbsp;&nbsp;_init_alloc
<LI><a href="#[6a]">&gt;&gt;</a>&nbsp;&nbsp;&nbsp;__Heap_Broken
</UL>

<P><STRONG><a name="[10a]"></a>__I$use$semihosting</STRONG> (Thumb, 0 bytes, Stack size 0 bytes, use_no_semi.o(.text), UNUSED)

<P><STRONG><a name="[10b]"></a>__use_no_semihosting_swi</STRONG> (Thumb, 2 bytes, Stack size 0 bytes, use_no_semi.o(.text), UNUSED)

<P><STRONG><a name="[10c]"></a>__semihosting_library_function</STRONG> (Thumb, 0 bytes, Stack size 8 bytes, indicate_semi.o(.text), UNUSED)

<P><STRONG><a name="[5b]"></a>__user_setup_stackheap</STRONG> (Thumb, 74 bytes, Stack size 8 bytes, sys_stackheap_outer.o(.text))
<BR><BR>[Stack]<UL><LI>Max Depth = 8 + Unknown Stack Size
<LI>Call Chain = __user_setup_stackheap
</UL>
<BR>[Calls]<UL><LI><a href="#[6f]">&gt;&gt;</a>&nbsp;&nbsp;&nbsp;__user_perproc_libspace
<LI><a href="#[70]">&gt;&gt;</a>&nbsp;&nbsp;&nbsp;__user_initial_stackheap
</UL>
<BR>[Called By]<UL><LI><a href="#[5a]">&gt;&gt;</a>&nbsp;&nbsp;&nbsp;__rt_entry_sh
</UL>

<P><STRONG><a name="[60]"></a>exit</STRONG> (Thumb, 18 bytes, Stack size 8 bytes, exit.o(.text))
<BR><BR>[Stack]<UL><LI>Max Depth = 8 + Unknown Stack Size
<LI>Call Chain = exit
</UL>
<BR>[Calls]<UL><LI><a href="#[71]">&gt;&gt;</a>&nbsp;&nbsp;&nbsp;__rt_exit
</UL>
<BR>[Called By]<UL><LI><a href="#[5e]">&gt;&gt;</a>&nbsp;&nbsp;&nbsp;__rt_entry_main
</UL>

<P><STRONG><a name="[6e]"></a>__sig_exit</STRONG> (Thumb, 10 bytes, Stack size 0 bytes, defsig_exit.o(.text))
<BR><BR>[Calls]<UL><LI><a href="#[64]">&gt;&gt;</a>&nbsp;&nbsp;&nbsp;_sys_exit
</UL>
<BR>[Called By]<UL><LI><a href="#[6b]">&gt;&gt;</a>&nbsp;&nbsp;&nbsp;__rt_SIGRTMEM
</UL>

<P><STRONG><a name="[6d]"></a>__rt_SIGRTMEM_inner</STRONG> (Thumb, 22 bytes, Stack size 8 bytes, defsig_rtmem_inner.o(.text))
<BR><BR>[Stack]<UL><LI>Max Depth = 32<LI>Call Chain = __rt_SIGRTMEM_inner &rArr; __default_signal_display &rArr; _ttywrch
</UL>
<BR>[Calls]<UL><LI><a href="#[72]">&gt;&gt;</a>&nbsp;&nbsp;&nbsp;__default_signal_display
</UL>
<BR>[Called By]<UL><LI><a href="#[6b]">&gt;&gt;</a>&nbsp;&nbsp;&nbsp;__rt_SIGRTMEM
</UL>

<P><STRONG><a name="[64]"></a>_sys_exit</STRONG> (Thumb, 8 bytes, Stack size 0 bytes, sys_exit.o(.text))
<BR><BR>[Called By]<UL><LI><a href="#[63]">&gt;&gt;</a>&nbsp;&nbsp;&nbsp;__rt_exit_exit
<LI><a href="#[6e]">&gt;&gt;</a>&nbsp;&nbsp;&nbsp;__sig_exit
</UL>

<P><STRONG><a name="[72]"></a>__default_signal_display</STRONG> (Thumb, 50 bytes, Stack size 16 bytes, defsig_general.o(.text))
<BR><BR>[Stack]<UL><LI>Max Depth = 24<LI>Call Chain = __default_signal_display &rArr; _ttywrch
</UL>
<BR>[Calls]<UL><LI><a href="#[73]">&gt;&gt;</a>&nbsp;&nbsp;&nbsp;_ttywrch
</UL>
<BR>[Called By]<UL><LI><a href="#[6d]">&gt;&gt;</a>&nbsp;&nbsp;&nbsp;__rt_SIGRTMEM_inner
</UL>

<P><STRONG><a name="[73]"></a>_ttywrch</STRONG> (Thumb, 14 bytes, Stack size 8 bytes, sys_wrch.o(.text))
<BR><BR>[Stack]<UL><LI>Max Depth = 8<LI>Call Chain = _ttywrch
</UL>
<BR>[Called By]<UL><LI><a href="#[72]">&gt;&gt;</a>&nbsp;&nbsp;&nbsp;__default_signal_display
</UL>

<P><STRONG><a name="[74]"></a>BUZZER_Init</STRONG> (Thumb, 54 bytes, Stack size 8 bytes, bsp_led.o(i.BUZZER_Init))
<BR><BR>[Stack]<UL><LI>Max Depth = 32<LI>Call Chain = BUZZER_Init &rArr; GPIO_Init
</UL>
<BR>[Calls]<UL><LI><a href="#[75]">&gt;&gt;</a>&nbsp;&nbsp;&nbsp;RCC_APB2PeriphClockCmd
<LI><a href="#[76]">&gt;&gt;</a>&nbsp;&nbsp;&nbsp;GPIO_Init
<LI><a href="#[77]">&gt;&gt;</a>&nbsp;&nbsp;&nbsp;GPIO_ResetBits
</UL>
<BR>[Called By]<UL><LI><a href="#[5f]">&gt;&gt;</a>&nbsp;&nbsp;&nbsp;main
</UL>

<P><STRONG><a name="[78]"></a>BUZZER_Ring</STRONG> (Thumb, 22 bytes, Stack size 8 bytes, bsp_led.o(i.BUZZER_Ring))
<BR><BR>[Stack]<UL><LI>Max Depth = 8<LI>Call Chain = BUZZER_Ring
</UL>
<BR>[Calls]<UL><LI><a href="#[79]">&gt;&gt;</a>&nbsp;&nbsp;&nbsp;GPIO_SetBits
</UL>
<BR>[Called By]<UL><LI><a href="#[a9]">&gt;&gt;</a>&nbsp;&nbsp;&nbsp;TEST_Finish_Check
</UL>

<P><STRONG><a name="[c]"></a>BusFault_Handler</STRONG> (Thumb, 4 bytes, Stack size 0 bytes, stm32f10x_it.o(i.BusFault_Handler))
<BR>[Address Reference Count : 1]<UL><LI> startup_stm32f10x_md.o(RESET)
</UL>
<P><STRONG><a name="[a6]"></a>CAN_CancelTransmit</STRONG> (Thumb, 48 bytes, Stack size 0 bytes, stm32f10x_can.o(i.CAN_CancelTransmit))
<BR><BR>[Called By]<UL><LI><a href="#[86]">&gt;&gt;</a>&nbsp;&nbsp;&nbsp;Send_CAN_DataFrame
</UL>

<P><STRONG><a name="[7a]"></a>CAN_Configuration</STRONG> (Thumb, 126 bytes, Stack size 24 bytes, bsp_can.o(i.CAN_Configuration))
<BR><BR>[Stack]<UL><LI>Max Depth = 56<LI>Call Chain = CAN_Configuration &rArr; CAN_Filter_Config &rArr; CAN_FilterInit
</UL>
<BR>[Calls]<UL><LI><a href="#[7e]">&gt;&gt;</a>&nbsp;&nbsp;&nbsp;RCC_APB1PeriphClockCmd
<LI><a href="#[80]">&gt;&gt;</a>&nbsp;&nbsp;&nbsp;NVIC_Init
<LI><a href="#[7c]">&gt;&gt;</a>&nbsp;&nbsp;&nbsp;CAN_StructInit
<LI><a href="#[7f]">&gt;&gt;</a>&nbsp;&nbsp;&nbsp;CAN_Init
<LI><a href="#[7b]">&gt;&gt;</a>&nbsp;&nbsp;&nbsp;CAN_DeInit
<LI><a href="#[81]">&gt;&gt;</a>&nbsp;&nbsp;&nbsp;CAN_Filter_Config
<LI><a href="#[7d]">&gt;&gt;</a>&nbsp;&nbsp;&nbsp;CAN_GPIO_Init
</UL>
<BR>[Called By]<UL><LI><a href="#[5f]">&gt;&gt;</a>&nbsp;&nbsp;&nbsp;main
</UL>

<P><STRONG><a name="[7b]"></a>CAN_DeInit</STRONG> (Thumb, 50 bytes, Stack size 8 bytes, stm32f10x_can.o(i.CAN_DeInit))
<BR><BR>[Stack]<UL><LI>Max Depth = 8<LI>Call Chain = CAN_DeInit
</UL>
<BR>[Calls]<UL><LI><a href="#[82]">&gt;&gt;</a>&nbsp;&nbsp;&nbsp;RCC_APB1PeriphResetCmd
</UL>
<BR>[Called By]<UL><LI><a href="#[7a]">&gt;&gt;</a>&nbsp;&nbsp;&nbsp;CAN_Configuration
</UL>

<P><STRONG><a name="[83]"></a>CAN_FilterInit</STRONG> (Thumb, 258 bytes, Stack size 8 bytes, stm32f10x_can.o(i.CAN_FilterInit))
<BR><BR>[Stack]<UL><LI>Max Depth = 8<LI>Call Chain = CAN_FilterInit
</UL>
<BR>[Called By]<UL><LI><a href="#[81]">&gt;&gt;</a>&nbsp;&nbsp;&nbsp;CAN_Filter_Config
</UL>

<P><STRONG><a name="[81]"></a>CAN_Filter_Config</STRONG> (Thumb, 76 bytes, Stack size 24 bytes, bsp_can.o(i.CAN_Filter_Config))
<BR><BR>[Stack]<UL><LI>Max Depth = 32<LI>Call Chain = CAN_Filter_Config &rArr; CAN_FilterInit
</UL>
<BR>[Calls]<UL><LI><a href="#[84]">&gt;&gt;</a>&nbsp;&nbsp;&nbsp;CAN_ITConfig
<LI><a href="#[83]">&gt;&gt;</a>&nbsp;&nbsp;&nbsp;CAN_FilterInit
</UL>
<BR>[Called By]<UL><LI><a href="#[7a]">&gt;&gt;</a>&nbsp;&nbsp;&nbsp;CAN_Configuration
</UL>

<P><STRONG><a name="[84]"></a>CAN_ITConfig</STRONG> (Thumb, 18 bytes, Stack size 0 bytes, stm32f10x_can.o(i.CAN_ITConfig))
<BR><BR>[Called By]<UL><LI><a href="#[81]">&gt;&gt;</a>&nbsp;&nbsp;&nbsp;CAN_Filter_Config
</UL>

<P><STRONG><a name="[7f]"></a>CAN_Init</STRONG> (Thumb, 276 bytes, Stack size 12 bytes, stm32f10x_can.o(i.CAN_Init))
<BR><BR>[Stack]<UL><LI>Max Depth = 12<LI>Call Chain = CAN_Init
</UL>
<BR>[Called By]<UL><LI><a href="#[7a]">&gt;&gt;</a>&nbsp;&nbsp;&nbsp;CAN_Configuration
</UL>

<P><STRONG><a name="[b5]"></a>CAN_Receive</STRONG> (Thumb, 240 bytes, Stack size 8 bytes, stm32f10x_can.o(i.CAN_Receive))
<BR><BR>[Stack]<UL><LI>Max Depth = 8<LI>Call Chain = CAN_Receive
</UL>
<BR>[Called By]<UL><LI><a href="#[26]">&gt;&gt;</a>&nbsp;&nbsp;&nbsp;USB_LP_CAN1_RX0_IRQHandler
</UL>

<P><STRONG><a name="[85]"></a>CAN_Respone_SendCheck</STRONG> (Thumb, 30 bytes, Stack size 8 bytes, bsp.o(i.CAN_Respone_SendCheck))
<BR><BR>[Stack]<UL><LI>Max Depth = 72<LI>Call Chain = CAN_Respone_SendCheck &rArr; Send_CAN_DataFrame &rArr; CAN_TransmitStatus
</UL>
<BR>[Calls]<UL><LI><a href="#[86]">&gt;&gt;</a>&nbsp;&nbsp;&nbsp;Send_CAN_DataFrame
</UL>
<BR>[Called By]<UL><LI><a href="#[5f]">&gt;&gt;</a>&nbsp;&nbsp;&nbsp;main
</UL>

<P><STRONG><a name="[87]"></a>CAN_RxMessage_Deal</STRONG> (Thumb, 252 bytes, Stack size 8 bytes, bsp.o(i.CAN_RxMessage_Deal))
<BR><BR>[Stack]<UL><LI>Max Depth = 20<LI>Call Chain = CAN_RxMessage_Deal &rArr; Circuit_State_Set
</UL>
<BR>[Calls]<UL><LI><a href="#[77]">&gt;&gt;</a>&nbsp;&nbsp;&nbsp;GPIO_ResetBits
<LI><a href="#[88]">&gt;&gt;</a>&nbsp;&nbsp;&nbsp;Circuit_State_Set
</UL>
<BR>[Called By]<UL><LI><a href="#[9b]">&gt;&gt;</a>&nbsp;&nbsp;&nbsp;Receive_CAN_DataFrame
</UL>

<P><STRONG><a name="[7c]"></a>CAN_StructInit</STRONG> (Thumb, 32 bytes, Stack size 0 bytes, stm32f10x_can.o(i.CAN_StructInit))
<BR><BR>[Called By]<UL><LI><a href="#[7a]">&gt;&gt;</a>&nbsp;&nbsp;&nbsp;CAN_Configuration
</UL>

<P><STRONG><a name="[a4]"></a>CAN_Transmit</STRONG> (Thumb, 294 bytes, Stack size 8 bytes, stm32f10x_can.o(i.CAN_Transmit))
<BR><BR>[Stack]<UL><LI>Max Depth = 8<LI>Call Chain = CAN_Transmit
</UL>
<BR>[Called By]<UL><LI><a href="#[86]">&gt;&gt;</a>&nbsp;&nbsp;&nbsp;Send_CAN_DataFrame
</UL>

<P><STRONG><a name="[a5]"></a>CAN_TransmitStatus</STRONG> (Thumb, 138 bytes, Stack size 8 bytes, stm32f10x_can.o(i.CAN_TransmitStatus))
<BR><BR>[Stack]<UL><LI>Max Depth = 8<LI>Call Chain = CAN_TransmitStatus
</UL>
<BR>[Called By]<UL><LI><a href="#[86]">&gt;&gt;</a>&nbsp;&nbsp;&nbsp;Send_CAN_DataFrame
</UL>

<P><STRONG><a name="[9c]"></a>DataCheckSum</STRONG> (Thumb, 32 bytes, Stack size 8 bytes, bsp.o(i.DataCheckSum))
<BR><BR>[Stack]<UL><LI>Max Depth = 8<LI>Call Chain = DataCheckSum
</UL>
<BR>[Called By]<UL><LI><a href="#[9b]">&gt;&gt;</a>&nbsp;&nbsp;&nbsp;Receive_CAN_DataFrame
</UL>

<P><STRONG><a name="[f]"></a>DebugMon_Handler</STRONG> (Thumb, 2 bytes, Stack size 0 bytes, stm32f10x_it.o(i.DebugMon_Handler))
<BR>[Address Reference Count : 1]<UL><LI> startup_stm32f10x_md.o(RESET)
</UL>
<P><STRONG><a name="[76]"></a>GPIO_Init</STRONG> (Thumb, 278 bytes, Stack size 24 bytes, stm32f10x_gpio.o(i.GPIO_Init))
<BR><BR>[Stack]<UL><LI>Max Depth = 24<LI>Call Chain = GPIO_Init
</UL>
<BR>[Called By]<UL><LI><a href="#[b6]">&gt;&gt;</a>&nbsp;&nbsp;&nbsp;W5500_RST_GPIO_Init
<LI><a href="#[9d]">&gt;&gt;</a>&nbsp;&nbsp;&nbsp;SPI2_GPIO_Init
<LI><a href="#[7d]">&gt;&gt;</a>&nbsp;&nbsp;&nbsp;CAN_GPIO_Init
<LI><a href="#[93]">&gt;&gt;</a>&nbsp;&nbsp;&nbsp;MFU_GPIO_Init
<LI><a href="#[91]">&gt;&gt;</a>&nbsp;&nbsp;&nbsp;LED_Init
<LI><a href="#[8b]">&gt;&gt;</a>&nbsp;&nbsp;&nbsp;KEY_Init
<LI><a href="#[74]">&gt;&gt;</a>&nbsp;&nbsp;&nbsp;BUZZER_Init
</UL>

<P><STRONG><a name="[8a]"></a>GPIO_ReadInputDataBit</STRONG> (Thumb, 18 bytes, Stack size 0 bytes, stm32f10x_gpio.o(i.GPIO_ReadInputDataBit))
<BR><BR>[Called By]<UL><LI><a href="#[3f]">&gt;&gt;</a>&nbsp;&nbsp;&nbsp;IsKeyRstDown
<LI><a href="#[42]">&gt;&gt;</a>&nbsp;&nbsp;&nbsp;IsKeyMfuDown
</UL>

<P><STRONG><a name="[77]"></a>GPIO_ResetBits</STRONG> (Thumb, 4 bytes, Stack size 0 bytes, stm32f10x_gpio.o(i.GPIO_ResetBits))
<BR><BR>[Called By]<UL><LI><a href="#[44]">&gt;&gt;</a>&nbsp;&nbsp;&nbsp;KEY_MFU_DownLong
<LI><a href="#[ad]">&gt;&gt;</a>&nbsp;&nbsp;&nbsp;TIM3_ISR_Callback
<LI><a href="#[92]">&gt;&gt;</a>&nbsp;&nbsp;&nbsp;MFU_CheckStatus
<LI><a href="#[48]">&gt;&gt;</a>&nbsp;&nbsp;&nbsp;SPI2_CS_Select
<LI><a href="#[87]">&gt;&gt;</a>&nbsp;&nbsp;&nbsp;CAN_RxMessage_Deal
<LI><a href="#[89]">&gt;&gt;</a>&nbsp;&nbsp;&nbsp;FaultLed_Refresh
<LI><a href="#[a9]">&gt;&gt;</a>&nbsp;&nbsp;&nbsp;TEST_Finish_Check
<LI><a href="#[74]">&gt;&gt;</a>&nbsp;&nbsp;&nbsp;BUZZER_Init
</UL>

<P><STRONG><a name="[79]"></a>GPIO_SetBits</STRONG> (Thumb, 4 bytes, Stack size 0 bytes, stm32f10x_gpio.o(i.GPIO_SetBits))
<BR><BR>[Called By]<UL><LI><a href="#[b6]">&gt;&gt;</a>&nbsp;&nbsp;&nbsp;W5500_RST_GPIO_Init
<LI><a href="#[ad]">&gt;&gt;</a>&nbsp;&nbsp;&nbsp;TIM3_ISR_Callback
<LI><a href="#[8d]">&gt;&gt;</a>&nbsp;&nbsp;&nbsp;MFU_Test_Start
<LI><a href="#[47]">&gt;&gt;</a>&nbsp;&nbsp;&nbsp;SPI2_CS_Deselect
<LI><a href="#[9d]">&gt;&gt;</a>&nbsp;&nbsp;&nbsp;SPI2_GPIO_Init
<LI><a href="#[78]">&gt;&gt;</a>&nbsp;&nbsp;&nbsp;BUZZER_Ring
<LI><a href="#[89]">&gt;&gt;</a>&nbsp;&nbsp;&nbsp;FaultLed_Refresh
<LI><a href="#[93]">&gt;&gt;</a>&nbsp;&nbsp;&nbsp;MFU_GPIO_Init
<LI><a href="#[91]">&gt;&gt;</a>&nbsp;&nbsp;&nbsp;LED_Init
</UL>

<P><STRONG><a name="[a]"></a>HardFault_Handler</STRONG> (Thumb, 4 bytes, Stack size 0 bytes, stm32f10x_it.o(i.HardFault_Handler))
<BR>[Address Reference Count : 1]<UL><LI> startup_stm32f10x_md.o(RESET)
</UL>
<P><STRONG><a name="[8b]"></a>KEY_Init</STRONG> (Thumb, 36 bytes, Stack size 8 bytes, bsp_key.o(i.KEY_Init))
<BR><BR>[Stack]<UL><LI>Max Depth = 32<LI>Call Chain = KEY_Init &rArr; GPIO_Init
</UL>
<BR>[Calls]<UL><LI><a href="#[8c]">&gt;&gt;</a>&nbsp;&nbsp;&nbsp;KEY_InitVar
<LI><a href="#[75]">&gt;&gt;</a>&nbsp;&nbsp;&nbsp;RCC_APB2PeriphClockCmd
<LI><a href="#[76]">&gt;&gt;</a>&nbsp;&nbsp;&nbsp;GPIO_Init
</UL>
<BR>[Called By]<UL><LI><a href="#[5f]">&gt;&gt;</a>&nbsp;&nbsp;&nbsp;main
</UL>

<P><STRONG><a name="[43]"></a>KEY_MFU_Down</STRONG> (Thumb, 2 bytes, Stack size 0 bytes, bsp_key.o(i.KEY_MFU_Down))
<BR>[Address Reference Count : 1]<UL><LI> bsp_key.o(i.KEY_InitVar)
</UL>
<P><STRONG><a name="[44]"></a>KEY_MFU_DownLong</STRONG> (Thumb, 22 bytes, Stack size 8 bytes, bsp_key.o(i.KEY_MFU_DownLong))
<BR><BR>[Stack]<UL><LI>Max Depth = 16<LI>Call Chain = KEY_MFU_DownLong &rArr; MFU_Test_Start
</UL>
<BR>[Calls]<UL><LI><a href="#[8d]">&gt;&gt;</a>&nbsp;&nbsp;&nbsp;MFU_Test_Start
<LI><a href="#[77]">&gt;&gt;</a>&nbsp;&nbsp;&nbsp;GPIO_ResetBits
</UL>
<BR>[Address Reference Count : 1]<UL><LI> bsp_key.o(i.KEY_InitVar)
</UL>
<P><STRONG><a name="[40]"></a>KEY_RST_Down</STRONG> (Thumb, 8 bytes, Stack size 8 bytes, bsp_key.o(i.KEY_RST_Down))
<BR><BR>[Stack]<UL><LI>Max Depth = 8<LI>Call Chain = KEY_RST_Down
</UL>
<BR>[Calls]<UL><LI><a href="#[8e]">&gt;&gt;</a>&nbsp;&nbsp;&nbsp;SYS_RESET
</UL>
<BR>[Address Reference Count : 1]<UL><LI> bsp_key.o(i.KEY_InitVar)
</UL>
<P><STRONG><a name="[41]"></a>KEY_RST_DownLong</STRONG> (Thumb, 2 bytes, Stack size 0 bytes, bsp_key.o(i.KEY_RST_DownLong))
<BR>[Address Reference Count : 1]<UL><LI> bsp_key.o(i.KEY_InitVar)
</UL>
<P><STRONG><a name="[8f]"></a>KEY_Scan</STRONG> (Thumb, 30 bytes, Stack size 8 bytes, bsp_key.o(i.KEY_Scan))
<BR><BR>[Stack]<UL><LI>Max Depth = 16<LI>Call Chain = KEY_Scan &rArr; KEY_Check
</UL>
<BR>[Calls]<UL><LI><a href="#[90]">&gt;&gt;</a>&nbsp;&nbsp;&nbsp;KEY_Check
</UL>
<BR>[Called By]<UL><LI><a href="#[5f]">&gt;&gt;</a>&nbsp;&nbsp;&nbsp;main
</UL>

<P><STRONG><a name="[91]"></a>LED_Init</STRONG> (Thumb, 126 bytes, Stack size 8 bytes, bsp_led.o(i.LED_Init))
<BR><BR>[Stack]<UL><LI>Max Depth = 32<LI>Call Chain = LED_Init &rArr; GPIO_Init
</UL>
<BR>[Calls]<UL><LI><a href="#[75]">&gt;&gt;</a>&nbsp;&nbsp;&nbsp;RCC_APB2PeriphClockCmd
<LI><a href="#[76]">&gt;&gt;</a>&nbsp;&nbsp;&nbsp;GPIO_Init
<LI><a href="#[79]">&gt;&gt;</a>&nbsp;&nbsp;&nbsp;GPIO_SetBits
</UL>
<BR>[Called By]<UL><LI><a href="#[5f]">&gt;&gt;</a>&nbsp;&nbsp;&nbsp;main
</UL>

<P><STRONG><a name="[92]"></a>MFU_CheckStatus</STRONG> (Thumb, 132 bytes, Stack size 8 bytes, bsp_mfu.o(i.MFU_CheckStatus))
<BR><BR>[Stack]<UL><LI>Max Depth = 8<LI>Call Chain = MFU_CheckStatus
</UL>
<BR>[Calls]<UL><LI><a href="#[77]">&gt;&gt;</a>&nbsp;&nbsp;&nbsp;GPIO_ResetBits
</UL>
<BR>[Called By]<UL><LI><a href="#[ad]">&gt;&gt;</a>&nbsp;&nbsp;&nbsp;TIM3_ISR_Callback
</UL>

<P><STRONG><a name="[93]"></a>MFU_GPIO_Init</STRONG> (Thumb, 78 bytes, Stack size 8 bytes, bsp_mfu.o(i.MFU_GPIO_Init))
<BR><BR>[Stack]<UL><LI>Max Depth = 32<LI>Call Chain = MFU_GPIO_Init &rArr; GPIO_Init
</UL>
<BR>[Calls]<UL><LI><a href="#[75]">&gt;&gt;</a>&nbsp;&nbsp;&nbsp;RCC_APB2PeriphClockCmd
<LI><a href="#[76]">&gt;&gt;</a>&nbsp;&nbsp;&nbsp;GPIO_Init
<LI><a href="#[79]">&gt;&gt;</a>&nbsp;&nbsp;&nbsp;GPIO_SetBits
</UL>
<BR>[Called By]<UL><LI><a href="#[5f]">&gt;&gt;</a>&nbsp;&nbsp;&nbsp;main
</UL>

<P><STRONG><a name="[db]"></a>MFU_TestCheck</STRONG> (Thumb, 78 bytes, Stack size 0 bytes, bsp.o(i.MFU_TestCheck))
<BR><BR>[Called By]<UL><LI><a href="#[5f]">&gt;&gt;</a>&nbsp;&nbsp;&nbsp;main
</UL>

<P><STRONG><a name="[8d]"></a>MFU_Test_Start</STRONG> (Thumb, 24 bytes, Stack size 8 bytes, bsp_mfu.o(i.MFU_Test_Start))
<BR><BR>[Stack]<UL><LI>Max Depth = 8<LI>Call Chain = MFU_Test_Start
</UL>
<BR>[Calls]<UL><LI><a href="#[79]">&gt;&gt;</a>&nbsp;&nbsp;&nbsp;GPIO_SetBits
</UL>
<BR>[Called By]<UL><LI><a href="#[44]">&gt;&gt;</a>&nbsp;&nbsp;&nbsp;KEY_MFU_DownLong
</UL>

<P><STRONG><a name="[b]"></a>MemManage_Handler</STRONG> (Thumb, 4 bytes, Stack size 0 bytes, stm32f10x_it.o(i.MemManage_Handler))
<BR>[Address Reference Count : 1]<UL><LI> startup_stm32f10x_md.o(RESET)
</UL>
<P><STRONG><a name="[94]"></a>NET_UDP_LoopBack</STRONG> (Thumb, 14 bytes, Stack size 8 bytes, bsp.o(i.NET_UDP_LoopBack))
<BR><BR>[Stack]<UL><LI>Max Depth = 144<LI>Call Chain = NET_UDP_LoopBack &rArr; W5500_UDP_LoopBack &rArr; sendto &rArr; wiz_send_data &rArr; WIZCHIP_WRITE_BUF
</UL>
<BR>[Calls]<UL><LI><a href="#[95]">&gt;&gt;</a>&nbsp;&nbsp;&nbsp;W5500_UDP_LoopBack
</UL>
<BR>[Called By]<UL><LI><a href="#[5f]">&gt;&gt;</a>&nbsp;&nbsp;&nbsp;main
</UL>

<P><STRONG><a name="[96]"></a>NET_UDP_SocketConfig</STRONG> (Thumb, 18 bytes, Stack size 8 bytes, bsp.o(i.NET_UDP_SocketConfig))
<BR><BR>[Stack]<UL><LI>Max Depth = 144<LI>Call Chain = NET_UDP_SocketConfig &rArr; W5500_Config &rArr; W5500_ParametersConfiguration &rArr; ctlwizchip &rArr; wizchip_init &rArr; wizchip_sw_reset &rArr; WIZCHIP_WRITE_BUF
</UL>
<BR>[Calls]<UL><LI><a href="#[98]">&gt;&gt;</a>&nbsp;&nbsp;&nbsp;W5500_UDP_SocketCreat
<LI><a href="#[97]">&gt;&gt;</a>&nbsp;&nbsp;&nbsp;W5500_Config
</UL>
<BR>[Called By]<UL><LI><a href="#[5f]">&gt;&gt;</a>&nbsp;&nbsp;&nbsp;main
</UL>

<P><STRONG><a name="[9]"></a>NMI_Handler</STRONG> (Thumb, 2 bytes, Stack size 0 bytes, stm32f10x_it.o(i.NMI_Handler))
<BR>[Address Reference Count : 1]<UL><LI> startup_stm32f10x_md.o(RESET)
</UL>
<P><STRONG><a name="[99]"></a>NVIC_Configuration</STRONG> (Thumb, 12 bytes, Stack size 8 bytes, sys.o(i.NVIC_Configuration))
<BR><BR>[Stack]<UL><LI>Max Depth = 8<LI>Call Chain = NVIC_Configuration
</UL>
<BR>[Calls]<UL><LI><a href="#[9a]">&gt;&gt;</a>&nbsp;&nbsp;&nbsp;NVIC_PriorityGroupConfig
</UL>
<BR>[Called By]<UL><LI><a href="#[5f]">&gt;&gt;</a>&nbsp;&nbsp;&nbsp;main
</UL>

<P><STRONG><a name="[80]"></a>NVIC_Init</STRONG> (Thumb, 100 bytes, Stack size 16 bytes, misc.o(i.NVIC_Init))
<BR><BR>[Stack]<UL><LI>Max Depth = 16<LI>Call Chain = NVIC_Init
</UL>
<BR>[Called By]<UL><LI><a href="#[b0]">&gt;&gt;</a>&nbsp;&nbsp;&nbsp;Time_Init
<LI><a href="#[7a]">&gt;&gt;</a>&nbsp;&nbsp;&nbsp;CAN_Configuration
</UL>

<P><STRONG><a name="[9a]"></a>NVIC_PriorityGroupConfig</STRONG> (Thumb, 10 bytes, Stack size 0 bytes, misc.o(i.NVIC_PriorityGroupConfig))
<BR><BR>[Called By]<UL><LI><a href="#[99]">&gt;&gt;</a>&nbsp;&nbsp;&nbsp;NVIC_Configuration
</UL>

<P><STRONG><a name="[10]"></a>PendSV_Handler</STRONG> (Thumb, 2 bytes, Stack size 0 bytes, stm32f10x_it.o(i.PendSV_Handler))
<BR>[Address Reference Count : 1]<UL><LI> startup_stm32f10x_md.o(RESET)
</UL>
<P><STRONG><a name="[7e]"></a>RCC_APB1PeriphClockCmd</STRONG> (Thumb, 26 bytes, Stack size 0 bytes, stm32f10x_rcc.o(i.RCC_APB1PeriphClockCmd))
<BR><BR>[Called By]<UL><LI><a href="#[9e]">&gt;&gt;</a>&nbsp;&nbsp;&nbsp;SPI2_Init
<LI><a href="#[b0]">&gt;&gt;</a>&nbsp;&nbsp;&nbsp;Time_Init
<LI><a href="#[7a]">&gt;&gt;</a>&nbsp;&nbsp;&nbsp;CAN_Configuration
</UL>

<P><STRONG><a name="[82]"></a>RCC_APB1PeriphResetCmd</STRONG> (Thumb, 26 bytes, Stack size 0 bytes, stm32f10x_rcc.o(i.RCC_APB1PeriphResetCmd))
<BR><BR>[Called By]<UL><LI><a href="#[ae]">&gt;&gt;</a>&nbsp;&nbsp;&nbsp;TIM_DeInit
<LI><a href="#[7b]">&gt;&gt;</a>&nbsp;&nbsp;&nbsp;CAN_DeInit
</UL>

<P><STRONG><a name="[75]"></a>RCC_APB2PeriphClockCmd</STRONG> (Thumb, 26 bytes, Stack size 0 bytes, stm32f10x_rcc.o(i.RCC_APB2PeriphClockCmd))
<BR><BR>[Called By]<UL><LI><a href="#[b6]">&gt;&gt;</a>&nbsp;&nbsp;&nbsp;W5500_RST_GPIO_Init
<LI><a href="#[9d]">&gt;&gt;</a>&nbsp;&nbsp;&nbsp;SPI2_GPIO_Init
<LI><a href="#[7d]">&gt;&gt;</a>&nbsp;&nbsp;&nbsp;CAN_GPIO_Init
<LI><a href="#[93]">&gt;&gt;</a>&nbsp;&nbsp;&nbsp;MFU_GPIO_Init
<LI><a href="#[91]">&gt;&gt;</a>&nbsp;&nbsp;&nbsp;LED_Init
<LI><a href="#[8b]">&gt;&gt;</a>&nbsp;&nbsp;&nbsp;KEY_Init
<LI><a href="#[74]">&gt;&gt;</a>&nbsp;&nbsp;&nbsp;BUZZER_Init
</UL>

<P><STRONG><a name="[af]"></a>RCC_APB2PeriphResetCmd</STRONG> (Thumb, 26 bytes, Stack size 0 bytes, stm32f10x_rcc.o(i.RCC_APB2PeriphResetCmd))
<BR><BR>[Called By]<UL><LI><a href="#[ae]">&gt;&gt;</a>&nbsp;&nbsp;&nbsp;TIM_DeInit
</UL>

<P><STRONG><a name="[9b]"></a>Receive_CAN_DataFrame</STRONG> (Thumb, 66 bytes, Stack size 24 bytes, bsp_can.o(i.Receive_CAN_DataFrame))
<BR><BR>[Stack]<UL><LI>Max Depth = 44<LI>Call Chain = Receive_CAN_DataFrame &rArr; CAN_RxMessage_Deal &rArr; Circuit_State_Set
</UL>
<BR>[Calls]<UL><LI><a href="#[9c]">&gt;&gt;</a>&nbsp;&nbsp;&nbsp;DataCheckSum
<LI><a href="#[87]">&gt;&gt;</a>&nbsp;&nbsp;&nbsp;CAN_RxMessage_Deal
</UL>
<BR>[Called By]<UL><LI><a href="#[26]">&gt;&gt;</a>&nbsp;&nbsp;&nbsp;USB_LP_CAN1_RX0_IRQHandler
</UL>

<P><STRONG><a name="[47]"></a>SPI2_CS_Deselect</STRONG> (Thumb, 14 bytes, Stack size 8 bytes, bsp_spi.o(i.SPI2_CS_Deselect))
<BR><BR>[Stack]<UL><LI>Max Depth = 8<LI>Call Chain = SPI2_CS_Deselect
</UL>
<BR>[Calls]<UL><LI><a href="#[79]">&gt;&gt;</a>&nbsp;&nbsp;&nbsp;GPIO_SetBits
</UL>
<BR>[Address Reference Count : 1]<UL><LI> bsp_net.o(i.W5500_RegisterFunction)
</UL>
<P><STRONG><a name="[48]"></a>SPI2_CS_Select</STRONG> (Thumb, 14 bytes, Stack size 8 bytes, bsp_spi.o(i.SPI2_CS_Select))
<BR><BR>[Stack]<UL><LI>Max Depth = 8<LI>Call Chain = SPI2_CS_Select
</UL>
<BR>[Calls]<UL><LI><a href="#[77]">&gt;&gt;</a>&nbsp;&nbsp;&nbsp;GPIO_ResetBits
</UL>
<BR>[Address Reference Count : 1]<UL><LI> bsp_net.o(i.W5500_RegisterFunction)
</UL>
<P><STRONG><a name="[9e]"></a>SPI2_Init</STRONG> (Thumb, 88 bytes, Stack size 24 bytes, bsp_spi.o(i.SPI2_Init))
<BR><BR>[Stack]<UL><LI>Max Depth = 56<LI>Call Chain = SPI2_Init &rArr; SPI2_GPIO_Init &rArr; GPIO_Init
</UL>
<BR>[Calls]<UL><LI><a href="#[9f]">&gt;&gt;</a>&nbsp;&nbsp;&nbsp;SPI_Init
<LI><a href="#[a0]">&gt;&gt;</a>&nbsp;&nbsp;&nbsp;SPI_Cmd
<LI><a href="#[9d]">&gt;&gt;</a>&nbsp;&nbsp;&nbsp;SPI2_GPIO_Init
<LI><a href="#[7e]">&gt;&gt;</a>&nbsp;&nbsp;&nbsp;RCC_APB1PeriphClockCmd
</UL>
<BR>[Called By]<UL><LI><a href="#[97]">&gt;&gt;</a>&nbsp;&nbsp;&nbsp;W5500_Config
</UL>

<P><STRONG><a name="[4a]"></a>SPI2_ReadByte</STRONG> (Thumb, 48 bytes, Stack size 8 bytes, bsp_spi.o(i.SPI2_ReadByte))
<BR><BR>[Stack]<UL><LI>Max Depth = 8<LI>Call Chain = SPI2_ReadByte
</UL>
<BR>[Calls]<UL><LI><a href="#[a2]">&gt;&gt;</a>&nbsp;&nbsp;&nbsp;SPI_I2S_SendData
<LI><a href="#[a3]">&gt;&gt;</a>&nbsp;&nbsp;&nbsp;SPI_I2S_ReceiveData
<LI><a href="#[a1]">&gt;&gt;</a>&nbsp;&nbsp;&nbsp;SPI_I2S_GetFlagStatus
</UL>
<BR>[Address Reference Count : 1]<UL><LI> bsp_net.o(i.W5500_RegisterFunction)
</UL>
<P><STRONG><a name="[49]"></a>SPI2_WriteByte</STRONG> (Thumb, 48 bytes, Stack size 8 bytes, bsp_spi.o(i.SPI2_WriteByte))
<BR><BR>[Stack]<UL><LI>Max Depth = 8<LI>Call Chain = SPI2_WriteByte
</UL>
<BR>[Calls]<UL><LI><a href="#[a2]">&gt;&gt;</a>&nbsp;&nbsp;&nbsp;SPI_I2S_SendData
<LI><a href="#[a3]">&gt;&gt;</a>&nbsp;&nbsp;&nbsp;SPI_I2S_ReceiveData
<LI><a href="#[a1]">&gt;&gt;</a>&nbsp;&nbsp;&nbsp;SPI_I2S_GetFlagStatus
</UL>
<BR>[Address Reference Count : 1]<UL><LI> bsp_net.o(i.W5500_RegisterFunction)
</UL>
<P><STRONG><a name="[a0]"></a>SPI_Cmd</STRONG> (Thumb, 24 bytes, Stack size 0 bytes, stm32f10x_spi.o(i.SPI_Cmd))
<BR><BR>[Called By]<UL><LI><a href="#[9e]">&gt;&gt;</a>&nbsp;&nbsp;&nbsp;SPI2_Init
</UL>

<P><STRONG><a name="[46]"></a>SPI_CrisEnter</STRONG> (Thumb, 10 bytes, Stack size 0 bytes, bsp_spi.o(i.SPI_CrisEnter))
<BR>[Address Reference Count : 1]<UL><LI> bsp_net.o(i.W5500_RegisterFunction)
</UL>
<P><STRONG><a name="[45]"></a>SPI_CrisExit</STRONG> (Thumb, 10 bytes, Stack size 0 bytes, bsp_spi.o(i.SPI_CrisExit))
<BR>[Address Reference Count : 1]<UL><LI> bsp_net.o(i.W5500_RegisterFunction)
</UL>
<P><STRONG><a name="[a1]"></a>SPI_I2S_GetFlagStatus</STRONG> (Thumb, 18 bytes, Stack size 0 bytes, stm32f10x_spi.o(i.SPI_I2S_GetFlagStatus))
<BR><BR>[Called By]<UL><LI><a href="#[49]">&gt;&gt;</a>&nbsp;&nbsp;&nbsp;SPI2_WriteByte
<LI><a href="#[4a]">&gt;&gt;</a>&nbsp;&nbsp;&nbsp;SPI2_ReadByte
</UL>

<P><STRONG><a name="[a3]"></a>SPI_I2S_ReceiveData</STRONG> (Thumb, 6 bytes, Stack size 0 bytes, stm32f10x_spi.o(i.SPI_I2S_ReceiveData))
<BR><BR>[Called By]<UL><LI><a href="#[49]">&gt;&gt;</a>&nbsp;&nbsp;&nbsp;SPI2_WriteByte
<LI><a href="#[4a]">&gt;&gt;</a>&nbsp;&nbsp;&nbsp;SPI2_ReadByte
</UL>

<P><STRONG><a name="[a2]"></a>SPI_I2S_SendData</STRONG> (Thumb, 4 bytes, Stack size 0 bytes, stm32f10x_spi.o(i.SPI_I2S_SendData))
<BR><BR>[Called By]<UL><LI><a href="#[49]">&gt;&gt;</a>&nbsp;&nbsp;&nbsp;SPI2_WriteByte
<LI><a href="#[4a]">&gt;&gt;</a>&nbsp;&nbsp;&nbsp;SPI2_ReadByte
</UL>

<P><STRONG><a name="[9f]"></a>SPI_Init</STRONG> (Thumb, 60 bytes, Stack size 8 bytes, stm32f10x_spi.o(i.SPI_Init))
<BR><BR>[Stack]<UL><LI>Max Depth = 8<LI>Call Chain = SPI_Init
</UL>
<BR>[Called By]<UL><LI><a href="#[9e]">&gt;&gt;</a>&nbsp;&nbsp;&nbsp;SPI2_Init
</UL>

<P><STRONG><a name="[e]"></a>SVC_Handler</STRONG> (Thumb, 2 bytes, Stack size 0 bytes, stm32f10x_it.o(i.SVC_Handler))
<BR>[Address Reference Count : 1]<UL><LI> startup_stm32f10x_md.o(RESET)
</UL>
<P><STRONG><a name="[8e]"></a>SYS_RESET</STRONG> (Thumb, 68 bytes, Stack size 0 bytes, bsp.o(i.SYS_RESET))
<BR><BR>[Called By]<UL><LI><a href="#[40]">&gt;&gt;</a>&nbsp;&nbsp;&nbsp;KEY_RST_Down
</UL>

<P><STRONG><a name="[86]"></a>Send_CAN_DataFrame</STRONG> (Thumb, 136 bytes, Stack size 56 bytes, bsp_can.o(i.Send_CAN_DataFrame))
<BR><BR>[Stack]<UL><LI>Max Depth = 64<LI>Call Chain = Send_CAN_DataFrame &rArr; CAN_TransmitStatus
</UL>
<BR>[Calls]<UL><LI><a href="#[a5]">&gt;&gt;</a>&nbsp;&nbsp;&nbsp;CAN_TransmitStatus
<LI><a href="#[a4]">&gt;&gt;</a>&nbsp;&nbsp;&nbsp;CAN_Transmit
<LI><a href="#[a6]">&gt;&gt;</a>&nbsp;&nbsp;&nbsp;CAN_CancelTransmit
</UL>
<BR>[Called By]<UL><LI><a href="#[85]">&gt;&gt;</a>&nbsp;&nbsp;&nbsp;CAN_Respone_SendCheck
</UL>

<P><STRONG><a name="[d9]"></a>SysTick_CLKSourceConfig</STRONG> (Thumb, 40 bytes, Stack size 0 bytes, misc.o(i.SysTick_CLKSourceConfig))
<BR><BR>[Called By]<UL><LI><a href="#[d8]">&gt;&gt;</a>&nbsp;&nbsp;&nbsp;delay_init
</UL>

<P><STRONG><a name="[11]"></a>SysTick_Handler</STRONG> (Thumb, 2 bytes, Stack size 0 bytes, stm32f10x_it.o(i.SysTick_Handler))
<BR>[Address Reference Count : 1]<UL><LI> startup_stm32f10x_md.o(RESET)
</UL>
<P><STRONG><a name="[3d]"></a>SystemInit</STRONG> (Thumb, 78 bytes, Stack size 8 bytes, system_stm32f10x.o(i.SystemInit))
<BR><BR>[Stack]<UL><LI>Max Depth = 28<LI>Call Chain = SystemInit &rArr; SetSysClock &rArr; SetSysClockTo72
</UL>
<BR>[Calls]<UL><LI><a href="#[a7]">&gt;&gt;</a>&nbsp;&nbsp;&nbsp;SetSysClock
</UL>
<BR>[Called By]<UL><LI><a href="#[5f]">&gt;&gt;</a>&nbsp;&nbsp;&nbsp;main
</UL>
<BR>[Address Reference Count : 1]<UL><LI> startup_stm32f10x_md.o(.text)
</UL>
<P><STRONG><a name="[a9]"></a>TEST_Finish_Check</STRONG> (Thumb, 34 bytes, Stack size 8 bytes, bsp.o(i.TEST_Finish_Check))
<BR><BR>[Stack]<UL><LI>Max Depth = 16<LI>Call Chain = TEST_Finish_Check &rArr; BUZZER_Ring
</UL>
<BR>[Calls]<UL><LI><a href="#[77]">&gt;&gt;</a>&nbsp;&nbsp;&nbsp;GPIO_ResetBits
<LI><a href="#[78]">&gt;&gt;</a>&nbsp;&nbsp;&nbsp;BUZZER_Ring
<LI><a href="#[89]">&gt;&gt;</a>&nbsp;&nbsp;&nbsp;FaultLed_Refresh
</UL>
<BR>[Called By]<UL><LI><a href="#[5f]">&gt;&gt;</a>&nbsp;&nbsp;&nbsp;main
</UL>

<P><STRONG><a name="[2e]"></a>TIM2_IRQHandler</STRONG> (Thumb, 26 bytes, Stack size 8 bytes, bsp_time.o(i.TIM2_IRQHandler))
<BR><BR>[Stack]<UL><LI>Max Depth = 20<LI>Call Chain = TIM2_IRQHandler &rArr; TIM_GetITStatus
</UL>
<BR>[Calls]<UL><LI><a href="#[aa]">&gt;&gt;</a>&nbsp;&nbsp;&nbsp;TIM_GetITStatus
<LI><a href="#[ab]">&gt;&gt;</a>&nbsp;&nbsp;&nbsp;TIM_ClearITPendingBit
<LI><a href="#[ac]">&gt;&gt;</a>&nbsp;&nbsp;&nbsp;TIM2_ISR_Callback
</UL>
<BR>[Address Reference Count : 1]<UL><LI> startup_stm32f10x_md.o(RESET)
</UL>
<P><STRONG><a name="[2f]"></a>TIM3_IRQHandler</STRONG> (Thumb, 26 bytes, Stack size 8 bytes, bsp_time.o(i.TIM3_IRQHandler))
<BR><BR>[Stack]<UL><LI>Max Depth = 24<LI>Call Chain = TIM3_IRQHandler &rArr; TIM3_ISR_Callback &rArr; MFU_CheckStatus
</UL>
<BR>[Calls]<UL><LI><a href="#[aa]">&gt;&gt;</a>&nbsp;&nbsp;&nbsp;TIM_GetITStatus
<LI><a href="#[ab]">&gt;&gt;</a>&nbsp;&nbsp;&nbsp;TIM_ClearITPendingBit
<LI><a href="#[ad]">&gt;&gt;</a>&nbsp;&nbsp;&nbsp;TIM3_ISR_Callback
</UL>
<BR>[Address Reference Count : 1]<UL><LI> startup_stm32f10x_md.o(RESET)
</UL>
<P><STRONG><a name="[b2]"></a>TIM_ClearFlag</STRONG> (Thumb, 6 bytes, Stack size 0 bytes, stm32f10x_tim.o(i.TIM_ClearFlag))
<BR><BR>[Called By]<UL><LI><a href="#[b0]">&gt;&gt;</a>&nbsp;&nbsp;&nbsp;Time_Init
</UL>

<P><STRONG><a name="[ab]"></a>TIM_ClearITPendingBit</STRONG> (Thumb, 6 bytes, Stack size 0 bytes, stm32f10x_tim.o(i.TIM_ClearITPendingBit))
<BR><BR>[Called By]<UL><LI><a href="#[2f]">&gt;&gt;</a>&nbsp;&nbsp;&nbsp;TIM3_IRQHandler
<LI><a href="#[2e]">&gt;&gt;</a>&nbsp;&nbsp;&nbsp;TIM2_IRQHandler
</UL>

<P><STRONG><a name="[b4]"></a>TIM_Cmd</STRONG> (Thumb, 24 bytes, Stack size 0 bytes, stm32f10x_tim.o(i.TIM_Cmd))
<BR><BR>[Called By]<UL><LI><a href="#[b0]">&gt;&gt;</a>&nbsp;&nbsp;&nbsp;Time_Init
</UL>

<P><STRONG><a name="[ae]"></a>TIM_DeInit</STRONG> (Thumb, 424 bytes, Stack size 8 bytes, stm32f10x_tim.o(i.TIM_DeInit))
<BR><BR>[Stack]<UL><LI>Max Depth = 8<LI>Call Chain = TIM_DeInit
</UL>
<BR>[Calls]<UL><LI><a href="#[82]">&gt;&gt;</a>&nbsp;&nbsp;&nbsp;RCC_APB1PeriphResetCmd
<LI><a href="#[af]">&gt;&gt;</a>&nbsp;&nbsp;&nbsp;RCC_APB2PeriphResetCmd
</UL>
<BR>[Called By]<UL><LI><a href="#[b0]">&gt;&gt;</a>&nbsp;&nbsp;&nbsp;Time_Init
</UL>

<P><STRONG><a name="[aa]"></a>TIM_GetITStatus</STRONG> (Thumb, 34 bytes, Stack size 12 bytes, stm32f10x_tim.o(i.TIM_GetITStatus))
<BR><BR>[Stack]<UL><LI>Max Depth = 12<LI>Call Chain = TIM_GetITStatus
</UL>
<BR>[Called By]<UL><LI><a href="#[2f]">&gt;&gt;</a>&nbsp;&nbsp;&nbsp;TIM3_IRQHandler
<LI><a href="#[2e]">&gt;&gt;</a>&nbsp;&nbsp;&nbsp;TIM2_IRQHandler
</UL>

<P><STRONG><a name="[b3]"></a>TIM_ITConfig</STRONG> (Thumb, 18 bytes, Stack size 0 bytes, stm32f10x_tim.o(i.TIM_ITConfig))
<BR><BR>[Called By]<UL><LI><a href="#[b0]">&gt;&gt;</a>&nbsp;&nbsp;&nbsp;Time_Init
</UL>

<P><STRONG><a name="[b1]"></a>TIM_TimeBaseInit</STRONG> (Thumb, 122 bytes, Stack size 0 bytes, stm32f10x_tim.o(i.TIM_TimeBaseInit))
<BR><BR>[Called By]<UL><LI><a href="#[b0]">&gt;&gt;</a>&nbsp;&nbsp;&nbsp;Time_Init
</UL>

<P><STRONG><a name="[b0]"></a>Time_Init</STRONG> (Thumb, 210 bytes, Stack size 24 bytes, bsp_time.o(i.Time_Init))
<BR><BR>[Stack]<UL><LI>Max Depth = 40<LI>Call Chain = Time_Init &rArr; NVIC_Init
</UL>
<BR>[Calls]<UL><LI><a href="#[b1]">&gt;&gt;</a>&nbsp;&nbsp;&nbsp;TIM_TimeBaseInit
<LI><a href="#[b3]">&gt;&gt;</a>&nbsp;&nbsp;&nbsp;TIM_ITConfig
<LI><a href="#[ae]">&gt;&gt;</a>&nbsp;&nbsp;&nbsp;TIM_DeInit
<LI><a href="#[b4]">&gt;&gt;</a>&nbsp;&nbsp;&nbsp;TIM_Cmd
<LI><a href="#[b2]">&gt;&gt;</a>&nbsp;&nbsp;&nbsp;TIM_ClearFlag
<LI><a href="#[7e]">&gt;&gt;</a>&nbsp;&nbsp;&nbsp;RCC_APB1PeriphClockCmd
<LI><a href="#[80]">&gt;&gt;</a>&nbsp;&nbsp;&nbsp;NVIC_Init
</UL>
<BR>[Called By]<UL><LI><a href="#[5f]">&gt;&gt;</a>&nbsp;&nbsp;&nbsp;main
</UL>

<P><STRONG><a name="[26]"></a>USB_LP_CAN1_RX0_IRQHandler</STRONG> (Thumb, 82 bytes, Stack size 32 bytes, bsp_can.o(i.USB_LP_CAN1_RX0_IRQHandler))
<BR><BR>[Stack]<UL><LI>Max Depth = 76<LI>Call Chain = USB_LP_CAN1_RX0_IRQHandler &rArr; Receive_CAN_DataFrame &rArr; CAN_RxMessage_Deal &rArr; Circuit_State_Set
</UL>
<BR>[Calls]<UL><LI><a href="#[b5]">&gt;&gt;</a>&nbsp;&nbsp;&nbsp;CAN_Receive
<LI><a href="#[9b]">&gt;&gt;</a>&nbsp;&nbsp;&nbsp;Receive_CAN_DataFrame
</UL>
<BR>[Address Reference Count : 1]<UL><LI> startup_stm32f10x_md.o(RESET)
</UL>
<P><STRONG><a name="[d]"></a>UsageFault_Handler</STRONG> (Thumb, 4 bytes, Stack size 0 bytes, stm32f10x_it.o(i.UsageFault_Handler))
<BR>[Address Reference Count : 1]<UL><LI> startup_stm32f10x_md.o(RESET)
</UL>
<P><STRONG><a name="[97]"></a>W5500_Config</STRONG> (Thumb, 24 bytes, Stack size 8 bytes, bsp_net.o(i.W5500_Config))
<BR><BR>[Stack]<UL><LI>Max Depth = 136<LI>Call Chain = W5500_Config &rArr; W5500_ParametersConfiguration &rArr; ctlwizchip &rArr; wizchip_init &rArr; wizchip_sw_reset &rArr; WIZCHIP_WRITE_BUF
</UL>
<BR>[Calls]<UL><LI><a href="#[b7]">&gt;&gt;</a>&nbsp;&nbsp;&nbsp;W5500_RegisterFunction
<LI><a href="#[b6]">&gt;&gt;</a>&nbsp;&nbsp;&nbsp;W5500_RST_GPIO_Init
<LI><a href="#[b8]">&gt;&gt;</a>&nbsp;&nbsp;&nbsp;W5500_ParametersConfiguration
<LI><a href="#[b9]">&gt;&gt;</a>&nbsp;&nbsp;&nbsp;W5500_NetworkConfiguration
<LI><a href="#[9e]">&gt;&gt;</a>&nbsp;&nbsp;&nbsp;SPI2_Init
</UL>
<BR>[Called By]<UL><LI><a href="#[96]">&gt;&gt;</a>&nbsp;&nbsp;&nbsp;NET_UDP_SocketConfig
</UL>

<P><STRONG><a name="[95]"></a>W5500_UDP_LoopBack</STRONG> (Thumb, 178 bytes, Stack size 40 bytes, bsp_net.o(i.W5500_UDP_LoopBack))
<BR><BR>[Stack]<UL><LI>Max Depth = 136<LI>Call Chain = W5500_UDP_LoopBack &rArr; sendto &rArr; wiz_send_data &rArr; WIZCHIP_WRITE_BUF
</UL>
<BR>[Calls]<UL><LI><a href="#[c3]">&gt;&gt;</a>&nbsp;&nbsp;&nbsp;socket
<LI><a href="#[c2]">&gt;&gt;</a>&nbsp;&nbsp;&nbsp;sendto
<LI><a href="#[c1]">&gt;&gt;</a>&nbsp;&nbsp;&nbsp;recvfrom
<LI><a href="#[c0]">&gt;&gt;</a>&nbsp;&nbsp;&nbsp;getSn_RX_RSR
<LI><a href="#[bf]">&gt;&gt;</a>&nbsp;&nbsp;&nbsp;WIZCHIP_READ
<LI><a href="#[68]">&gt;&gt;</a>&nbsp;&nbsp;&nbsp;free
<LI><a href="#[65]">&gt;&gt;</a>&nbsp;&nbsp;&nbsp;malloc
</UL>
<BR>[Called By]<UL><LI><a href="#[94]">&gt;&gt;</a>&nbsp;&nbsp;&nbsp;NET_UDP_LoopBack
</UL>

<P><STRONG><a name="[98]"></a>W5500_UDP_SocketCreat</STRONG> (Thumb, 42 bytes, Stack size 16 bytes, bsp_net.o(i.W5500_UDP_SocketCreat))
<BR><BR>[Stack]<UL><LI>Max Depth = 64<LI>Call Chain = W5500_UDP_SocketCreat &rArr; socket &rArr; WIZCHIP_READ_BUF
</UL>
<BR>[Calls]<UL><LI><a href="#[c3]">&gt;&gt;</a>&nbsp;&nbsp;&nbsp;socket
<LI><a href="#[bf]">&gt;&gt;</a>&nbsp;&nbsp;&nbsp;WIZCHIP_READ
</UL>
<BR>[Called By]<UL><LI><a href="#[96]">&gt;&gt;</a>&nbsp;&nbsp;&nbsp;NET_UDP_SocketConfig
</UL>

<P><STRONG><a name="[bf]"></a>WIZCHIP_READ</STRONG> (Thumb, 112 bytes, Stack size 16 bytes, w5500.o(i.WIZCHIP_READ))
<BR><BR>[Stack]<UL><LI>Max Depth = 16<LI>Call Chain = WIZCHIP_READ
</UL>
<BR>[Called By]<UL><LI><a href="#[98]">&gt;&gt;</a>&nbsp;&nbsp;&nbsp;W5500_UDP_SocketCreat
<LI><a href="#[95]">&gt;&gt;</a>&nbsp;&nbsp;&nbsp;W5500_UDP_LoopBack
<LI><a href="#[d5]">&gt;&gt;</a>&nbsp;&nbsp;&nbsp;wizphy_setphypmode
<LI><a href="#[d2]">&gt;&gt;</a>&nbsp;&nbsp;&nbsp;wizphy_reset
<LI><a href="#[d6]">&gt;&gt;</a>&nbsp;&nbsp;&nbsp;wizphy_getphypmode
<LI><a href="#[d7]">&gt;&gt;</a>&nbsp;&nbsp;&nbsp;wizphy_getphylink
<LI><a href="#[d4]">&gt;&gt;</a>&nbsp;&nbsp;&nbsp;wizphy_getphyconf
<LI><a href="#[cc]">&gt;&gt;</a>&nbsp;&nbsp;&nbsp;wizchip_sw_reset
<LI><a href="#[c8]">&gt;&gt;</a>&nbsp;&nbsp;&nbsp;wizchip_setnetmode
<LI><a href="#[cb]">&gt;&gt;</a>&nbsp;&nbsp;&nbsp;wizchip_gettimeout
<LI><a href="#[c9]">&gt;&gt;</a>&nbsp;&nbsp;&nbsp;wizchip_getnetmode
<LI><a href="#[d1]">&gt;&gt;</a>&nbsp;&nbsp;&nbsp;wizchip_getinterruptmask
<LI><a href="#[cf]">&gt;&gt;</a>&nbsp;&nbsp;&nbsp;wizchip_getinterrupt
<LI><a href="#[df]">&gt;&gt;</a>&nbsp;&nbsp;&nbsp;wiz_send_data
<LI><a href="#[dd]">&gt;&gt;</a>&nbsp;&nbsp;&nbsp;wiz_recv_ignore
<LI><a href="#[dc]">&gt;&gt;</a>&nbsp;&nbsp;&nbsp;wiz_recv_data
<LI><a href="#[da]">&gt;&gt;</a>&nbsp;&nbsp;&nbsp;getSn_TX_FSR
<LI><a href="#[c4]">&gt;&gt;</a>&nbsp;&nbsp;&nbsp;close
<LI><a href="#[c3]">&gt;&gt;</a>&nbsp;&nbsp;&nbsp;socket
<LI><a href="#[c2]">&gt;&gt;</a>&nbsp;&nbsp;&nbsp;sendto
<LI><a href="#[c1]">&gt;&gt;</a>&nbsp;&nbsp;&nbsp;recvfrom
<LI><a href="#[c0]">&gt;&gt;</a>&nbsp;&nbsp;&nbsp;getSn_RX_RSR
<LI><a href="#[bb]">&gt;&gt;</a>&nbsp;&nbsp;&nbsp;ctlwizchip
</UL>

<P><STRONG><a name="[e0]"></a>WIZCHIP_READ_BUF</STRONG> (Thumb, 136 bytes, Stack size 24 bytes, w5500.o(i.WIZCHIP_READ_BUF))
<BR><BR>[Stack]<UL><LI>Max Depth = 24<LI>Call Chain = WIZCHIP_READ_BUF
</UL>
<BR>[Called By]<UL><LI><a href="#[cc]">&gt;&gt;</a>&nbsp;&nbsp;&nbsp;wizchip_sw_reset
<LI><a href="#[c7]">&gt;&gt;</a>&nbsp;&nbsp;&nbsp;wizchip_getnetinfo
<LI><a href="#[dc]">&gt;&gt;</a>&nbsp;&nbsp;&nbsp;wiz_recv_data
<LI><a href="#[c3]">&gt;&gt;</a>&nbsp;&nbsp;&nbsp;socket
</UL>

<P><STRONG><a name="[c5]"></a>WIZCHIP_WRITE</STRONG> (Thumb, 112 bytes, Stack size 16 bytes, w5500.o(i.WIZCHIP_WRITE))
<BR><BR>[Stack]<UL><LI>Max Depth = 16<LI>Call Chain = WIZCHIP_WRITE
</UL>
<BR>[Called By]<UL><LI><a href="#[d5]">&gt;&gt;</a>&nbsp;&nbsp;&nbsp;wizphy_setphypmode
<LI><a href="#[d3]">&gt;&gt;</a>&nbsp;&nbsp;&nbsp;wizphy_setphyconf
<LI><a href="#[d2]">&gt;&gt;</a>&nbsp;&nbsp;&nbsp;wizphy_reset
<LI><a href="#[cc]">&gt;&gt;</a>&nbsp;&nbsp;&nbsp;wizchip_sw_reset
<LI><a href="#[ca]">&gt;&gt;</a>&nbsp;&nbsp;&nbsp;wizchip_settimeout
<LI><a href="#[c8]">&gt;&gt;</a>&nbsp;&nbsp;&nbsp;wizchip_setnetmode
<LI><a href="#[d0]">&gt;&gt;</a>&nbsp;&nbsp;&nbsp;wizchip_setinterruptmask
<LI><a href="#[cd]">&gt;&gt;</a>&nbsp;&nbsp;&nbsp;wizchip_init
<LI><a href="#[ce]">&gt;&gt;</a>&nbsp;&nbsp;&nbsp;wizchip_clrinterrupt
<LI><a href="#[df]">&gt;&gt;</a>&nbsp;&nbsp;&nbsp;wiz_send_data
<LI><a href="#[dd]">&gt;&gt;</a>&nbsp;&nbsp;&nbsp;wiz_recv_ignore
<LI><a href="#[dc]">&gt;&gt;</a>&nbsp;&nbsp;&nbsp;wiz_recv_data
<LI><a href="#[c4]">&gt;&gt;</a>&nbsp;&nbsp;&nbsp;close
<LI><a href="#[c3]">&gt;&gt;</a>&nbsp;&nbsp;&nbsp;socket
<LI><a href="#[c2]">&gt;&gt;</a>&nbsp;&nbsp;&nbsp;sendto
<LI><a href="#[c1]">&gt;&gt;</a>&nbsp;&nbsp;&nbsp;recvfrom
<LI><a href="#[bb]">&gt;&gt;</a>&nbsp;&nbsp;&nbsp;ctlwizchip
</UL>

<P><STRONG><a name="[de]"></a>WIZCHIP_WRITE_BUF</STRONG> (Thumb, 132 bytes, Stack size 24 bytes, w5500.o(i.WIZCHIP_WRITE_BUF))
<BR><BR>[Stack]<UL><LI>Max Depth = 24<LI>Call Chain = WIZCHIP_WRITE_BUF
</UL>
<BR>[Called By]<UL><LI><a href="#[cc]">&gt;&gt;</a>&nbsp;&nbsp;&nbsp;wizchip_sw_reset
<LI><a href="#[c6]">&gt;&gt;</a>&nbsp;&nbsp;&nbsp;wizchip_setnetinfo
<LI><a href="#[df]">&gt;&gt;</a>&nbsp;&nbsp;&nbsp;wiz_send_data
<LI><a href="#[c2]">&gt;&gt;</a>&nbsp;&nbsp;&nbsp;sendto
</UL>

<P><STRONG><a name="[c4]"></a>close</STRONG> (Thumb, 142 bytes, Stack size 8 bytes, socket.o(i.close))
<BR><BR>[Stack]<UL><LI>Max Depth = 24<LI>Call Chain = close &rArr; WIZCHIP_WRITE
</UL>
<BR>[Calls]<UL><LI><a href="#[c5]">&gt;&gt;</a>&nbsp;&nbsp;&nbsp;WIZCHIP_WRITE
<LI><a href="#[bf]">&gt;&gt;</a>&nbsp;&nbsp;&nbsp;WIZCHIP_READ
</UL>
<BR>[Called By]<UL><LI><a href="#[c3]">&gt;&gt;</a>&nbsp;&nbsp;&nbsp;socket
<LI><a href="#[c1]">&gt;&gt;</a>&nbsp;&nbsp;&nbsp;recvfrom
</UL>

<P><STRONG><a name="[ba]"></a>ctlnetwork</STRONG> (Thumb, 80 bytes, Stack size 16 bytes, wizchip_conf.o(i.ctlnetwork))
<BR><BR>[Stack]<UL><LI>Max Depth = 48<LI>Call Chain = ctlnetwork &rArr; wizchip_setnetmode &rArr; WIZCHIP_WRITE
</UL>
<BR>[Calls]<UL><LI><a href="#[ca]">&gt;&gt;</a>&nbsp;&nbsp;&nbsp;wizchip_settimeout
<LI><a href="#[c8]">&gt;&gt;</a>&nbsp;&nbsp;&nbsp;wizchip_setnetmode
<LI><a href="#[c6]">&gt;&gt;</a>&nbsp;&nbsp;&nbsp;wizchip_setnetinfo
<LI><a href="#[cb]">&gt;&gt;</a>&nbsp;&nbsp;&nbsp;wizchip_gettimeout
<LI><a href="#[c9]">&gt;&gt;</a>&nbsp;&nbsp;&nbsp;wizchip_getnetmode
<LI><a href="#[c7]">&gt;&gt;</a>&nbsp;&nbsp;&nbsp;wizchip_getnetinfo
</UL>
<BR>[Called By]<UL><LI><a href="#[b9]">&gt;&gt;</a>&nbsp;&nbsp;&nbsp;W5500_NetworkConfiguration
</UL>

<P><STRONG><a name="[bb]"></a>ctlwizchip</STRONG> (Thumb, 276 bytes, Stack size 32 bytes, wizchip_conf.o(i.ctlwizchip))
<BR><BR>[Stack]<UL><LI>Max Depth = 104<LI>Call Chain = ctlwizchip &rArr; wizchip_init &rArr; wizchip_sw_reset &rArr; WIZCHIP_WRITE_BUF
</UL>
<BR>[Calls]<UL><LI><a href="#[d5]">&gt;&gt;</a>&nbsp;&nbsp;&nbsp;wizphy_setphypmode
<LI><a href="#[d3]">&gt;&gt;</a>&nbsp;&nbsp;&nbsp;wizphy_setphyconf
<LI><a href="#[d2]">&gt;&gt;</a>&nbsp;&nbsp;&nbsp;wizphy_reset
<LI><a href="#[d6]">&gt;&gt;</a>&nbsp;&nbsp;&nbsp;wizphy_getphypmode
<LI><a href="#[d7]">&gt;&gt;</a>&nbsp;&nbsp;&nbsp;wizphy_getphylink
<LI><a href="#[d4]">&gt;&gt;</a>&nbsp;&nbsp;&nbsp;wizphy_getphyconf
<LI><a href="#[cc]">&gt;&gt;</a>&nbsp;&nbsp;&nbsp;wizchip_sw_reset
<LI><a href="#[d0]">&gt;&gt;</a>&nbsp;&nbsp;&nbsp;wizchip_setinterruptmask
<LI><a href="#[cd]">&gt;&gt;</a>&nbsp;&nbsp;&nbsp;wizchip_init
<LI><a href="#[d1]">&gt;&gt;</a>&nbsp;&nbsp;&nbsp;wizchip_getinterruptmask
<LI><a href="#[cf]">&gt;&gt;</a>&nbsp;&nbsp;&nbsp;wizchip_getinterrupt
<LI><a href="#[ce]">&gt;&gt;</a>&nbsp;&nbsp;&nbsp;wizchip_clrinterrupt
<LI><a href="#[c5]">&gt;&gt;</a>&nbsp;&nbsp;&nbsp;WIZCHIP_WRITE
<LI><a href="#[bf]">&gt;&gt;</a>&nbsp;&nbsp;&nbsp;WIZCHIP_READ
</UL>
<BR>[Called By]<UL><LI><a href="#[b8]">&gt;&gt;</a>&nbsp;&nbsp;&nbsp;W5500_ParametersConfiguration
</UL>

<P><STRONG><a name="[d8]"></a>delay_init</STRONG> (Thumb, 52 bytes, Stack size 8 bytes, delay.o(i.delay_init))
<BR><BR>[Stack]<UL><LI>Max Depth = 8<LI>Call Chain = delay_init
</UL>
<BR>[Calls]<UL><LI><a href="#[d9]">&gt;&gt;</a>&nbsp;&nbsp;&nbsp;SysTick_CLKSourceConfig
</UL>
<BR>[Called By]<UL><LI><a href="#[5f]">&gt;&gt;</a>&nbsp;&nbsp;&nbsp;main
</UL>

<P><STRONG><a name="[c0]"></a>getSn_RX_RSR</STRONG> (Thumb, 108 bytes, Stack size 16 bytes, w5500.o(i.getSn_RX_RSR))
<BR><BR>[Stack]<UL><LI>Max Depth = 32<LI>Call Chain = getSn_RX_RSR &rArr; WIZCHIP_READ
</UL>
<BR>[Calls]<UL><LI><a href="#[bf]">&gt;&gt;</a>&nbsp;&nbsp;&nbsp;WIZCHIP_READ
</UL>
<BR>[Called By]<UL><LI><a href="#[95]">&gt;&gt;</a>&nbsp;&nbsp;&nbsp;W5500_UDP_LoopBack
<LI><a href="#[c1]">&gt;&gt;</a>&nbsp;&nbsp;&nbsp;recvfrom
</UL>

<P><STRONG><a name="[da]"></a>getSn_TX_FSR</STRONG> (Thumb, 108 bytes, Stack size 16 bytes, w5500.o(i.getSn_TX_FSR))
<BR><BR>[Stack]<UL><LI>Max Depth = 32<LI>Call Chain = getSn_TX_FSR &rArr; WIZCHIP_READ
</UL>
<BR>[Calls]<UL><LI><a href="#[bf]">&gt;&gt;</a>&nbsp;&nbsp;&nbsp;WIZCHIP_READ
</UL>
<BR>[Called By]<UL><LI><a href="#[c2]">&gt;&gt;</a>&nbsp;&nbsp;&nbsp;sendto
</UL>

<P><STRONG><a name="[5f]"></a>main</STRONG> (Thumb, 72 bytes, Stack size 0 bytes, main.o(i.main))
<BR><BR>[Stack]<UL><LI>Max Depth = 144<LI>Call Chain = main &rArr; NET_UDP_SocketConfig &rArr; W5500_Config &rArr; W5500_ParametersConfiguration &rArr; ctlwizchip &rArr; wizchip_init &rArr; wizchip_sw_reset &rArr; WIZCHIP_WRITE_BUF
</UL>
<BR>[Calls]<UL><LI><a href="#[d8]">&gt;&gt;</a>&nbsp;&nbsp;&nbsp;delay_init
<LI><a href="#[b0]">&gt;&gt;</a>&nbsp;&nbsp;&nbsp;Time_Init
<LI><a href="#[a9]">&gt;&gt;</a>&nbsp;&nbsp;&nbsp;TEST_Finish_Check
<LI><a href="#[3d]">&gt;&gt;</a>&nbsp;&nbsp;&nbsp;SystemInit
<LI><a href="#[99]">&gt;&gt;</a>&nbsp;&nbsp;&nbsp;NVIC_Configuration
<LI><a href="#[96]">&gt;&gt;</a>&nbsp;&nbsp;&nbsp;NET_UDP_SocketConfig
<LI><a href="#[94]">&gt;&gt;</a>&nbsp;&nbsp;&nbsp;NET_UDP_LoopBack
<LI><a href="#[db]">&gt;&gt;</a>&nbsp;&nbsp;&nbsp;MFU_TestCheck
<LI><a href="#[93]">&gt;&gt;</a>&nbsp;&nbsp;&nbsp;MFU_GPIO_Init
<LI><a href="#[91]">&gt;&gt;</a>&nbsp;&nbsp;&nbsp;LED_Init
<LI><a href="#[8f]">&gt;&gt;</a>&nbsp;&nbsp;&nbsp;KEY_Scan
<LI><a href="#[8b]">&gt;&gt;</a>&nbsp;&nbsp;&nbsp;KEY_Init
<LI><a href="#[85]">&gt;&gt;</a>&nbsp;&nbsp;&nbsp;CAN_Respone_SendCheck
<LI><a href="#[7a]">&gt;&gt;</a>&nbsp;&nbsp;&nbsp;CAN_Configuration
<LI><a href="#[74]">&gt;&gt;</a>&nbsp;&nbsp;&nbsp;BUZZER_Init
</UL>
<BR>[Called By]<UL><LI><a href="#[5e]">&gt;&gt;</a>&nbsp;&nbsp;&nbsp;__rt_entry_main
</UL>

<P><STRONG><a name="[c1]"></a>recvfrom</STRONG> (Thumb, 608 bytes, Stack size 40 bytes, socket.o(i.recvfrom))
<BR><BR>[Stack]<UL><LI>Max Depth = 96<LI>Call Chain = recvfrom &rArr; wiz_recv_data &rArr; WIZCHIP_READ_BUF
</UL>
<BR>[Calls]<UL><LI><a href="#[dd]">&gt;&gt;</a>&nbsp;&nbsp;&nbsp;wiz_recv_ignore
<LI><a href="#[dc]">&gt;&gt;</a>&nbsp;&nbsp;&nbsp;wiz_recv_data
<LI><a href="#[c5]">&gt;&gt;</a>&nbsp;&nbsp;&nbsp;WIZCHIP_WRITE
<LI><a href="#[c4]">&gt;&gt;</a>&nbsp;&nbsp;&nbsp;close
<LI><a href="#[c0]">&gt;&gt;</a>&nbsp;&nbsp;&nbsp;getSn_RX_RSR
<LI><a href="#[bf]">&gt;&gt;</a>&nbsp;&nbsp;&nbsp;WIZCHIP_READ
</UL>
<BR>[Called By]<UL><LI><a href="#[95]">&gt;&gt;</a>&nbsp;&nbsp;&nbsp;W5500_UDP_LoopBack
</UL>

<P><STRONG><a name="[bc]"></a>reg_wizchip_cris_cbfunc</STRONG> (Thumb, 26 bytes, Stack size 0 bytes, wizchip_conf.o(i.reg_wizchip_cris_cbfunc))
<BR><BR>[Called By]<UL><LI><a href="#[b7]">&gt;&gt;</a>&nbsp;&nbsp;&nbsp;W5500_RegisterFunction
</UL>

<P><STRONG><a name="[bd]"></a>reg_wizchip_cs_cbfunc</STRONG> (Thumb, 26 bytes, Stack size 0 bytes, wizchip_conf.o(i.reg_wizchip_cs_cbfunc))
<BR><BR>[Called By]<UL><LI><a href="#[b7]">&gt;&gt;</a>&nbsp;&nbsp;&nbsp;W5500_RegisterFunction
</UL>

<P><STRONG><a name="[be]"></a>reg_wizchip_spi_cbfunc</STRONG> (Thumb, 40 bytes, Stack size 0 bytes, wizchip_conf.o(i.reg_wizchip_spi_cbfunc))
<BR><BR>[Called By]<UL><LI><a href="#[b7]">&gt;&gt;</a>&nbsp;&nbsp;&nbsp;W5500_RegisterFunction
</UL>

<P><STRONG><a name="[c2]"></a>sendto</STRONG> (Thumb, 516 bytes, Stack size 40 bytes, socket.o(i.sendto))
<BR><BR>[Stack]<UL><LI>Max Depth = 96<LI>Call Chain = sendto &rArr; wiz_send_data &rArr; WIZCHIP_WRITE_BUF
</UL>
<BR>[Calls]<UL><LI><a href="#[df]">&gt;&gt;</a>&nbsp;&nbsp;&nbsp;wiz_send_data
<LI><a href="#[da]">&gt;&gt;</a>&nbsp;&nbsp;&nbsp;getSn_TX_FSR
<LI><a href="#[de]">&gt;&gt;</a>&nbsp;&nbsp;&nbsp;WIZCHIP_WRITE_BUF
<LI><a href="#[c5]">&gt;&gt;</a>&nbsp;&nbsp;&nbsp;WIZCHIP_WRITE
<LI><a href="#[bf]">&gt;&gt;</a>&nbsp;&nbsp;&nbsp;WIZCHIP_READ
</UL>
<BR>[Called By]<UL><LI><a href="#[95]">&gt;&gt;</a>&nbsp;&nbsp;&nbsp;W5500_UDP_LoopBack
</UL>

<P><STRONG><a name="[c3]"></a>socket</STRONG> (Thumb, 378 bytes, Stack size 24 bytes, socket.o(i.socket))
<BR><BR>[Stack]<UL><LI>Max Depth = 48<LI>Call Chain = socket &rArr; WIZCHIP_READ_BUF
</UL>
<BR>[Calls]<UL><LI><a href="#[c5]">&gt;&gt;</a>&nbsp;&nbsp;&nbsp;WIZCHIP_WRITE
<LI><a href="#[e0]">&gt;&gt;</a>&nbsp;&nbsp;&nbsp;WIZCHIP_READ_BUF
<LI><a href="#[c4]">&gt;&gt;</a>&nbsp;&nbsp;&nbsp;close
<LI><a href="#[bf]">&gt;&gt;</a>&nbsp;&nbsp;&nbsp;WIZCHIP_READ
</UL>
<BR>[Called By]<UL><LI><a href="#[98]">&gt;&gt;</a>&nbsp;&nbsp;&nbsp;W5500_UDP_SocketCreat
<LI><a href="#[95]">&gt;&gt;</a>&nbsp;&nbsp;&nbsp;W5500_UDP_LoopBack
</UL>

<P><STRONG><a name="[dc]"></a>wiz_recv_data</STRONG> (Thumb, 132 bytes, Stack size 32 bytes, w5500.o(i.wiz_recv_data))
<BR><BR>[Stack]<UL><LI>Max Depth = 56<LI>Call Chain = wiz_recv_data &rArr; WIZCHIP_READ_BUF
</UL>
<BR>[Calls]<UL><LI><a href="#[c5]">&gt;&gt;</a>&nbsp;&nbsp;&nbsp;WIZCHIP_WRITE
<LI><a href="#[e0]">&gt;&gt;</a>&nbsp;&nbsp;&nbsp;WIZCHIP_READ_BUF
<LI><a href="#[bf]">&gt;&gt;</a>&nbsp;&nbsp;&nbsp;WIZCHIP_READ
</UL>
<BR>[Called By]<UL><LI><a href="#[c1]">&gt;&gt;</a>&nbsp;&nbsp;&nbsp;recvfrom
</UL>

<P><STRONG><a name="[dd]"></a>wiz_recv_ignore</STRONG> (Thumb, 102 bytes, Stack size 24 bytes, w5500.o(i.wiz_recv_ignore))
<BR><BR>[Stack]<UL><LI>Max Depth = 40<LI>Call Chain = wiz_recv_ignore &rArr; WIZCHIP_WRITE
</UL>
<BR>[Calls]<UL><LI><a href="#[c5]">&gt;&gt;</a>&nbsp;&nbsp;&nbsp;WIZCHIP_WRITE
<LI><a href="#[bf]">&gt;&gt;</a>&nbsp;&nbsp;&nbsp;WIZCHIP_READ
</UL>
<BR>[Called By]<UL><LI><a href="#[c1]">&gt;&gt;</a>&nbsp;&nbsp;&nbsp;recvfrom
</UL>

<P><STRONG><a name="[df]"></a>wiz_send_data</STRONG> (Thumb, 132 bytes, Stack size 32 bytes, w5500.o(i.wiz_send_data))
<BR><BR>[Stack]<UL><LI>Max Depth = 56<LI>Call Chain = wiz_send_data &rArr; WIZCHIP_WRITE_BUF
</UL>
<BR>[Calls]<UL><LI><a href="#[de]">&gt;&gt;</a>&nbsp;&nbsp;&nbsp;WIZCHIP_WRITE_BUF
<LI><a href="#[c5]">&gt;&gt;</a>&nbsp;&nbsp;&nbsp;WIZCHIP_WRITE
<LI><a href="#[bf]">&gt;&gt;</a>&nbsp;&nbsp;&nbsp;WIZCHIP_READ
</UL>
<BR>[Called By]<UL><LI><a href="#[c2]">&gt;&gt;</a>&nbsp;&nbsp;&nbsp;sendto
</UL>

<P><STRONG><a name="[51]"></a>wizchip_bus_readdata</STRONG> (Thumb, 6 bytes, Stack size 0 bytes, wizchip_conf.o(i.wizchip_bus_readdata))
<BR>[Address Reference Count : 1]<UL><LI> wizchip_conf.o(.data)
</UL>
<P><STRONG><a name="[52]"></a>wizchip_bus_writedata</STRONG> (Thumb, 4 bytes, Stack size 0 bytes, wizchip_conf.o(i.wizchip_bus_writedata))
<BR>[Address Reference Count : 1]<UL><LI> wizchip_conf.o(.data)
</UL>
<P><STRONG><a name="[ce]"></a>wizchip_clrinterrupt</STRONG> (Thumb, 32 bytes, Stack size 16 bytes, wizchip_conf.o(i.wizchip_clrinterrupt))
<BR><BR>[Stack]<UL><LI>Max Depth = 32<LI>Call Chain = wizchip_clrinterrupt &rArr; WIZCHIP_WRITE
</UL>
<BR>[Calls]<UL><LI><a href="#[c5]">&gt;&gt;</a>&nbsp;&nbsp;&nbsp;WIZCHIP_WRITE
</UL>
<BR>[Called By]<UL><LI><a href="#[bb]">&gt;&gt;</a>&nbsp;&nbsp;&nbsp;ctlwizchip
</UL>

<P><STRONG><a name="[4b]"></a>wizchip_cris_enter</STRONG> (Thumb, 2 bytes, Stack size 0 bytes, wizchip_conf.o(i.wizchip_cris_enter))
<BR>[Address Reference Count : 2]<UL><LI> wizchip_conf.o(i.reg_wizchip_cris_cbfunc)
<LI> wizchip_conf.o(.data)
</UL>
<P><STRONG><a name="[4c]"></a>wizchip_cris_exit</STRONG> (Thumb, 2 bytes, Stack size 0 bytes, wizchip_conf.o(i.wizchip_cris_exit))
<BR>[Address Reference Count : 2]<UL><LI> wizchip_conf.o(i.reg_wizchip_cris_cbfunc)
<LI> wizchip_conf.o(.data)
</UL>
<P><STRONG><a name="[4e]"></a>wizchip_cs_deselect</STRONG> (Thumb, 2 bytes, Stack size 0 bytes, wizchip_conf.o(i.wizchip_cs_deselect))
<BR>[Address Reference Count : 2]<UL><LI> wizchip_conf.o(i.reg_wizchip_cs_cbfunc)
<LI> wizchip_conf.o(.data)
</UL>
<P><STRONG><a name="[4d]"></a>wizchip_cs_select</STRONG> (Thumb, 2 bytes, Stack size 0 bytes, wizchip_conf.o(i.wizchip_cs_select))
<BR>[Address Reference Count : 2]<UL><LI> wizchip_conf.o(i.reg_wizchip_cs_cbfunc)
<LI> wizchip_conf.o(.data)
</UL>
<P><STRONG><a name="[cf]"></a>wizchip_getinterrupt</STRONG> (Thumb, 42 bytes, Stack size 16 bytes, wizchip_conf.o(i.wizchip_getinterrupt))
<BR><BR>[Stack]<UL><LI>Max Depth = 32<LI>Call Chain = wizchip_getinterrupt &rArr; WIZCHIP_READ
</UL>
<BR>[Calls]<UL><LI><a href="#[bf]">&gt;&gt;</a>&nbsp;&nbsp;&nbsp;WIZCHIP_READ
</UL>
<BR>[Called By]<UL><LI><a href="#[bb]">&gt;&gt;</a>&nbsp;&nbsp;&nbsp;ctlwizchip
</UL>

<P><STRONG><a name="[d1]"></a>wizchip_getinterruptmask</STRONG> (Thumb, 40 bytes, Stack size 16 bytes, wizchip_conf.o(i.wizchip_getinterruptmask))
<BR><BR>[Stack]<UL><LI>Max Depth = 32<LI>Call Chain = wizchip_getinterruptmask &rArr; WIZCHIP_READ
</UL>
<BR>[Calls]<UL><LI><a href="#[bf]">&gt;&gt;</a>&nbsp;&nbsp;&nbsp;WIZCHIP_READ
</UL>
<BR>[Called By]<UL><LI><a href="#[bb]">&gt;&gt;</a>&nbsp;&nbsp;&nbsp;ctlwizchip
</UL>

<P><STRONG><a name="[c7]"></a>wizchip_getnetinfo</STRONG> (Thumb, 82 bytes, Stack size 8 bytes, wizchip_conf.o(i.wizchip_getnetinfo))
<BR><BR>[Stack]<UL><LI>Max Depth = 32<LI>Call Chain = wizchip_getnetinfo &rArr; WIZCHIP_READ_BUF
</UL>
<BR>[Calls]<UL><LI><a href="#[e0]">&gt;&gt;</a>&nbsp;&nbsp;&nbsp;WIZCHIP_READ_BUF
</UL>
<BR>[Called By]<UL><LI><a href="#[ba]">&gt;&gt;</a>&nbsp;&nbsp;&nbsp;ctlnetwork
</UL>

<P><STRONG><a name="[c9]"></a>wizchip_getnetmode</STRONG> (Thumb, 10 bytes, Stack size 8 bytes, wizchip_conf.o(i.wizchip_getnetmode))
<BR><BR>[Stack]<UL><LI>Max Depth = 24<LI>Call Chain = wizchip_getnetmode &rArr; WIZCHIP_READ
</UL>
<BR>[Calls]<UL><LI><a href="#[bf]">&gt;&gt;</a>&nbsp;&nbsp;&nbsp;WIZCHIP_READ
</UL>
<BR>[Called By]<UL><LI><a href="#[ba]">&gt;&gt;</a>&nbsp;&nbsp;&nbsp;ctlnetwork
</UL>

<P><STRONG><a name="[cb]"></a>wizchip_gettimeout</STRONG> (Thumb, 40 bytes, Stack size 16 bytes, wizchip_conf.o(i.wizchip_gettimeout))
<BR><BR>[Stack]<UL><LI>Max Depth = 32<LI>Call Chain = wizchip_gettimeout &rArr; WIZCHIP_READ
</UL>
<BR>[Calls]<UL><LI><a href="#[bf]">&gt;&gt;</a>&nbsp;&nbsp;&nbsp;WIZCHIP_READ
</UL>
<BR>[Called By]<UL><LI><a href="#[ba]">&gt;&gt;</a>&nbsp;&nbsp;&nbsp;ctlnetwork
</UL>

<P><STRONG><a name="[cd]"></a>wizchip_init</STRONG> (Thumb, 144 bytes, Stack size 24 bytes, wizchip_conf.o(i.wizchip_init))
<BR><BR>[Stack]<UL><LI>Max Depth = 72<LI>Call Chain = wizchip_init &rArr; wizchip_sw_reset &rArr; WIZCHIP_WRITE_BUF
</UL>
<BR>[Calls]<UL><LI><a href="#[cc]">&gt;&gt;</a>&nbsp;&nbsp;&nbsp;wizchip_sw_reset
<LI><a href="#[c5]">&gt;&gt;</a>&nbsp;&nbsp;&nbsp;WIZCHIP_WRITE
</UL>
<BR>[Called By]<UL><LI><a href="#[bb]">&gt;&gt;</a>&nbsp;&nbsp;&nbsp;ctlwizchip
</UL>

<P><STRONG><a name="[d0]"></a>wizchip_setinterruptmask</STRONG> (Thumb, 30 bytes, Stack size 16 bytes, wizchip_conf.o(i.wizchip_setinterruptmask))
<BR><BR>[Stack]<UL><LI>Max Depth = 32<LI>Call Chain = wizchip_setinterruptmask &rArr; WIZCHIP_WRITE
</UL>
<BR>[Calls]<UL><LI><a href="#[c5]">&gt;&gt;</a>&nbsp;&nbsp;&nbsp;WIZCHIP_WRITE
</UL>
<BR>[Called By]<UL><LI><a href="#[bb]">&gt;&gt;</a>&nbsp;&nbsp;&nbsp;ctlwizchip
</UL>

<P><STRONG><a name="[c6]"></a>wizchip_setnetinfo</STRONG> (Thumb, 80 bytes, Stack size 8 bytes, wizchip_conf.o(i.wizchip_setnetinfo))
<BR><BR>[Stack]<UL><LI>Max Depth = 32<LI>Call Chain = wizchip_setnetinfo &rArr; WIZCHIP_WRITE_BUF
</UL>
<BR>[Calls]<UL><LI><a href="#[de]">&gt;&gt;</a>&nbsp;&nbsp;&nbsp;WIZCHIP_WRITE_BUF
</UL>
<BR>[Called By]<UL><LI><a href="#[ba]">&gt;&gt;</a>&nbsp;&nbsp;&nbsp;ctlnetwork
</UL>

<P><STRONG><a name="[c8]"></a>wizchip_setnetmode</STRONG> (Thumb, 38 bytes, Stack size 16 bytes, wizchip_conf.o(i.wizchip_setnetmode))
<BR><BR>[Stack]<UL><LI>Max Depth = 32<LI>Call Chain = wizchip_setnetmode &rArr; WIZCHIP_WRITE
</UL>
<BR>[Calls]<UL><LI><a href="#[c5]">&gt;&gt;</a>&nbsp;&nbsp;&nbsp;WIZCHIP_WRITE
<LI><a href="#[bf]">&gt;&gt;</a>&nbsp;&nbsp;&nbsp;WIZCHIP_READ
</UL>
<BR>[Called By]<UL><LI><a href="#[ba]">&gt;&gt;</a>&nbsp;&nbsp;&nbsp;ctlnetwork
</UL>

<P><STRONG><a name="[ca]"></a>wizchip_settimeout</STRONG> (Thumb, 38 bytes, Stack size 8 bytes, wizchip_conf.o(i.wizchip_settimeout))
<BR><BR>[Stack]<UL><LI>Max Depth = 24<LI>Call Chain = wizchip_settimeout &rArr; WIZCHIP_WRITE
</UL>
<BR>[Calls]<UL><LI><a href="#[c5]">&gt;&gt;</a>&nbsp;&nbsp;&nbsp;WIZCHIP_WRITE
</UL>
<BR>[Called By]<UL><LI><a href="#[ba]">&gt;&gt;</a>&nbsp;&nbsp;&nbsp;ctlnetwork
</UL>

<P><STRONG><a name="[4f]"></a>wizchip_spi_readbyte</STRONG> (Thumb, 4 bytes, Stack size 0 bytes, wizchip_conf.o(i.wizchip_spi_readbyte))
<BR>[Address Reference Count : 1]<UL><LI> wizchip_conf.o(i.reg_wizchip_spi_cbfunc)
</UL>
<P><STRONG><a name="[50]"></a>wizchip_spi_writebyte</STRONG> (Thumb, 2 bytes, Stack size 0 bytes, wizchip_conf.o(i.wizchip_spi_writebyte))
<BR>[Address Reference Count : 1]<UL><LI> wizchip_conf.o(i.reg_wizchip_spi_cbfunc)
</UL>
<P><STRONG><a name="[cc]"></a>wizchip_sw_reset</STRONG> (Thumb, 114 bytes, Stack size 24 bytes, wizchip_conf.o(i.wizchip_sw_reset))
<BR><BR>[Stack]<UL><LI>Max Depth = 48<LI>Call Chain = wizchip_sw_reset &rArr; WIZCHIP_WRITE_BUF
</UL>
<BR>[Calls]<UL><LI><a href="#[de]">&gt;&gt;</a>&nbsp;&nbsp;&nbsp;WIZCHIP_WRITE_BUF
<LI><a href="#[c5]">&gt;&gt;</a>&nbsp;&nbsp;&nbsp;WIZCHIP_WRITE
<LI><a href="#[e0]">&gt;&gt;</a>&nbsp;&nbsp;&nbsp;WIZCHIP_READ_BUF
<LI><a href="#[bf]">&gt;&gt;</a>&nbsp;&nbsp;&nbsp;WIZCHIP_READ
</UL>
<BR>[Called By]<UL><LI><a href="#[cd]">&gt;&gt;</a>&nbsp;&nbsp;&nbsp;wizchip_init
<LI><a href="#[bb]">&gt;&gt;</a>&nbsp;&nbsp;&nbsp;ctlwizchip
</UL>

<P><STRONG><a name="[d4]"></a>wizphy_getphyconf</STRONG> (Thumb, 120 bytes, Stack size 16 bytes, wizchip_conf.o(i.wizphy_getphyconf))
<BR><BR>[Stack]<UL><LI>Max Depth = 32<LI>Call Chain = wizphy_getphyconf &rArr; WIZCHIP_READ
</UL>
<BR>[Calls]<UL><LI><a href="#[bf]">&gt;&gt;</a>&nbsp;&nbsp;&nbsp;WIZCHIP_READ
</UL>
<BR>[Called By]<UL><LI><a href="#[bb]">&gt;&gt;</a>&nbsp;&nbsp;&nbsp;ctlwizchip
</UL>

<P><STRONG><a name="[d7]"></a>wizphy_getphylink</STRONG> (Thumb, 26 bytes, Stack size 8 bytes, wizchip_conf.o(i.wizphy_getphylink))
<BR><BR>[Stack]<UL><LI>Max Depth = 24<LI>Call Chain = wizphy_getphylink &rArr; WIZCHIP_READ
</UL>
<BR>[Calls]<UL><LI><a href="#[bf]">&gt;&gt;</a>&nbsp;&nbsp;&nbsp;WIZCHIP_READ
</UL>
<BR>[Called By]<UL><LI><a href="#[bb]">&gt;&gt;</a>&nbsp;&nbsp;&nbsp;ctlwizchip
</UL>

<P><STRONG><a name="[d6]"></a>wizphy_getphypmode</STRONG> (Thumb, 28 bytes, Stack size 8 bytes, wizchip_conf.o(i.wizphy_getphypmode))
<BR><BR>[Stack]<UL><LI>Max Depth = 24<LI>Call Chain = wizphy_getphypmode &rArr; WIZCHIP_READ
</UL>
<BR>[Calls]<UL><LI><a href="#[bf]">&gt;&gt;</a>&nbsp;&nbsp;&nbsp;WIZCHIP_READ
</UL>
<BR>[Called By]<UL><LI><a href="#[bb]">&gt;&gt;</a>&nbsp;&nbsp;&nbsp;ctlwizchip
</UL>

<P><STRONG><a name="[d2]"></a>wizphy_reset</STRONG> (Thumb, 52 bytes, Stack size 8 bytes, wizchip_conf.o(i.wizphy_reset))
<BR><BR>[Stack]<UL><LI>Max Depth = 24<LI>Call Chain = wizphy_reset &rArr; WIZCHIP_WRITE
</UL>
<BR>[Calls]<UL><LI><a href="#[c5]">&gt;&gt;</a>&nbsp;&nbsp;&nbsp;WIZCHIP_WRITE
<LI><a href="#[bf]">&gt;&gt;</a>&nbsp;&nbsp;&nbsp;WIZCHIP_READ
</UL>
<BR>[Called By]<UL><LI><a href="#[d5]">&gt;&gt;</a>&nbsp;&nbsp;&nbsp;wizphy_setphypmode
<LI><a href="#[d3]">&gt;&gt;</a>&nbsp;&nbsp;&nbsp;wizphy_setphyconf
<LI><a href="#[bb]">&gt;&gt;</a>&nbsp;&nbsp;&nbsp;ctlwizchip
</UL>

<P><STRONG><a name="[d3]"></a>wizphy_setphyconf</STRONG> (Thumb, 88 bytes, Stack size 16 bytes, wizchip_conf.o(i.wizphy_setphyconf))
<BR><BR>[Stack]<UL><LI>Max Depth = 40<LI>Call Chain = wizphy_setphyconf &rArr; wizphy_reset &rArr; WIZCHIP_WRITE
</UL>
<BR>[Calls]<UL><LI><a href="#[d2]">&gt;&gt;</a>&nbsp;&nbsp;&nbsp;wizphy_reset
<LI><a href="#[c5]">&gt;&gt;</a>&nbsp;&nbsp;&nbsp;WIZCHIP_WRITE
</UL>
<BR>[Called By]<UL><LI><a href="#[bb]">&gt;&gt;</a>&nbsp;&nbsp;&nbsp;ctlwizchip
</UL>

<P><STRONG><a name="[d5]"></a>wizphy_setphypmode</STRONG> (Thumb, 100 bytes, Stack size 16 bytes, wizchip_conf.o(i.wizphy_setphypmode))
<BR><BR>[Stack]<UL><LI>Max Depth = 40<LI>Call Chain = wizphy_setphypmode &rArr; wizphy_reset &rArr; WIZCHIP_WRITE
</UL>
<BR>[Calls]<UL><LI><a href="#[d2]">&gt;&gt;</a>&nbsp;&nbsp;&nbsp;wizphy_reset
<LI><a href="#[c5]">&gt;&gt;</a>&nbsp;&nbsp;&nbsp;WIZCHIP_WRITE
<LI><a href="#[bf]">&gt;&gt;</a>&nbsp;&nbsp;&nbsp;WIZCHIP_READ
</UL>
<BR>[Called By]<UL><LI><a href="#[bb]">&gt;&gt;</a>&nbsp;&nbsp;&nbsp;ctlwizchip
</UL>
<P>
<H3>
Local Symbols
</H3>
<P><STRONG><a name="[88]"></a>Circuit_State_Set</STRONG> (Thumb, 84 bytes, Stack size 12 bytes, bsp.o(i.Circuit_State_Set))
<BR><BR>[Stack]<UL><LI>Max Depth = 12<LI>Call Chain = Circuit_State_Set
</UL>
<BR>[Called By]<UL><LI><a href="#[87]">&gt;&gt;</a>&nbsp;&nbsp;&nbsp;CAN_RxMessage_Deal
</UL>

<P><STRONG><a name="[89]"></a>FaultLed_Refresh</STRONG> (Thumb, 264 bytes, Stack size 8 bytes, bsp.o(i.FaultLed_Refresh))
<BR><BR>[Stack]<UL><LI>Max Depth = 8<LI>Call Chain = FaultLed_Refresh
</UL>
<BR>[Calls]<UL><LI><a href="#[79]">&gt;&gt;</a>&nbsp;&nbsp;&nbsp;GPIO_SetBits
<LI><a href="#[77]">&gt;&gt;</a>&nbsp;&nbsp;&nbsp;GPIO_ResetBits
</UL>
<BR>[Called By]<UL><LI><a href="#[a9]">&gt;&gt;</a>&nbsp;&nbsp;&nbsp;TEST_Finish_Check
</UL>

<P><STRONG><a name="[7d]"></a>CAN_GPIO_Init</STRONG> (Thumb, 62 bytes, Stack size 8 bytes, bsp_can.o(i.CAN_GPIO_Init))
<BR><BR>[Stack]<UL><LI>Max Depth = 32<LI>Call Chain = CAN_GPIO_Init &rArr; GPIO_Init
</UL>
<BR>[Calls]<UL><LI><a href="#[75]">&gt;&gt;</a>&nbsp;&nbsp;&nbsp;RCC_APB2PeriphClockCmd
<LI><a href="#[76]">&gt;&gt;</a>&nbsp;&nbsp;&nbsp;GPIO_Init
</UL>
<BR>[Called By]<UL><LI><a href="#[7a]">&gt;&gt;</a>&nbsp;&nbsp;&nbsp;CAN_Configuration
</UL>

<P><STRONG><a name="[9d]"></a>SPI2_GPIO_Init</STRONG> (Thumb, 72 bytes, Stack size 8 bytes, bsp_spi.o(i.SPI2_GPIO_Init))
<BR><BR>[Stack]<UL><LI>Max Depth = 32<LI>Call Chain = SPI2_GPIO_Init &rArr; GPIO_Init
</UL>
<BR>[Calls]<UL><LI><a href="#[75]">&gt;&gt;</a>&nbsp;&nbsp;&nbsp;RCC_APB2PeriphClockCmd
<LI><a href="#[76]">&gt;&gt;</a>&nbsp;&nbsp;&nbsp;GPIO_Init
<LI><a href="#[79]">&gt;&gt;</a>&nbsp;&nbsp;&nbsp;GPIO_SetBits
</UL>
<BR>[Called By]<UL><LI><a href="#[9e]">&gt;&gt;</a>&nbsp;&nbsp;&nbsp;SPI2_Init
</UL>

<P><STRONG><a name="[ac]"></a>TIM2_ISR_Callback</STRONG> (Thumb, 12 bytes, Stack size 0 bytes, bsp_time.o(i.TIM2_ISR_Callback))
<BR><BR>[Called By]<UL><LI><a href="#[2e]">&gt;&gt;</a>&nbsp;&nbsp;&nbsp;TIM2_IRQHandler
</UL>

<P><STRONG><a name="[ad]"></a>TIM3_ISR_Callback</STRONG> (Thumb, 122 bytes, Stack size 8 bytes, bsp_time.o(i.TIM3_ISR_Callback))
<BR><BR>[Stack]<UL><LI>Max Depth = 16<LI>Call Chain = TIM3_ISR_Callback &rArr; MFU_CheckStatus
</UL>
<BR>[Calls]<UL><LI><a href="#[92]">&gt;&gt;</a>&nbsp;&nbsp;&nbsp;MFU_CheckStatus
<LI><a href="#[79]">&gt;&gt;</a>&nbsp;&nbsp;&nbsp;GPIO_SetBits
<LI><a href="#[77]">&gt;&gt;</a>&nbsp;&nbsp;&nbsp;GPIO_ResetBits
</UL>
<BR>[Called By]<UL><LI><a href="#[2f]">&gt;&gt;</a>&nbsp;&nbsp;&nbsp;TIM3_IRQHandler
</UL>

<P><STRONG><a name="[42]"></a>IsKeyMfuDown</STRONG> (Thumb, 20 bytes, Stack size 8 bytes, bsp_key.o(i.IsKeyMfuDown))
<BR><BR>[Stack]<UL><LI>Max Depth = 8<LI>Call Chain = IsKeyMfuDown
</UL>
<BR>[Calls]<UL><LI><a href="#[8a]">&gt;&gt;</a>&nbsp;&nbsp;&nbsp;GPIO_ReadInputDataBit
</UL>
<BR>[Address Reference Count : 1]<UL><LI> bsp_key.o(i.KEY_InitVar)
</UL>
<P><STRONG><a name="[3f]"></a>IsKeyRstDown</STRONG> (Thumb, 20 bytes, Stack size 8 bytes, bsp_key.o(i.IsKeyRstDown))
<BR><BR>[Stack]<UL><LI>Max Depth = 8<LI>Call Chain = IsKeyRstDown
</UL>
<BR>[Calls]<UL><LI><a href="#[8a]">&gt;&gt;</a>&nbsp;&nbsp;&nbsp;GPIO_ReadInputDataBit
</UL>
<BR>[Address Reference Count : 1]<UL><LI> bsp_key.o(i.KEY_InitVar)
</UL>
<P><STRONG><a name="[90]"></a>KEY_Check</STRONG> (Thumb, 120 bytes, Stack size 8 bytes, bsp_key.o(i.KEY_Check))
<BR><BR>[Stack]<UL><LI>Max Depth = 8<LI>Call Chain = KEY_Check
</UL>
<BR>[Called By]<UL><LI><a href="#[8f]">&gt;&gt;</a>&nbsp;&nbsp;&nbsp;KEY_Scan
</UL>

<P><STRONG><a name="[8c]"></a>KEY_InitVar</STRONG> (Thumb, 64 bytes, Stack size 0 bytes, bsp_key.o(i.KEY_InitVar))
<BR><BR>[Called By]<UL><LI><a href="#[8b]">&gt;&gt;</a>&nbsp;&nbsp;&nbsp;KEY_Init
</UL>

<P><STRONG><a name="[b9]"></a>W5500_NetworkConfiguration</STRONG> (Thumb, 12 bytes, Stack size 8 bytes, bsp_net.o(i.W5500_NetworkConfiguration))
<BR><BR>[Stack]<UL><LI>Max Depth = 56<LI>Call Chain = W5500_NetworkConfiguration &rArr; ctlnetwork &rArr; wizchip_setnetmode &rArr; WIZCHIP_WRITE
</UL>
<BR>[Calls]<UL><LI><a href="#[ba]">&gt;&gt;</a>&nbsp;&nbsp;&nbsp;ctlnetwork
</UL>
<BR>[Called By]<UL><LI><a href="#[97]">&gt;&gt;</a>&nbsp;&nbsp;&nbsp;W5500_Config
</UL>

<P><STRONG><a name="[b8]"></a>W5500_ParametersConfiguration</STRONG> (Thumb, 50 bytes, Stack size 24 bytes, bsp_net.o(i.W5500_ParametersConfiguration))
<BR><BR>[Stack]<UL><LI>Max Depth = 128<LI>Call Chain = W5500_ParametersConfiguration &rArr; ctlwizchip &rArr; wizchip_init &rArr; wizchip_sw_reset &rArr; WIZCHIP_WRITE_BUF
</UL>
<BR>[Calls]<UL><LI><a href="#[bb]">&gt;&gt;</a>&nbsp;&nbsp;&nbsp;ctlwizchip
</UL>
<BR>[Called By]<UL><LI><a href="#[97]">&gt;&gt;</a>&nbsp;&nbsp;&nbsp;W5500_Config
</UL>

<P><STRONG><a name="[b6]"></a>W5500_RST_GPIO_Init</STRONG> (Thumb, 50 bytes, Stack size 8 bytes, bsp_net.o(i.W5500_RST_GPIO_Init))
<BR><BR>[Stack]<UL><LI>Max Depth = 32<LI>Call Chain = W5500_RST_GPIO_Init &rArr; GPIO_Init
</UL>
<BR>[Calls]<UL><LI><a href="#[75]">&gt;&gt;</a>&nbsp;&nbsp;&nbsp;RCC_APB2PeriphClockCmd
<LI><a href="#[76]">&gt;&gt;</a>&nbsp;&nbsp;&nbsp;GPIO_Init
<LI><a href="#[79]">&gt;&gt;</a>&nbsp;&nbsp;&nbsp;GPIO_SetBits
</UL>
<BR>[Called By]<UL><LI><a href="#[97]">&gt;&gt;</a>&nbsp;&nbsp;&nbsp;W5500_Config
</UL>

<P><STRONG><a name="[b7]"></a>W5500_RegisterFunction</STRONG> (Thumb, 28 bytes, Stack size 8 bytes, bsp_net.o(i.W5500_RegisterFunction))
<BR><BR>[Stack]<UL><LI>Max Depth = 8<LI>Call Chain = W5500_RegisterFunction
</UL>
<BR>[Calls]<UL><LI><a href="#[be]">&gt;&gt;</a>&nbsp;&nbsp;&nbsp;reg_wizchip_spi_cbfunc
<LI><a href="#[bd]">&gt;&gt;</a>&nbsp;&nbsp;&nbsp;reg_wizchip_cs_cbfunc
<LI><a href="#[bc]">&gt;&gt;</a>&nbsp;&nbsp;&nbsp;reg_wizchip_cris_cbfunc
</UL>
<BR>[Called By]<UL><LI><a href="#[97]">&gt;&gt;</a>&nbsp;&nbsp;&nbsp;W5500_Config
</UL>

<P><STRONG><a name="[a7]"></a>SetSysClock</STRONG> (Thumb, 8 bytes, Stack size 8 bytes, system_stm32f10x.o(i.SetSysClock))
<BR><BR>[Stack]<UL><LI>Max Depth = 20<LI>Call Chain = SetSysClock &rArr; SetSysClockTo72
</UL>
<BR>[Calls]<UL><LI><a href="#[a8]">&gt;&gt;</a>&nbsp;&nbsp;&nbsp;SetSysClockTo72
</UL>
<BR>[Called By]<UL><LI><a href="#[3d]">&gt;&gt;</a>&nbsp;&nbsp;&nbsp;SystemInit
</UL>

<P><STRONG><a name="[a8]"></a>SetSysClockTo72</STRONG> (Thumb, 214 bytes, Stack size 12 bytes, system_stm32f10x.o(i.SetSysClockTo72))
<BR><BR>[Stack]<UL><LI>Max Depth = 12<LI>Call Chain = SetSysClockTo72
</UL>
<BR>[Called By]<UL><LI><a href="#[a7]">&gt;&gt;</a>&nbsp;&nbsp;&nbsp;SetSysClock
</UL>
<P>
<H3>
Undefined Global Symbols
</H3><HR></body></html>
