Component: ARM Compiler 5.06 update 4 (build 422) Tool: armlink [4d35d2]

==============================================================================

Section Cross References

    main.o(i.Hex_Str) refers to main.o(.data) for .data
    main.o(i.main) refers to system_lpc17xx.o(i.SystemInit) for SystemInit
    main.o(i.main) refers to led.o(i.LED_init) for LED_init
    main.o(i.main) refers to delay.o(i.delay_init) for delay_init
    main.o(i.main) refers to uart.o(i.Uart_Init) for Uart_Init
    main.o(i.main) refers to app_can.o(i.CAN1_Init) for CAN1_Init
    main.o(i.main) refers to app_can.o(i.CAN2_Init) for CAN2_Init
    main.o(i.main) refers to app_can.o(i.CAN_RX) for CAN_RX
    app_can.o(i.CAN1_Init) refers to can.o(i.CAN_setup) for CAN_setup
    app_can.o(i.CAN1_Init) refers to can.o(i.CAN_start) for CAN_start
    app_can.o(i.CAN1_Init) refers to can.o(i.CAN_waitReady) for CAN_waitReady
    app_can.o(i.CAN2_Init) refers to can.o(i.CAN_setup) for CAN_setup
    app_can.o(i.CAN2_Init) refers to can.o(i.CAN_start) for CAN_start
    app_can.o(i.CAN2_Init) refers to can.o(i.CAN_waitReady) for CAN_waitReady
    app_can.o(i.CAN2_TEST) refers to app_can.o(i.DataCheckSum) for DataCheckSum
    app_can.o(i.CAN2_TEST) refers to app_can.o(i.Send_CAN_DataFrame) for Send_CAN_DataFrame
    app_can.o(i.CAN_RX) refers to app_can.o(i.Receive_CAN_DataFrame) for Receive_CAN_DataFrame
    app_can.o(i.CAN_RX) refers to app_can.o(i.CAN_Respone_SendCheck) for CAN_Respone_SendCheck
    app_can.o(i.CAN_RX) refers to can.o(.data) for CAN_RxRdy
    app_can.o(i.CAN_RX) refers to can.o(.bss) for CAN_RxMsg
    app_can.o(i.CAN_Respone_SendCheck) refers to app_can.o(i.Send_CAN_DataFrame) for Send_CAN_DataFrame
    app_can.o(i.CAN_Respone_SendCheck) refers to app_can.o(.data) for .data
    app_can.o(i.CAN_RxMessage_Deal) refers to uart.o(i.Uart_SendMultByte) for Uart_SendMultByte
    app_can.o(i.CAN_RxMessage_Deal) refers to memseta.o(.text) for __aeabi_memclr
    app_can.o(i.CAN_RxMessage_Deal) refers to app_can.o(.data) for .data
    app_can.o(i.CAN_RxMessage_Deal) refers to app_can.o(.bss) for .bss
    app_can.o(i.Receive_CAN_DataFrame) refers to app_can.o(i.DataCheckSum) for DataCheckSum
    app_can.o(i.Receive_CAN_DataFrame) refers to app_can.o(i.CAN_RxMessage_Deal) for CAN_RxMessage_Deal
    app_can.o(i.Receive_CAN_DataFrame) refers to app_can.o(.data) for .data
    app_can.o(i.Send_CAN_DataFrame) refers to can.o(i.CAN_waitReady) for CAN_waitReady
    app_can.o(i.Send_CAN_DataFrame) refers to can.o(i.CAN_wrMsg) for CAN_wrMsg
    app_can.o(i.Send_CAN_DataFrame) refers to can.o(.bss) for CAN_TxMsg
    app_can.o(i.Send_CAN_DataFrame) refers to can.o(.data) for CAN_TxRdy
    can.o(i.CAN_IRQHandler) refers to can.o(i.CAN_rdMsg) for CAN_rdMsg
    can.o(i.CAN_IRQHandler) refers to can.o(.data) for .data
    can.o(i.CAN_IRQHandler) refers to can.o(.bss) for .bss
    can.o(i.CAN_IRQHandler) refers to app_can.o(.data) for candataLen
    can.o(i.CAN_IRQHandler) refers to app_can.o(.bss) for canUartData
    can.o(i.CAN_cfgBaudrate) refers to can.o(.constdata) for .constdata
    can.o(i.CAN_setup) refers to can.o(i.NVIC_EnableIRQ) for NVIC_EnableIRQ
    can.o(i.CAN_setup) refers to can.o(i.CAN_cfgBaudrate) for CAN_cfgBaudrate
    can.o(i.CAN_waitReady) refers to can.o(.data) for .data
    can.o(i.CAN_wrFilter) refers to can.o(.data) for .data
    led.o(i.LED_off) refers to led.o(.constdata) for .constdata
    led.o(i.LED_on) refers to led.o(.constdata) for .constdata
    led.o(i.LED_out) refers to led.o(.constdata) for .constdata
    glcd_lpc1700.o(i.GLCD_Bargraph) refers to glcd_lpc1700.o(i.wr_reg) for wr_reg
    glcd_lpc1700.o(i.GLCD_Bargraph) refers to glcd_lpc1700.o(i.wr_cmd) for wr_cmd
    glcd_lpc1700.o(i.GLCD_Bargraph) refers to glcd_lpc1700.o(i.wr_dat_only) for wr_dat_only
    glcd_lpc1700.o(i.GLCD_Bargraph) refers to glcd_lpc1700.o(.data) for .data
    glcd_lpc1700.o(i.GLCD_Bitmap) refers to glcd_lpc1700.o(i.wr_reg) for wr_reg
    glcd_lpc1700.o(i.GLCD_Bitmap) refers to glcd_lpc1700.o(i.wr_cmd) for wr_cmd
    glcd_lpc1700.o(i.GLCD_Bitmap) refers to glcd_lpc1700.o(i.wr_dat_only) for wr_dat_only
    glcd_lpc1700.o(i.GLCD_Bitmap) refers to glcd_lpc1700.o(.data) for .data
    glcd_lpc1700.o(i.GLCD_Bmp) refers to glcd_lpc1700.o(i.wr_reg) for wr_reg
    glcd_lpc1700.o(i.GLCD_Bmp) refers to glcd_lpc1700.o(i.wr_cmd) for wr_cmd
    glcd_lpc1700.o(i.GLCD_Bmp) refers to glcd_lpc1700.o(i.wr_dat_only) for wr_dat_only
    glcd_lpc1700.o(i.GLCD_Bmp) refers to glcd_lpc1700.o(.data) for .data
    glcd_lpc1700.o(i.GLCD_Clear) refers to glcd_lpc1700.o(i.GLCD_WindowMax) for GLCD_WindowMax
    glcd_lpc1700.o(i.GLCD_Clear) refers to glcd_lpc1700.o(i.wr_reg) for wr_reg
    glcd_lpc1700.o(i.GLCD_Clear) refers to glcd_lpc1700.o(i.wr_cmd) for wr_cmd
    glcd_lpc1700.o(i.GLCD_Clear) refers to glcd_lpc1700.o(i.wr_dat_only) for wr_dat_only
    glcd_lpc1700.o(i.GLCD_Clear) refers to glcd_lpc1700.o(.data) for .data
    glcd_lpc1700.o(i.GLCD_ClearLn) refers to glcd_lpc1700.o(i.GLCD_WindowMax) for GLCD_WindowMax
    glcd_lpc1700.o(i.GLCD_ClearLn) refers to glcd_lpc1700.o(i.GLCD_DisplayString) for GLCD_DisplayString
    glcd_lpc1700.o(i.GLCD_DisplayChar) refers to glcd_lpc1700.o(i.GLCD_DrawChar) for GLCD_DrawChar
    glcd_lpc1700.o(i.GLCD_DisplayChar) refers to glcd_lpc1700.o(.constdata) for .constdata
    glcd_lpc1700.o(i.GLCD_DisplayString) refers to glcd_lpc1700.o(i.GLCD_WindowMax) for GLCD_WindowMax
    glcd_lpc1700.o(i.GLCD_DisplayString) refers to glcd_lpc1700.o(i.GLCD_DisplayChar) for GLCD_DisplayChar
    glcd_lpc1700.o(i.GLCD_DrawChar) refers to glcd_lpc1700.o(i.wr_reg) for wr_reg
    glcd_lpc1700.o(i.GLCD_DrawChar) refers to glcd_lpc1700.o(i.wr_cmd) for wr_cmd
    glcd_lpc1700.o(i.GLCD_DrawChar) refers to glcd_lpc1700.o(i.wr_dat_only) for wr_dat_only
    glcd_lpc1700.o(i.GLCD_DrawChar) refers to glcd_lpc1700.o(.data) for .data
    glcd_lpc1700.o(i.GLCD_Init) refers to glcd_lpc1700.o(i.delay) for delay
    glcd_lpc1700.o(i.GLCD_Init) refers to glcd_lpc1700.o(i.rd_reg) for rd_reg
    glcd_lpc1700.o(i.GLCD_Init) refers to glcd_lpc1700.o(i.wr_reg) for wr_reg
    glcd_lpc1700.o(i.GLCD_Init) refers to glcd_lpc1700.o(.data) for .data
    glcd_lpc1700.o(i.GLCD_PutPixel) refers to glcd_lpc1700.o(i.wr_reg) for wr_reg
    glcd_lpc1700.o(i.GLCD_PutPixel) refers to glcd_lpc1700.o(i.wr_cmd) for wr_cmd
    glcd_lpc1700.o(i.GLCD_PutPixel) refers to glcd_lpc1700.o(i.wr_dat) for wr_dat
    glcd_lpc1700.o(i.GLCD_PutPixel) refers to glcd_lpc1700.o(.data) for .data
    glcd_lpc1700.o(i.GLCD_SetBackColor) refers to glcd_lpc1700.o(.data) for .data
    glcd_lpc1700.o(i.GLCD_SetTextColor) refers to glcd_lpc1700.o(.data) for .data
    glcd_lpc1700.o(i.GLCD_WindowMax) refers to glcd_lpc1700.o(i.wr_reg) for wr_reg
    glcd_lpc1700.o(i.GLCD_WindowMax) refers to glcd_lpc1700.o(.data) for .data
    glcd_lpc1700.o(i.rd_reg) refers to glcd_lpc1700.o(i.wr_cmd) for wr_cmd
    glcd_lpc1700.o(i.rd_reg) refers to glcd_lpc1700.o(i.wait_delay) for wait_delay
    glcd_lpc1700.o(i.wr_cmd) refers to glcd_lpc1700.o(i.lcd_send) for lcd_send
    glcd_lpc1700.o(i.wr_cmd) refers to glcd_lpc1700.o(.emb_text) for wait
    glcd_lpc1700.o(i.wr_dat) refers to glcd_lpc1700.o(i.lcd_send) for lcd_send
    glcd_lpc1700.o(i.wr_dat) refers to glcd_lpc1700.o(.emb_text) for wait
    glcd_lpc1700.o(i.wr_dat_only) refers to glcd_lpc1700.o(i.lcd_send) for lcd_send
    glcd_lpc1700.o(i.wr_dat_only) refers to glcd_lpc1700.o(.emb_text) for wait
    glcd_lpc1700.o(i.wr_reg) refers to glcd_lpc1700.o(i.wr_cmd) for wr_cmd
    glcd_lpc1700.o(i.wr_reg) refers to glcd_lpc1700.o(i.wr_dat) for wr_dat
    uart.o(i.UART0_SendChar) refers to uart.o(i.UART0_SendByte) for UART0_SendByte
    uart.o(i.UART0_SendString) refers to uart.o(i.UART0_SendByte) for UART0_SendByte
    uart.o(i.UART2_SendString) refers to uart.o(i.UART2_SendByte) for UART2_SendByte
    uart.o(i.Uart_Init) refers to uart.o(i.NVIC_ClearPendingIRQ) for NVIC_ClearPendingIRQ
    uart.o(i.Uart_Init) refers to uart.o(i.NVIC_EncodePriority) for NVIC_EncodePriority
    uart.o(i.Uart_Init) refers to uart.o(i.NVIC_SetPriority) for NVIC_SetPriority
    uart.o(i.Uart_Init) refers to uart.o(i.NVIC_EnableIRQ) for NVIC_EnableIRQ
    uart.o(i.Uart_Init) refers to system_lpc17xx.o(.data) for SystemCoreClock
    delay.o(i.delay_init) refers to system_lpc17xx.o(.data) for SystemCoreClock
    delay.o(i.delay_init) refers to delay.o(.data) for .data
    delay.o(i.delay_ms) refers to delay.o(.data) for .data
    delay.o(i.delay_us) refers to delay.o(.data) for .data
    system_lpc17xx.o(i.SystemCoreClockUpdate) refers to uldiv.o(.text) for __aeabi_uldivmod
    system_lpc17xx.o(i.SystemCoreClockUpdate) refers to system_lpc17xx.o(.data) for .data
    startup_lpc17xx.o(RESET) refers to startup_lpc17xx.o(STACK) for __initial_sp
    startup_lpc17xx.o(RESET) refers to startup_lpc17xx.o(.text) for Reset_Handler
    startup_lpc17xx.o(RESET) refers to can.o(i.CAN_IRQHandler) for CAN_IRQHandler
    startup_lpc17xx.o(.text) refers to entry.o(.ARM.Collect$$$$00000000) for __main
    entry.o(.ARM.Collect$$$$00000000) refers (Special) to entry10a.o(.ARM.Collect$$$$0000000D) for __rt_final_cpp
    entry.o(.ARM.Collect$$$$00000000) refers (Special) to entry11a.o(.ARM.Collect$$$$0000000F) for __rt_final_exit
    entry.o(.ARM.Collect$$$$00000000) refers (Special) to entry7b.o(.ARM.Collect$$$$00000008) for _main_clock
    entry.o(.ARM.Collect$$$$00000000) refers (Special) to entry8b.o(.ARM.Collect$$$$0000000A) for _main_cpp_init
    entry.o(.ARM.Collect$$$$00000000) refers (Special) to entry9a.o(.ARM.Collect$$$$0000000B) for _main_init
    entry.o(.ARM.Collect$$$$00000000) refers (Special) to entry5.o(.ARM.Collect$$$$00000004) for _main_scatterload
    entry.o(.ARM.Collect$$$$00000000) refers (Special) to entry2.o(.ARM.Collect$$$$00000001) for _main_stk
    uldiv.o(.text) refers to llushr.o(.text) for __aeabi_llsr
    uldiv.o(.text) refers to llshl.o(.text) for __aeabi_llsl
    entry2.o(.ARM.Collect$$$$00000001) refers to entry2.o(.ARM.Collect$$$$00002712) for __lit__00000000
    entry2.o(.ARM.Collect$$$$00002712) refers to startup_lpc17xx.o(STACK) for __initial_sp
    entry2.o(__vectab_stack_and_reset_area) refers to startup_lpc17xx.o(STACK) for __initial_sp
    entry2.o(__vectab_stack_and_reset_area) refers to entry.o(.ARM.Collect$$$$00000000) for __main
    entry5.o(.ARM.Collect$$$$00000004) refers to init.o(.text) for __scatterload
    entry9a.o(.ARM.Collect$$$$0000000B) refers to main.o(i.main) for main
    entry9b.o(.ARM.Collect$$$$0000000C) refers to main.o(i.main) for main
    init.o(.text) refers to entry5.o(.ARM.Collect$$$$00000004) for __main_after_scatterload


==============================================================================

Removing Unused input sections from the image.

    Removing main.o(i.Hex_Str), (32 bytes).
    Removing main.o(i.delay), (10 bytes).
    Removing main.o(.data), (4 bytes).
    Removing main.o(.data), (4 bytes).
    Removing main.o(.data), (16 bytes).
    Removing sys.o(i.NVIC_GroupingConfiguration), (32 bytes).
    Removing app_can.o(i.CAN2_TEST), (50 bytes).
    Removing can.o(i.CAN_wrFilter), (424 bytes).
    Removing adc.o(i.ADC_getCnv), (20 bytes).
    Removing adc.o(i.ADC_init), (52 bytes).
    Removing adc.o(i.ADC_startCnv), (24 bytes).
    Removing adc.o(i.ADC_stopCnv), (16 bytes).
    Removing led.o(i.LED_AllOff), (16 bytes).
    Removing led.o(i.LED_AllOn), (16 bytes).
    Removing led.o(i.LED_off), (44 bytes).
    Removing led.o(i.LED_on), (44 bytes).
    Removing led.o(i.LED_out), (56 bytes).
    Removing led.o(.constdata), (32 bytes).
    Removing glcd_lpc1700.o(.emb_text), (4 bytes).
    Removing glcd_lpc1700.o(i.GLCD_Bargraph), (252 bytes).
    Removing glcd_lpc1700.o(i.GLCD_Bitmap), (240 bytes).
    Removing glcd_lpc1700.o(i.GLCD_Bmp), (228 bytes).
    Removing glcd_lpc1700.o(i.GLCD_Clear), (108 bytes).
    Removing glcd_lpc1700.o(i.GLCD_ClearLn), (48 bytes).
    Removing glcd_lpc1700.o(i.GLCD_DisplayChar), (32 bytes).
    Removing glcd_lpc1700.o(i.GLCD_DisplayString), (34 bytes).
    Removing glcd_lpc1700.o(i.GLCD_DrawChar), (236 bytes).
    Removing glcd_lpc1700.o(i.GLCD_Init), (2034 bytes).
    Removing glcd_lpc1700.o(i.GLCD_PutPixel), (88 bytes).
    Removing glcd_lpc1700.o(i.GLCD_SetBackColor), (12 bytes).
    Removing glcd_lpc1700.o(i.GLCD_SetTextColor), (12 bytes).
    Removing glcd_lpc1700.o(i.GLCD_WindowMax), (96 bytes).
    Removing glcd_lpc1700.o(i.delay), (10 bytes).
    Removing glcd_lpc1700.o(i.lcd_send), (40 bytes).
    Removing glcd_lpc1700.o(i.rd_reg), (84 bytes).
    Removing glcd_lpc1700.o(i.wait_delay), (8 bytes).
    Removing glcd_lpc1700.o(i.wr_cmd), (36 bytes).
    Removing glcd_lpc1700.o(i.wr_dat), (36 bytes).
    Removing glcd_lpc1700.o(i.wr_dat_only), (28 bytes).
    Removing glcd_lpc1700.o(i.wr_reg), (32 bytes).
    Removing glcd_lpc1700.o(.constdata), (5376 bytes).
    Removing glcd_lpc1700.o(.data), (6 bytes).
    Removing uart.o(i.UART0_GetChar), (16 bytes).
    Removing uart.o(i.UART0_Init), (52 bytes).
    Removing uart.o(i.UART0_SendByte), (20 bytes).
    Removing uart.o(i.UART0_SendChar), (100 bytes).
    Removing uart.o(i.UART0_SendString), (20 bytes).
    Removing uart.o(i.UART2_GetChar), (16 bytes).
    Removing uart.o(i.UART2_Init), (64 bytes).
    Removing uart.o(i.UART2_SendByte), (20 bytes).
    Removing uart.o(i.UART2_SendString), (20 bytes).
    Removing uart.o(i.Uart_SendByte), (10 bytes).
    Removing uart.o(.data), (1 bytes).
    Removing uart.o(.data), (1 bytes).
    Removing delay.o(i.delay_ms), (68 bytes).
    Removing delay.o(i.delay_us), (52 bytes).
    Removing core_cm3.o(.emb_text), (32 bytes).
    Removing system_lpc17xx.o(i.SystemCoreClockUpdate), (288 bytes).
    Removing startup_lpc17xx.o(HEAP), (0 bytes).

59 unused section(s) (total 10752 bytes) removed from the image.

==============================================================================

Image Symbol Table

    Local Symbols

    Symbol Name                              Value     Ov Type        Size  Object(Section)

    RESET                                    0x00000000   Section      204  startup_lpc17xx.o(RESET)
    ../clib/microlib/division.c              0x00000000   Number         0  uldiv.o ABSOLUTE
    ../clib/microlib/init/entry.s            0x00000000   Number         0  entry7a.o ABSOLUTE
    ../clib/microlib/init/entry.s            0x00000000   Number         0  entry5.o ABSOLUTE
    ../clib/microlib/init/entry.s            0x00000000   Number         0  entry10a.o ABSOLUTE
    ../clib/microlib/init/entry.s            0x00000000   Number         0  entry11b.o ABSOLUTE
    ../clib/microlib/init/entry.s            0x00000000   Number         0  entry11a.o ABSOLUTE
    ../clib/microlib/init/entry.s            0x00000000   Number         0  entry8b.o ABSOLUTE
    ../clib/microlib/init/entry.s            0x00000000   Number         0  entry.o ABSOLUTE
    ../clib/microlib/init/entry.s            0x00000000   Number         0  entry10b.o ABSOLUTE
    ../clib/microlib/init/entry.s            0x00000000   Number         0  entry2.o ABSOLUTE
    ../clib/microlib/init/entry.s            0x00000000   Number         0  entry9b.o ABSOLUTE
    ../clib/microlib/init/entry.s            0x00000000   Number         0  entry9a.o ABSOLUTE
    ../clib/microlib/init/entry.s            0x00000000   Number         0  entry8a.o ABSOLUTE
    ../clib/microlib/init/entry.s            0x00000000   Number         0  entry7b.o ABSOLUTE
    ../clib/microlib/longlong.c              0x00000000   Number         0  llshl.o ABSOLUTE
    ../clib/microlib/longlong.c              0x00000000   Number         0  llushr.o ABSOLUTE
    ../clib/microlib/string/memset.c         0x00000000   Number         0  memseta.o ABSOLUTE
    ..\APP\app_can.c                         0x00000000   Number         0  app_can.o ABSOLUTE
    ..\APP\app_use.c                         0x00000000   Number         0  app_use.o ABSOLUTE
    ..\CMSIS\CM3\CoreSupport\core_cm3.c      0x00000000   Number         0  core_cm3.o ABSOLUTE
    ..\CMSIS\CM3\DeviceSupport\NXP\LPC17xx\system_LPC17xx.c 0x00000000   Number         0  system_lpc17xx.o ABSOLUTE
    ..\Driver\ADC.c                          0x00000000   Number         0  adc.o ABSOLUTE
    ..\Driver\CAN.c                          0x00000000   Number         0  can.o ABSOLUTE
    ..\Driver\GLCD_LPC1700.c                 0x00000000   Number         0  glcd_lpc1700.o ABSOLUTE
    ..\Driver\LED.c                          0x00000000   Number         0  led.o ABSOLUTE
    ..\Driver\delay.c                        0x00000000   Number         0  delay.o ABSOLUTE
    ..\Driver\uart.c                         0x00000000   Number         0  uart.o ABSOLUTE
    ..\STARTCODE\startup_LPC17xx.s           0x00000000   Number         0  startup_lpc17xx.o ABSOLUTE
    ..\USER\main.c                           0x00000000   Number         0  main.o ABSOLUTE
    ..\USER\sys.c                            0x00000000   Number         0  sys.o ABSOLUTE
    ..\\CMSIS\\CM3\\CoreSupport\\core_cm3.c  0x00000000   Number         0  core_cm3.o ABSOLUTE
    ..\\Driver\\GLCD_LPC1700.c               0x00000000   Number         0  glcd_lpc1700.o ABSOLUTE
    dc.s                                     0x00000000   Number         0  dc.o ABSOLUTE
    handlers.s                               0x00000000   Number         0  handlers.o ABSOLUTE
    init.s                                   0x00000000   Number         0  init.o ABSOLUTE
    .ARM.Collect$$$$00000000                 0x000000cc   Section        0  entry.o(.ARM.Collect$$$$00000000)
    .ARM.Collect$$$$00000001                 0x000000cc   Section        4  entry2.o(.ARM.Collect$$$$00000001)
    .ARM.Collect$$$$00000004                 0x000000d0   Section        4  entry5.o(.ARM.Collect$$$$00000004)
    .ARM.Collect$$$$00000008                 0x000000d4   Section        0  entry7b.o(.ARM.Collect$$$$00000008)
    .ARM.Collect$$$$0000000A                 0x000000d4   Section        0  entry8b.o(.ARM.Collect$$$$0000000A)
    .ARM.Collect$$$$0000000B                 0x000000d4   Section        8  entry9a.o(.ARM.Collect$$$$0000000B)
    .ARM.Collect$$$$0000000D                 0x000000dc   Section        0  entry10a.o(.ARM.Collect$$$$0000000D)
    .ARM.Collect$$$$0000000F                 0x000000dc   Section        0  entry11a.o(.ARM.Collect$$$$0000000F)
    .ARM.Collect$$$$00002712                 0x000000dc   Section        4  entry2.o(.ARM.Collect$$$$00002712)
    __lit__00000000                          0x000000dc   Data           4  entry2.o(.ARM.Collect$$$$00002712)
    .text                                    0x000000e0   Section       28  startup_lpc17xx.o(.text)
    .text                                    0x000000fc   Section        0  memseta.o(.text)
    .text                                    0x00000120   Section       36  init.o(.text)
    i.CAN1_Init                              0x00000144   Section        0  app_can.o(i.CAN1_Init)
    i.CAN2_Init                              0x0000015c   Section        0  app_can.o(i.CAN2_Init)
    i.CAN_IRQHandler                         0x00000174   Section        0  can.o(i.CAN_IRQHandler)
    i.CAN_RX                                 0x00000214   Section        0  app_can.o(i.CAN_RX)
    i.CAN_Respone_SendCheck                  0x0000024c   Section        0  app_can.o(i.CAN_Respone_SendCheck)
    i.CAN_RxMessage_Deal                     0x0000026c   Section        0  app_can.o(i.CAN_RxMessage_Deal)
    i.__scatterload_null                     0x000002f4   Section        2  handlers.o(i.__scatterload_null)
    .ARM.__at_0x02FC                         0x000002fc   Section        4  startup_lpc17xx.o(.ARM.__at_0x02FC)
    i.CAN_cfgBaudrate                        0x00000300   Section        0  can.o(i.CAN_cfgBaudrate)
    CAN_cfgBaudrate                          0x00000301   Thumb Code    38  can.o(i.CAN_cfgBaudrate)
    i.CAN_rdMsg                              0x00000338   Section        0  can.o(i.CAN_rdMsg)
    i.CAN_setup                              0x00000370   Section        0  can.o(i.CAN_setup)
    i.CAN_start                              0x00000400   Section        0  can.o(i.CAN_start)
    i.CAN_waitReady                          0x00000418   Section        0  can.o(i.CAN_waitReady)
    i.CAN_wrMsg                              0x00000440   Section        0  can.o(i.CAN_wrMsg)
    i.DataCheckSum                           0x00000490   Section        0  app_can.o(i.DataCheckSum)
    i.LED_init                               0x000004ac   Section        0  led.o(i.LED_init)
    i.NVIC_ClearPendingIRQ                   0x000004bc   Section        0  uart.o(i.NVIC_ClearPendingIRQ)
    NVIC_ClearPendingIRQ                     0x000004bd   Thumb Code    22  uart.o(i.NVIC_ClearPendingIRQ)
    i.NVIC_EnableIRQ                         0x000004d2   Section        0  can.o(i.NVIC_EnableIRQ)
    NVIC_EnableIRQ                           0x000004d3   Thumb Code    22  can.o(i.NVIC_EnableIRQ)
    i.NVIC_EnableIRQ                         0x000004e8   Section        0  uart.o(i.NVIC_EnableIRQ)
    NVIC_EnableIRQ                           0x000004e9   Thumb Code    22  uart.o(i.NVIC_EnableIRQ)
    i.NVIC_EncodePriority                    0x000004fe   Section        0  uart.o(i.NVIC_EncodePriority)
    NVIC_EncodePriority                      0x000004ff   Thumb Code    50  uart.o(i.NVIC_EncodePriority)
    i.NVIC_SetPriority                       0x00000530   Section        0  uart.o(i.NVIC_SetPriority)
    NVIC_SetPriority                         0x00000531   Thumb Code    32  uart.o(i.NVIC_SetPriority)
    i.Receive_CAN_DataFrame                  0x00000550   Section        0  app_can.o(i.Receive_CAN_DataFrame)
    i.Send_CAN_DataFrame                     0x00000588   Section        0  app_can.o(i.Send_CAN_DataFrame)
    i.SystemInit                             0x000005ec   Section        0  system_lpc17xx.o(i.SystemInit)
    i.Uart_Init                              0x000006a4   Section        0  uart.o(i.Uart_Init)
    i.Uart_SendMultByte                      0x00000788   Section        0  uart.o(i.Uart_SendMultByte)
    i.__scatterload_copy                     0x000007a4   Section       14  handlers.o(i.__scatterload_copy)
    i.__scatterload_zeroinit                 0x000007b2   Section       14  handlers.o(i.__scatterload_zeroinit)
    i.delay_init                             0x000007c0   Section        0  delay.o(i.delay_init)
    i.main                                   0x000007f8   Section        0  main.o(i.main)
    .constdata                               0x00000824   Section       68  can.o(.constdata)
    .data                                    0x10000000   Section        8  app_can.o(.data)
    CanSend_State                            0x10000001   Data           1  app_can.o(.data)
    receive_Frame                            0x10000003   Data           5  app_can.o(.data)
    .data                                    0x10000008   Section       24  can.o(.data)
    CAN_std_cnt                              0x10000008   Data           4  can.o(.data)
    CAN_ext_cnt                              0x1000000c   Data           4  can.o(.data)
    .data                                    0x10000020   Section       12  delay.o(.data)
    fac_ms                                   0x10000024   Data           4  delay.o(.data)
    fac_us                                   0x10000028   Data           4  delay.o(.data)
    .data                                    0x1000002c   Section        4  system_lpc17xx.o(.data)
    .bss                                     0x10000030   Section      256  app_can.o(.bss)
    .bss                                     0x10000130   Section       32  can.o(.bss)
    .bss                                     0x10000150   Section       32  can.o(.bss)
    STACK                                    0x10000170   Section      512  startup_lpc17xx.o(STACK)

    Global Symbols

    Symbol Name                              Value     Ov Type        Size  Object(Section)

    BuildAttributes$$THM_ISAv4$P$D$K$B$S$PE$A:L22UL41UL21$X:L11$S22US41US21$IEEE1$IW$USESV6$~STKCKD$USESV7$~SHL$OSPACE$EBA8$MICROLIB$REQ8$PRES8$EABIv2 0x00000000   Number         0  anon$$obj.o ABSOLUTE
    __ARM_use_no_argv                        0x00000000   Number         0  main.o ABSOLUTE
    __Vectors                                0x00000000   Data           4  startup_lpc17xx.o(RESET)
    __cpp_initialize__aeabi_                  - Undefined Weak Reference
    __cxa_finalize                            - Undefined Weak Reference
    __decompress                              - Undefined Weak Reference
    _clock_init                               - Undefined Weak Reference
    _microlib_exit                            - Undefined Weak Reference
    __main                                   0x000000cd   Thumb Code     0  entry.o(.ARM.Collect$$$$00000000)
    _main_stk                                0x000000cd   Thumb Code     0  entry2.o(.ARM.Collect$$$$00000001)
    _main_scatterload                        0x000000d1   Thumb Code     0  entry5.o(.ARM.Collect$$$$00000004)
    __main_after_scatterload                 0x000000d5   Thumb Code     0  entry5.o(.ARM.Collect$$$$00000004)
    _main_clock                              0x000000d5   Thumb Code     0  entry7b.o(.ARM.Collect$$$$00000008)
    _main_cpp_init                           0x000000d5   Thumb Code     0  entry8b.o(.ARM.Collect$$$$0000000A)
    _main_init                               0x000000d5   Thumb Code     0  entry9a.o(.ARM.Collect$$$$0000000B)
    __rt_final_cpp                           0x000000dd   Thumb Code     0  entry10a.o(.ARM.Collect$$$$0000000D)
    __rt_final_exit                          0x000000dd   Thumb Code     0  entry11a.o(.ARM.Collect$$$$0000000F)
    Reset_Handler                            0x000000e1   Thumb Code     4  startup_lpc17xx.o(.text)
    NMI_Handler                              0x000000e5   Thumb Code     2  startup_lpc17xx.o(.text)
    HardFault_Handler                        0x000000e7   Thumb Code     2  startup_lpc17xx.o(.text)
    MemManage_Handler                        0x000000e9   Thumb Code     2  startup_lpc17xx.o(.text)
    BusFault_Handler                         0x000000eb   Thumb Code     2  startup_lpc17xx.o(.text)
    UsageFault_Handler                       0x000000ed   Thumb Code     2  startup_lpc17xx.o(.text)
    SVC_Handler                              0x000000ef   Thumb Code     2  startup_lpc17xx.o(.text)
    DebugMon_Handler                         0x000000f1   Thumb Code     2  startup_lpc17xx.o(.text)
    PendSV_Handler                           0x000000f3   Thumb Code     2  startup_lpc17xx.o(.text)
    SysTick_Handler                          0x000000f5   Thumb Code     2  startup_lpc17xx.o(.text)
    ADC_IRQHandler                           0x000000f7   Thumb Code     0  startup_lpc17xx.o(.text)
    BOD_IRQHandler                           0x000000f7   Thumb Code     0  startup_lpc17xx.o(.text)
    CANActivity_IRQHandler                   0x000000f7   Thumb Code     0  startup_lpc17xx.o(.text)
    DMA_IRQHandler                           0x000000f7   Thumb Code     0  startup_lpc17xx.o(.text)
    EINT0_IRQHandler                         0x000000f7   Thumb Code     0  startup_lpc17xx.o(.text)
    EINT1_IRQHandler                         0x000000f7   Thumb Code     0  startup_lpc17xx.o(.text)
    EINT2_IRQHandler                         0x000000f7   Thumb Code     0  startup_lpc17xx.o(.text)
    EINT3_IRQHandler                         0x000000f7   Thumb Code     0  startup_lpc17xx.o(.text)
    ENET_IRQHandler                          0x000000f7   Thumb Code     0  startup_lpc17xx.o(.text)
    I2C0_IRQHandler                          0x000000f7   Thumb Code     0  startup_lpc17xx.o(.text)
    I2C1_IRQHandler                          0x000000f7   Thumb Code     0  startup_lpc17xx.o(.text)
    I2C2_IRQHandler                          0x000000f7   Thumb Code     0  startup_lpc17xx.o(.text)
    I2S_IRQHandler                           0x000000f7   Thumb Code     0  startup_lpc17xx.o(.text)
    MCPWM_IRQHandler                         0x000000f7   Thumb Code     0  startup_lpc17xx.o(.text)
    PLL0_IRQHandler                          0x000000f7   Thumb Code     0  startup_lpc17xx.o(.text)
    PLL1_IRQHandler                          0x000000f7   Thumb Code     0  startup_lpc17xx.o(.text)
    PWM1_IRQHandler                          0x000000f7   Thumb Code     0  startup_lpc17xx.o(.text)
    QEI_IRQHandler                           0x000000f7   Thumb Code     0  startup_lpc17xx.o(.text)
    RIT_IRQHandler                           0x000000f7   Thumb Code     0  startup_lpc17xx.o(.text)
    RTC_IRQHandler                           0x000000f7   Thumb Code     0  startup_lpc17xx.o(.text)
    SPI_IRQHandler                           0x000000f7   Thumb Code     0  startup_lpc17xx.o(.text)
    SSP0_IRQHandler                          0x000000f7   Thumb Code     0  startup_lpc17xx.o(.text)
    SSP1_IRQHandler                          0x000000f7   Thumb Code     0  startup_lpc17xx.o(.text)
    TIMER0_IRQHandler                        0x000000f7   Thumb Code     0  startup_lpc17xx.o(.text)
    TIMER1_IRQHandler                        0x000000f7   Thumb Code     0  startup_lpc17xx.o(.text)
    TIMER2_IRQHandler                        0x000000f7   Thumb Code     0  startup_lpc17xx.o(.text)
    TIMER3_IRQHandler                        0x000000f7   Thumb Code     0  startup_lpc17xx.o(.text)
    UART0_IRQHandler                         0x000000f7   Thumb Code     0  startup_lpc17xx.o(.text)
    UART1_IRQHandler                         0x000000f7   Thumb Code     0  startup_lpc17xx.o(.text)
    UART2_IRQHandler                         0x000000f7   Thumb Code     0  startup_lpc17xx.o(.text)
    UART3_IRQHandler                         0x000000f7   Thumb Code     0  startup_lpc17xx.o(.text)
    USBActivity_IRQHandler                   0x000000f7   Thumb Code     0  startup_lpc17xx.o(.text)
    USB_IRQHandler                           0x000000f7   Thumb Code     0  startup_lpc17xx.o(.text)
    WDT_IRQHandler                           0x000000f7   Thumb Code     0  startup_lpc17xx.o(.text)
    __aeabi_memset                           0x000000fd   Thumb Code    14  memseta.o(.text)
    __aeabi_memset4                          0x000000fd   Thumb Code     0  memseta.o(.text)
    __aeabi_memset8                          0x000000fd   Thumb Code     0  memseta.o(.text)
    __aeabi_memclr                           0x0000010b   Thumb Code     4  memseta.o(.text)
    __aeabi_memclr4                          0x0000010b   Thumb Code     0  memseta.o(.text)
    __aeabi_memclr8                          0x0000010b   Thumb Code     0  memseta.o(.text)
    _memset$wrapper                          0x0000010f   Thumb Code    18  memseta.o(.text)
    __scatterload                            0x00000121   Thumb Code    28  init.o(.text)
    __scatterload_rt2                        0x00000121   Thumb Code     0  init.o(.text)
    CAN1_Init                                0x00000145   Thumb Code    24  app_can.o(i.CAN1_Init)
    CAN2_Init                                0x0000015d   Thumb Code    24  app_can.o(i.CAN2_Init)
    CAN_IRQHandler                           0x00000175   Thumb Code   136  can.o(i.CAN_IRQHandler)
    CAN_RX                                   0x00000215   Thumb Code    46  app_can.o(i.CAN_RX)
    CAN_Respone_SendCheck                    0x0000024d   Thumb Code    26  app_can.o(i.CAN_Respone_SendCheck)
    CAN_RxMessage_Deal                       0x0000026d   Thumb Code   124  app_can.o(i.CAN_RxMessage_Deal)
    __scatterload_null                       0x000002f5   Thumb Code     2  handlers.o(i.__scatterload_null)
    CAN_rdMsg                                0x00000339   Thumb Code    46  can.o(i.CAN_rdMsg)
    CAN_setup                                0x00000371   Thumb Code   120  can.o(i.CAN_setup)
    CAN_start                                0x00000401   Thumb Code    16  can.o(i.CAN_start)
    CAN_waitReady                            0x00000419   Thumb Code    28  can.o(i.CAN_waitReady)
    CAN_wrMsg                                0x00000441   Thumb Code    70  can.o(i.CAN_wrMsg)
    DataCheckSum                             0x00000491   Thumb Code    28  app_can.o(i.DataCheckSum)
    LED_init                                 0x000004ad   Thumb Code    12  led.o(i.LED_init)
    Receive_CAN_DataFrame                    0x00000551   Thumb Code    52  app_can.o(i.Receive_CAN_DataFrame)
    Send_CAN_DataFrame                       0x00000589   Thumb Code    92  app_can.o(i.Send_CAN_DataFrame)
    SystemInit                               0x000005ed   Thumb Code   172  system_lpc17xx.o(i.SystemInit)
    Uart_Init                                0x000006a5   Thumb Code   206  uart.o(i.Uart_Init)
    Uart_SendMultByte                        0x00000789   Thumb Code    28  uart.o(i.Uart_SendMultByte)
    __scatterload_copy                       0x000007a5   Thumb Code    14  handlers.o(i.__scatterload_copy)
    __scatterload_zeroinit                   0x000007b3   Thumb Code    14  handlers.o(i.__scatterload_zeroinit)
    delay_init                               0x000007c1   Thumb Code    44  delay.o(i.delay_init)
    main                                     0x000007f9   Thumb Code    38  main.o(i.main)
    CAN_BIT_TIME                             0x00000824   Data          68  can.o(.constdata)
    Region$$Table$$Base                      0x00000868   Number         0  anon$$obj.o(Region$$Table)
    Region$$Table$$Limit                     0x00000888   Number         0  anon$$obj.o(Region$$Table)
    Module_Test                              0x10000000   Data           1  app_can.o(.data)
    candataLen                               0x10000002   Data           1  app_can.o(.data)
    CAN_TxRdy                                0x10000010   Data           8  can.o(.data)
    CAN_RxRdy                                0x10000018   Data           8  can.o(.data)
    temp_count                               0x10000020   Data           4  delay.o(.data)
    SystemCoreClock                          0x1000002c   Data           4  system_lpc17xx.o(.data)
    canUartData                              0x10000030   Data         256  app_can.o(.bss)
    CAN_TxMsg                                0x10000130   Data          32  can.o(.bss)
    CAN_RxMsg                                0x10000150   Data          32  can.o(.bss)
    __initial_sp                             0x10000370   Data           0  startup_lpc17xx.o(STACK)



==============================================================================

Memory Map of the image

  Image Entry point : 0x000000cd

  Load Region LR_IROM1 (Base: 0x00000000, Size: 0x000008b8, Max: 0x00080000, ABSOLUTE)

    Execution Region ER_IROM1 (Base: 0x00000000, Size: 0x00000888, Max: 0x00080000, ABSOLUTE)

    Base Addr    Size         Type   Attr      Idx    E Section Name        Object

    0x00000000   0x000000cc   Data   RO          646    RESET               startup_lpc17xx.o
    0x000000cc   0x00000000   Code   RO          654  * .ARM.Collect$$$$00000000  mc_w.l(entry.o)
    0x000000cc   0x00000004   Code   RO          661    .ARM.Collect$$$$00000001  mc_w.l(entry2.o)
    0x000000d0   0x00000004   Code   RO          664    .ARM.Collect$$$$00000004  mc_w.l(entry5.o)
    0x000000d4   0x00000000   Code   RO          666    .ARM.Collect$$$$00000008  mc_w.l(entry7b.o)
    0x000000d4   0x00000000   Code   RO          668    .ARM.Collect$$$$0000000A  mc_w.l(entry8b.o)
    0x000000d4   0x00000008   Code   RO          669    .ARM.Collect$$$$0000000B  mc_w.l(entry9a.o)
    0x000000dc   0x00000000   Code   RO          671    .ARM.Collect$$$$0000000D  mc_w.l(entry10a.o)
    0x000000dc   0x00000000   Code   RO          673    .ARM.Collect$$$$0000000F  mc_w.l(entry11a.o)
    0x000000dc   0x00000004   Code   RO          662    .ARM.Collect$$$$00002712  mc_w.l(entry2.o)
    0x000000e0   0x0000001c   Code   RO          648    .text               startup_lpc17xx.o
    0x000000fc   0x00000024   Code   RO          659    .text               mc_w.l(memseta.o)
    0x00000120   0x00000024   Code   RO          679    .text               mc_w.l(init.o)
    0x00000144   0x00000018   Code   RO          113    i.CAN1_Init         app_can.o
    0x0000015c   0x00000018   Code   RO          114    i.CAN2_Init         app_can.o
    0x00000174   0x000000a0   Code   RO          180    i.CAN_IRQHandler    can.o
    0x00000214   0x00000038   Code   RO          116    i.CAN_RX            app_can.o
    0x0000024c   0x00000020   Code   RO          117    i.CAN_Respone_SendCheck  app_can.o
    0x0000026c   0x00000088   Code   RO          118    i.CAN_RxMessage_Deal  app_can.o
    0x000002f4   0x00000002   Code   RO          684    i.__scatterload_null  mc_w.l(handlers.o)
    0x000002f6   0x00000006   PAD
    0x000002fc   0x00000004   Code   RO          647    .ARM.__at_0x02FC    startup_lpc17xx.o
    0x00000300   0x00000038   Code   RO          181    i.CAN_cfgBaudrate   can.o
    0x00000338   0x00000038   Code   RO          182    i.CAN_rdMsg         can.o
    0x00000370   0x00000090   Code   RO          183    i.CAN_setup         can.o
    0x00000400   0x00000018   Code   RO          184    i.CAN_start         can.o
    0x00000418   0x00000028   Code   RO          185    i.CAN_waitReady     can.o
    0x00000440   0x00000050   Code   RO          187    i.CAN_wrMsg         can.o
    0x00000490   0x0000001c   Code   RO          119    i.DataCheckSum      app_can.o
    0x000004ac   0x00000010   Code   RO          290    i.LED_init          led.o
    0x000004bc   0x00000016   Code   RO          470    i.NVIC_ClearPendingIRQ  uart.o
    0x000004d2   0x00000016   Code   RO          188    i.NVIC_EnableIRQ    can.o
    0x000004e8   0x00000016   Code   RO          471    i.NVIC_EnableIRQ    uart.o
    0x000004fe   0x00000032   Code   RO          472    i.NVIC_EncodePriority  uart.o
    0x00000530   0x00000020   Code   RO          473    i.NVIC_SetPriority  uart.o
    0x00000550   0x00000038   Code   RO          120    i.Receive_CAN_DataFrame  app_can.o
    0x00000588   0x00000064   Code   RO          121    i.Send_CAN_DataFrame  app_can.o
    0x000005ec   0x000000b8   Code   RO          614    i.SystemInit        system_lpc17xx.o
    0x000006a4   0x000000e4   Code   RO          483    i.Uart_Init         uart.o
    0x00000788   0x0000001c   Code   RO          485    i.Uart_SendMultByte  uart.o
    0x000007a4   0x0000000e   Code   RO          683    i.__scatterload_copy  mc_w.l(handlers.o)
    0x000007b2   0x0000000e   Code   RO          685    i.__scatterload_zeroinit  mc_w.l(handlers.o)
    0x000007c0   0x00000038   Code   RO          576    i.delay_init        delay.o
    0x000007f8   0x0000002c   Code   RO            3    i.main              main.o
    0x00000824   0x00000044   Data   RO          191    .constdata          can.o
    0x00000868   0x00000020   Data   RO          681    Region$$Table       anon$$obj.o


    Execution Region RW_IRAM1 (Base: 0x10000000, Size: 0x00000370, Max: 0x00008000, ABSOLUTE)

    Base Addr    Size         Type   Attr      Idx    E Section Name        Object

    0x10000000   0x00000008   Data   RW          123    .data               app_can.o
    0x10000008   0x00000018   Data   RW          192    .data               can.o
    0x10000020   0x0000000c   Data   RW          579    .data               delay.o
    0x1000002c   0x00000004   Data   RW          615    .data               system_lpc17xx.o
    0x10000030   0x00000100   Zero   RW          122    .bss                app_can.o
    0x10000130   0x00000020   Zero   RW          189    .bss                can.o
    0x10000150   0x00000020   Zero   RW          190    .bss                can.o
    0x10000170   0x00000200   Zero   RW          644    STACK               startup_lpc17xx.o


==============================================================================

Image component sizes


      Code (inc. data)   RO Data    RW Data    ZI Data      Debug   Object Name

       456         48          0          8        256       6343   app_can.o
       582        106         68         24         64      40658   can.o
        56         12          0         12          0        734   delay.o
         0          0          0          0          0         32   glcd_lpc1700.o
        16          4          0          0          0        403   led.o
        44          6          0          0          0      21699   main.o
        32          8        204          0        512        992   startup_lpc17xx.o
       184         12          0          4          0        919   system_lpc17xx.o
       382         22          0          0          0      20379   uart.o

    ----------------------------------------------------------------------
      1752        218        304         48        832      92159   Object Totals
         0          0         32          0          0          0   (incl. Generated)
         0          0          0          0          0          0   (incl. Padding)

    ----------------------------------------------------------------------

      Code (inc. data)   RO Data    RW Data    ZI Data      Debug   Library Member Name

         0          0          0          0          0          0   entry.o
         0          0          0          0          0          0   entry10a.o
         0          0          0          0          0          0   entry11a.o
         8          4          0          0          0          0   entry2.o
         4          0          0          0          0          0   entry5.o
         0          0          0          0          0          0   entry7b.o
         0          0          0          0          0          0   entry8b.o
         8          4          0          0          0          0   entry9a.o
        30          0          0          0          0          0   handlers.o
        36          8          0          0          0         68   init.o
        36          0          0          0          0        108   memseta.o

    ----------------------------------------------------------------------
       128         16          0          0          0        176   Library Totals
         6          0          0          0          0          0   (incl. Padding)

    ----------------------------------------------------------------------

      Code (inc. data)   RO Data    RW Data    ZI Data      Debug   Library Name

       122         16          0          0          0        176   mc_w.l

    ----------------------------------------------------------------------
       128         16          0          0          0        176   Library Totals

    ----------------------------------------------------------------------

==============================================================================


      Code (inc. data)   RO Data    RW Data    ZI Data      Debug   

      1880        234        304         48        832      91291   Grand Totals
      1880        234        304         48        832      91291   ELF Image Totals
      1880        234        304         48          0          0   ROM Totals

==============================================================================

    Total RO  Size (Code + RO Data)                 2184 (   2.13kB)
    Total RW  Size (RW Data + ZI Data)               880 (   0.86kB)
    Total ROM Size (Code + RO Data + RW Data)       2232 (   2.18kB)

==============================================================================

