Component: ARM Compiler 5.06 update 4 (build 422) Tool: armlink [4d35d2]

==============================================================================

Section Cross References

    main.o(i.Hex_Str) refers to main.o(.data) for hex_chars
    main.o(i.adc_Get) refers to adc.o(i.ADC_startCnv) for ADC_startCnv
    main.o(i.adc_Get) refers to adc.o(i.ADC_getCnv) for ADC_getCnv
    main.o(i.adc_Get) refers to adc.o(i.ADC_stopCnv) for ADC_stopCnv
    main.o(i.adc_Init) refers to adc.o(i.ADC_init) for ADC_init
    main.o(i.can_Init) refers to can.o(i.CAN_setup) for CAN_setup
    main.o(i.can_Init) refers to can.o(i.CAN_wrFilter) for CAN_wrFilter
    main.o(i.can_Init) refers to can.o(i.CAN_start) for CAN_start
    main.o(i.can_Init) refers to can.o(i.CAN_waitReady) for CAN_waitReady
    main.o(i.main) refers to system_lpc17xx.o(i.SystemInit) for SystemInit
    main.o(i.main) refers to main.o(i.adc_Init) for adc_Init
    main.o(i.main) refers to led.o(i.LED_init) for LED_init
    main.o(i.main) refers to main.o(i.can_Init) for can_Init
    main.o(i.main) refers to glcd_lpc1700.o(i.GLCD_Init) for GLCD_Init
    main.o(i.main) refers to glcd_lpc1700.o(i.GLCD_Clear) for GLCD_Clear
    main.o(i.main) refers to glcd_lpc1700.o(i.GLCD_SetBackColor) for GLCD_SetBackColor
    main.o(i.main) refers to glcd_lpc1700.o(i.GLCD_SetTextColor) for GLCD_SetTextColor
    main.o(i.main) refers to glcd_lpc1700.o(i.GLCD_DisplayString) for GLCD_DisplayString
    main.o(i.main) refers to main.o(i.adc_Get) for adc_Get
    main.o(i.main) refers to can.o(i.CAN_wrMsg) for CAN_wrMsg
    main.o(i.main) refers to main.o(i.delay) for delay
    main.o(i.main) refers to main.o(i.val_display) for val_display
    main.o(i.main) refers to can.o(.bss) for CAN_TxMsg
    main.o(i.main) refers to main.o(.data) for val_Tx
    main.o(i.main) refers to can.o(.data) for CAN_TxRdy
    main.o(i.val_display) refers to main.o(i.Hex_Str) for Hex_Str
    main.o(i.val_display) refers to glcd_lpc1700.o(i.GLCD_DisplayString) for GLCD_DisplayString
    main.o(i.val_display) refers to led.o(i.LED_out) for LED_out
    main.o(i.val_display) refers to main.o(i.delay) for delay
    main.o(i.val_display) refers to main.o(.data) for val_Tx
    can.o(i.CAN_IRQHandler) refers to can.o(i.CAN_rdMsg) for CAN_rdMsg
    can.o(i.CAN_IRQHandler) refers to can.o(.bss) for CAN_RxMsg
    can.o(i.CAN_IRQHandler) refers to can.o(.data) for CAN_RxRdy
    can.o(i.CAN_cfgBaudrate) refers to can.o(.constdata) for CAN_BIT_TIME
    can.o(i.CAN_setup) refers to can.o(i.NVIC_EnableIRQ) for NVIC_EnableIRQ
    can.o(i.CAN_setup) refers to can.o(i.CAN_cfgBaudrate) for CAN_cfgBaudrate
    can.o(i.CAN_waitReady) refers to can.o(.data) for CAN_TxRdy
    can.o(i.CAN_wrFilter) refers to can.o(.data) for CAN_ext_cnt
    led.o(i.LED_AllOff) refers to led.o(.constdata) for led_mask
    led.o(i.LED_AllOn) refers to led.o(.constdata) for led_mask
    led.o(i.LED_init) refers to led.o(i.LED_AllOff) for LED_AllOff
    led.o(i.LED_off) refers to led.o(.constdata) for led_mask
    led.o(i.LED_on) refers to led.o(.constdata) for led_mask
    led.o(i.LED_out) refers to led.o(.constdata) for led_mask
    glcd_lpc1700.o(i.GLCD_Bargraph) refers to glcd_lpc1700.o(i.wr_reg) for wr_reg
    glcd_lpc1700.o(i.GLCD_Bargraph) refers to glcd_lpc1700.o(i.wr_cmd) for wr_cmd
    glcd_lpc1700.o(i.GLCD_Bargraph) refers to glcd_lpc1700.o(i.wr_dat_start) for wr_dat_start
    glcd_lpc1700.o(i.GLCD_Bargraph) refers to glcd_lpc1700.o(i.wr_dat_only) for wr_dat_only
    glcd_lpc1700.o(i.GLCD_Bargraph) refers to glcd_lpc1700.o(i.wr_dat_stop) for wr_dat_stop
    glcd_lpc1700.o(i.GLCD_Bargraph) refers to glcd_lpc1700.o(.data) for driverCode
    glcd_lpc1700.o(i.GLCD_Bitmap) refers to glcd_lpc1700.o(i.wr_reg) for wr_reg
    glcd_lpc1700.o(i.GLCD_Bitmap) refers to glcd_lpc1700.o(i.wr_cmd) for wr_cmd
    glcd_lpc1700.o(i.GLCD_Bitmap) refers to glcd_lpc1700.o(i.wr_dat_start) for wr_dat_start
    glcd_lpc1700.o(i.GLCD_Bitmap) refers to glcd_lpc1700.o(i.wr_dat_only) for wr_dat_only
    glcd_lpc1700.o(i.GLCD_Bitmap) refers to glcd_lpc1700.o(i.wr_dat_stop) for wr_dat_stop
    glcd_lpc1700.o(i.GLCD_Bitmap) refers to glcd_lpc1700.o(.data) for driverCode
    glcd_lpc1700.o(i.GLCD_Bmp) refers to glcd_lpc1700.o(i.wr_reg) for wr_reg
    glcd_lpc1700.o(i.GLCD_Bmp) refers to glcd_lpc1700.o(i.wr_cmd) for wr_cmd
    glcd_lpc1700.o(i.GLCD_Bmp) refers to glcd_lpc1700.o(i.wr_dat_start) for wr_dat_start
    glcd_lpc1700.o(i.GLCD_Bmp) refers to glcd_lpc1700.o(i.wr_dat_only) for wr_dat_only
    glcd_lpc1700.o(i.GLCD_Bmp) refers to glcd_lpc1700.o(i.wr_dat_stop) for wr_dat_stop
    glcd_lpc1700.o(i.GLCD_Bmp) refers to glcd_lpc1700.o(.data) for driverCode
    glcd_lpc1700.o(i.GLCD_Clear) refers to glcd_lpc1700.o(i.GLCD_WindowMax) for GLCD_WindowMax
    glcd_lpc1700.o(i.GLCD_Clear) refers to glcd_lpc1700.o(i.wr_reg) for wr_reg
    glcd_lpc1700.o(i.GLCD_Clear) refers to glcd_lpc1700.o(i.wr_cmd) for wr_cmd
    glcd_lpc1700.o(i.GLCD_Clear) refers to glcd_lpc1700.o(i.wr_dat_start) for wr_dat_start
    glcd_lpc1700.o(i.GLCD_Clear) refers to glcd_lpc1700.o(i.wr_dat_only) for wr_dat_only
    glcd_lpc1700.o(i.GLCD_Clear) refers to glcd_lpc1700.o(i.wr_dat_stop) for wr_dat_stop
    glcd_lpc1700.o(i.GLCD_Clear) refers to glcd_lpc1700.o(.data) for driverCode
    glcd_lpc1700.o(i.GLCD_ClearLn) refers to glcd_lpc1700.o(i.GLCD_WindowMax) for GLCD_WindowMax
    glcd_lpc1700.o(i.GLCD_ClearLn) refers to glcd_lpc1700.o(i.GLCD_DisplayString) for GLCD_DisplayString
    glcd_lpc1700.o(i.GLCD_DisplayChar) refers to glcd_lpc1700.o(i.GLCD_DrawChar) for GLCD_DrawChar
    glcd_lpc1700.o(i.GLCD_DisplayChar) refers to glcd_lpc1700.o(.constdata) for Font_24x16
    glcd_lpc1700.o(i.GLCD_DisplayString) refers to glcd_lpc1700.o(i.GLCD_WindowMax) for GLCD_WindowMax
    glcd_lpc1700.o(i.GLCD_DisplayString) refers to glcd_lpc1700.o(i.GLCD_DisplayChar) for GLCD_DisplayChar
    glcd_lpc1700.o(i.GLCD_DrawChar) refers to glcd_lpc1700.o(i.wr_reg) for wr_reg
    glcd_lpc1700.o(i.GLCD_DrawChar) refers to glcd_lpc1700.o(i.wr_cmd) for wr_cmd
    glcd_lpc1700.o(i.GLCD_DrawChar) refers to glcd_lpc1700.o(i.wr_dat_start) for wr_dat_start
    glcd_lpc1700.o(i.GLCD_DrawChar) refers to glcd_lpc1700.o(i.wr_dat_only) for wr_dat_only
    glcd_lpc1700.o(i.GLCD_DrawChar) refers to glcd_lpc1700.o(i.wr_dat_stop) for wr_dat_stop
    glcd_lpc1700.o(i.GLCD_DrawChar) refers to glcd_lpc1700.o(.data) for driverCode
    glcd_lpc1700.o(i.GLCD_Init) refers to glcd_lpc1700.o(i.delay) for delay
    glcd_lpc1700.o(i.GLCD_Init) refers to glcd_lpc1700.o(i.rd_reg) for rd_reg
    glcd_lpc1700.o(i.GLCD_Init) refers to glcd_lpc1700.o(i.wr_reg) for wr_reg
    glcd_lpc1700.o(i.GLCD_Init) refers to glcd_lpc1700.o(.data) for driverCode
    glcd_lpc1700.o(i.GLCD_PutPixel) refers to glcd_lpc1700.o(i.wr_reg) for wr_reg
    glcd_lpc1700.o(i.GLCD_PutPixel) refers to glcd_lpc1700.o(i.wr_cmd) for wr_cmd
    glcd_lpc1700.o(i.GLCD_PutPixel) refers to glcd_lpc1700.o(i.wr_dat) for wr_dat
    glcd_lpc1700.o(i.GLCD_PutPixel) refers to glcd_lpc1700.o(.data) for driverCode
    glcd_lpc1700.o(i.GLCD_SetBackColor) refers to glcd_lpc1700.o(.data) for BackColor
    glcd_lpc1700.o(i.GLCD_SetTextColor) refers to glcd_lpc1700.o(.data) for TextColor
    glcd_lpc1700.o(i.GLCD_WindowMax) refers to glcd_lpc1700.o(i.wr_reg) for wr_reg
    glcd_lpc1700.o(i.GLCD_WindowMax) refers to glcd_lpc1700.o(.data) for driverCode
    glcd_lpc1700.o(i.rd_dat) refers to glcd_lpc1700.o(i.wait_delay) for wait_delay
    glcd_lpc1700.o(i.rd_reg) refers to glcd_lpc1700.o(i.wr_cmd) for wr_cmd
    glcd_lpc1700.o(i.rd_reg) refers to glcd_lpc1700.o(i.rd_dat) for rd_dat
    glcd_lpc1700.o(i.wr_cmd) refers to glcd_lpc1700.o(i.lcd_send) for lcd_send
    glcd_lpc1700.o(i.wr_cmd) refers to glcd_lpc1700.o(.emb_text) for wait
    glcd_lpc1700.o(i.wr_dat) refers to glcd_lpc1700.o(i.lcd_send) for lcd_send
    glcd_lpc1700.o(i.wr_dat) refers to glcd_lpc1700.o(.emb_text) for wait
    glcd_lpc1700.o(i.wr_dat_only) refers to glcd_lpc1700.o(i.lcd_send) for lcd_send
    glcd_lpc1700.o(i.wr_dat_only) refers to glcd_lpc1700.o(.emb_text) for wait
    glcd_lpc1700.o(i.wr_reg) refers to glcd_lpc1700.o(i.wr_cmd) for wr_cmd
    glcd_lpc1700.o(i.wr_reg) refers to glcd_lpc1700.o(i.wr_dat) for wr_dat
    uart.o(i.UART0_SendChar) refers to uart.o(i.UART0_SendByte) for UART0_SendByte
    uart.o(i.UART0_SendString) refers to uart.o(i.UART0_SendByte) for UART0_SendByte
    uart.o(i.UART2_SendString) refers to uart.o(i.UART2_SendByte) for UART2_SendByte
    delay.o(i.delay_init) refers to system_lpc17xx.o(.data) for SystemCoreClock
    delay.o(i.delay_init) refers to delay.o(.data) for fac_us
    delay.o(i.delay_ms) refers to delay.o(.data) for fac_ms
    delay.o(i.delay_us) refers to delay.o(.data) for fac_us
    system_lpc17xx.o(i.SystemCoreClockUpdate) refers to uldiv.o(.text) for __aeabi_uldivmod
    system_lpc17xx.o(i.SystemCoreClockUpdate) refers to system_lpc17xx.o(.data) for SystemCoreClock
    startup_lpc17xx.o(RESET) refers to startup_lpc17xx.o(STACK) for __initial_sp
    startup_lpc17xx.o(RESET) refers to startup_lpc17xx.o(.text) for Reset_Handler
    startup_lpc17xx.o(RESET) refers to can.o(i.CAN_IRQHandler) for CAN_IRQHandler
    startup_lpc17xx.o(.text) refers to entry.o(.ARM.Collect$$$$00000000) for __main
    entry.o(.ARM.Collect$$$$00000000) refers (Special) to entry10a.o(.ARM.Collect$$$$0000000D) for __rt_final_cpp
    entry.o(.ARM.Collect$$$$00000000) refers (Special) to entry11a.o(.ARM.Collect$$$$0000000F) for __rt_final_exit
    entry.o(.ARM.Collect$$$$00000000) refers (Special) to entry7b.o(.ARM.Collect$$$$00000008) for _main_clock
    entry.o(.ARM.Collect$$$$00000000) refers (Special) to entry8b.o(.ARM.Collect$$$$0000000A) for _main_cpp_init
    entry.o(.ARM.Collect$$$$00000000) refers (Special) to entry9a.o(.ARM.Collect$$$$0000000B) for _main_init
    entry.o(.ARM.Collect$$$$00000000) refers (Special) to entry5.o(.ARM.Collect$$$$00000004) for _main_scatterload
    entry.o(.ARM.Collect$$$$00000000) refers (Special) to entry2.o(.ARM.Collect$$$$00000001) for _main_stk
    uldiv.o(.text) refers to llushr.o(.text) for __aeabi_llsr
    uldiv.o(.text) refers to llshl.o(.text) for __aeabi_llsl
    entry2.o(.ARM.Collect$$$$00000001) refers to entry2.o(.ARM.Collect$$$$00002712) for __lit__00000000
    entry2.o(.ARM.Collect$$$$00002712) refers to startup_lpc17xx.o(STACK) for __initial_sp
    entry2.o(__vectab_stack_and_reset_area) refers to startup_lpc17xx.o(STACK) for __initial_sp
    entry2.o(__vectab_stack_and_reset_area) refers to entry.o(.ARM.Collect$$$$00000000) for __main
    entry5.o(.ARM.Collect$$$$00000004) refers to init.o(.text) for __scatterload
    entry9a.o(.ARM.Collect$$$$0000000B) refers to main.o(i.main) for main
    entry9b.o(.ARM.Collect$$$$0000000C) refers to main.o(i.main) for main
    init.o(.text) refers to entry5.o(.ARM.Collect$$$$00000004) for __main_after_scatterload


==============================================================================

Removing Unused input sections from the image.

    Removing led.o(i.LED_AllOn), (36 bytes).
    Removing led.o(i.LED_off), (48 bytes).
    Removing led.o(i.LED_on), (48 bytes).
    Removing glcd_lpc1700.o(i.GLCD_Bargraph), (264 bytes).
    Removing glcd_lpc1700.o(i.GLCD_Bitmap), (236 bytes).
    Removing glcd_lpc1700.o(i.GLCD_Bmp), (236 bytes).
    Removing glcd_lpc1700.o(i.GLCD_ClearLn), (44 bytes).
    Removing glcd_lpc1700.o(i.GLCD_PutPixel), (108 bytes).
    Removing uart.o(i.UART0_GetChar), (24 bytes).
    Removing uart.o(i.UART0_Init), (80 bytes).
    Removing uart.o(i.UART0_SendByte), (28 bytes).
    Removing uart.o(i.UART0_SendChar), (124 bytes).
    Removing uart.o(i.UART0_SendString), (22 bytes).
    Removing uart.o(i.UART2_GetChar), (24 bytes).
    Removing uart.o(i.UART2_Init), (100 bytes).
    Removing uart.o(i.UART2_SendByte), (28 bytes).
    Removing uart.o(i.UART2_SendString), (22 bytes).
    Removing uart.o(i.Uart_Init), (224 bytes).
    Removing delay.o(i.delay_init), (72 bytes).
    Removing delay.o(i.delay_ms), (100 bytes).
    Removing delay.o(i.delay_us), (80 bytes).
    Removing delay.o(.data), (8 bytes).
    Removing core_cm3.o(.emb_text), (32 bytes).
    Removing system_lpc17xx.o(i.SystemCoreClockUpdate), (424 bytes).
    Removing system_lpc17xx.o(.data), (4 bytes).
    Removing startup_lpc17xx.o(HEAP), (0 bytes).

26 unused section(s) (total 2416 bytes) removed from the image.

==============================================================================

Image Symbol Table

    Local Symbols

    Symbol Name                              Value     Ov Type        Size  Object(Section)

    RESET                                    0x00000000   Section      204  startup_lpc17xx.o(RESET)
    ../clib/microlib/division.c              0x00000000   Number         0  uldiv.o ABSOLUTE
    ../clib/microlib/init/entry.s            0x00000000   Number         0  entry.o ABSOLUTE
    ../clib/microlib/init/entry.s            0x00000000   Number         0  entry2.o ABSOLUTE
    ../clib/microlib/init/entry.s            0x00000000   Number         0  entry11b.o ABSOLUTE
    ../clib/microlib/init/entry.s            0x00000000   Number         0  entry10b.o ABSOLUTE
    ../clib/microlib/init/entry.s            0x00000000   Number         0  entry10a.o ABSOLUTE
    ../clib/microlib/init/entry.s            0x00000000   Number         0  entry11a.o ABSOLUTE
    ../clib/microlib/init/entry.s            0x00000000   Number         0  entry5.o ABSOLUTE
    ../clib/microlib/init/entry.s            0x00000000   Number         0  entry7a.o ABSOLUTE
    ../clib/microlib/init/entry.s            0x00000000   Number         0  entry7b.o ABSOLUTE
    ../clib/microlib/init/entry.s            0x00000000   Number         0  entry8a.o ABSOLUTE
    ../clib/microlib/init/entry.s            0x00000000   Number         0  entry8b.o ABSOLUTE
    ../clib/microlib/init/entry.s            0x00000000   Number         0  entry9a.o ABSOLUTE
    ../clib/microlib/init/entry.s            0x00000000   Number         0  entry9b.o ABSOLUTE
    ../clib/microlib/longlong.c              0x00000000   Number         0  llushr.o ABSOLUTE
    ../clib/microlib/longlong.c              0x00000000   Number         0  llshl.o ABSOLUTE
    ..\APP\app_can.c                         0x00000000   Number         0  app_can.o ABSOLUTE
    ..\APP\app_use.c                         0x00000000   Number         0  app_use.o ABSOLUTE
    ..\CMSIS\CM3\CoreSupport\core_cm3.c      0x00000000   Number         0  core_cm3.o ABSOLUTE
    ..\CMSIS\CM3\DeviceSupport\NXP\LPC17xx\system_LPC17xx.c 0x00000000   Number         0  system_lpc17xx.o ABSOLUTE
    ..\Driver\ADC.c                          0x00000000   Number         0  adc.o ABSOLUTE
    ..\Driver\CAN.c                          0x00000000   Number         0  can.o ABSOLUTE
    ..\Driver\GLCD_LPC1700.c                 0x00000000   Number         0  glcd_lpc1700.o ABSOLUTE
    ..\Driver\LED.c                          0x00000000   Number         0  led.o ABSOLUTE
    ..\Driver\delay.c                        0x00000000   Number         0  delay.o ABSOLUTE
    ..\Driver\uart.c                         0x00000000   Number         0  uart.o ABSOLUTE
    ..\STARTCODE\startup_LPC17xx.s           0x00000000   Number         0  startup_lpc17xx.o ABSOLUTE
    ..\USER\main.c                           0x00000000   Number         0  main.o ABSOLUTE
    ..\\CMSIS\\CM3\\CoreSupport\\core_cm3.c  0x00000000   Number         0  core_cm3.o ABSOLUTE
    ..\\Driver\\GLCD_LPC1700.c               0x00000000   Number         0  glcd_lpc1700.o ABSOLUTE
    dc.s                                     0x00000000   Number         0  dc.o ABSOLUTE
    handlers.s                               0x00000000   Number         0  handlers.o ABSOLUTE
    init.s                                   0x00000000   Number         0  init.o ABSOLUTE
    .ARM.Collect$$$$00000000                 0x000000cc   Section        0  entry.o(.ARM.Collect$$$$00000000)
    .ARM.Collect$$$$00000001                 0x000000cc   Section        4  entry2.o(.ARM.Collect$$$$00000001)
    .ARM.Collect$$$$00000004                 0x000000d0   Section        4  entry5.o(.ARM.Collect$$$$00000004)
    .ARM.Collect$$$$00000008                 0x000000d4   Section        0  entry7b.o(.ARM.Collect$$$$00000008)
    .ARM.Collect$$$$0000000A                 0x000000d4   Section        0  entry8b.o(.ARM.Collect$$$$0000000A)
    .ARM.Collect$$$$0000000B                 0x000000d4   Section        8  entry9a.o(.ARM.Collect$$$$0000000B)
    .ARM.Collect$$$$0000000D                 0x000000dc   Section        0  entry10a.o(.ARM.Collect$$$$0000000D)
    .ARM.Collect$$$$0000000F                 0x000000dc   Section        0  entry11a.o(.ARM.Collect$$$$0000000F)
    .ARM.Collect$$$$00002712                 0x000000dc   Section        4  entry2.o(.ARM.Collect$$$$00002712)
    __lit__00000000                          0x000000dc   Data           4  entry2.o(.ARM.Collect$$$$00002712)
    .emb_text                                0x000000e0   Section        4  glcd_lpc1700.o(.emb_text)
    .text                                    0x000000e4   Section       28  startup_lpc17xx.o(.text)
    .text                                    0x00000100   Section       36  init.o(.text)
    i.ADC_getCnv                             0x00000124   Section        0  adc.o(i.ADC_getCnv)
    i.ADC_init                               0x00000140   Section        0  adc.o(i.ADC_init)
    i.ADC_startCnv                           0x00000180   Section        0  adc.o(i.ADC_startCnv)
    i.ADC_stopCnv                            0x0000019c   Section        0  adc.o(i.ADC_stopCnv)
    i.CAN_IRQHandler                         0x000001b0   Section        0  can.o(i.CAN_IRQHandler)
    i.CAN_cfgBaudrate                        0x0000022c   Section        0  can.o(i.CAN_cfgBaudrate)
    CAN_cfgBaudrate                          0x0000022d   Thumb Code    50  can.o(i.CAN_cfgBaudrate)
    i.CAN_rdMsg                              0x00000270   Section        0  can.o(i.CAN_rdMsg)
    i.CAN_start                              0x000002ac   Section        0  can.o(i.CAN_start)
    i.CAN_waitReady                          0x000002c8   Section        0  can.o(i.CAN_waitReady)
    .ARM.__at_0x02FC                         0x000002fc   Section        4  startup_lpc17xx.o(.ARM.__at_0x02FC)
    i.CAN_setup                              0x00000300   Section        0  can.o(i.CAN_setup)
    i.CAN_wrFilter                           0x000003a4   Section        0  can.o(i.CAN_wrFilter)
    i.CAN_wrMsg                              0x000006bc   Section        0  can.o(i.CAN_wrMsg)
    i.GLCD_Clear                             0x00000718   Section        0  glcd_lpc1700.o(i.GLCD_Clear)
    i.GLCD_DisplayChar                       0x00000780   Section        0  glcd_lpc1700.o(i.GLCD_DisplayChar)
    i.GLCD_DisplayString                     0x000007b0   Section        0  glcd_lpc1700.o(i.GLCD_DisplayString)
    i.GLCD_DrawChar                          0x000007d4   Section        0  glcd_lpc1700.o(i.GLCD_DrawChar)
    i.GLCD_Init                              0x000008cc   Section        0  glcd_lpc1700.o(i.GLCD_Init)
    i.GLCD_SetBackColor                      0x000010dc   Section        0  glcd_lpc1700.o(i.GLCD_SetBackColor)
    i.GLCD_SetTextColor                      0x000010e8   Section        0  glcd_lpc1700.o(i.GLCD_SetTextColor)
    i.GLCD_WindowMax                         0x000010f4   Section        0  glcd_lpc1700.o(i.GLCD_WindowMax)
    i.Hex_Str                                0x00001150   Section        0  main.o(i.Hex_Str)
    i.LED_AllOff                             0x0000117c   Section        0  led.o(i.LED_AllOff)
    i.LED_init                               0x000011a0   Section        0  led.o(i.LED_init)
    i.LED_out                                0x000011b8   Section        0  led.o(i.LED_out)
    i.NVIC_EnableIRQ                         0x000011f8   Section        0  can.o(i.NVIC_EnableIRQ)
    NVIC_EnableIRQ                           0x000011f9   Thumb Code    22  can.o(i.NVIC_EnableIRQ)
    i.SystemInit                             0x00001210   Section        0  system_lpc17xx.o(i.SystemInit)
    i.__scatterload_copy                     0x00001350   Section       14  handlers.o(i.__scatterload_copy)
    i.__scatterload_null                     0x0000135e   Section        2  handlers.o(i.__scatterload_null)
    i.__scatterload_zeroinit                 0x00001360   Section       14  handlers.o(i.__scatterload_zeroinit)
    i.adc_Get                                0x0000136e   Section        0  main.o(i.adc_Get)
    i.adc_Init                               0x00001384   Section        0  main.o(i.adc_Init)
    i.can_Init                               0x0000138c   Section        0  main.o(i.can_Init)
    i.delay                                  0x000013be   Section        0  main.o(i.delay)
    i.delay                                  0x000013c8   Section        0  glcd_lpc1700.o(i.delay)
    delay                                    0x000013c9   Thumb Code    14  glcd_lpc1700.o(i.delay)
    i.lcd_send                               0x000013d8   Section        0  glcd_lpc1700.o(i.lcd_send)
    lcd_send                                 0x000013d9   Thumb Code    44  glcd_lpc1700.o(i.lcd_send)
    i.main                                   0x00001408   Section        0  main.o(i.main)
    i.rd_dat                                 0x00001550   Section        0  glcd_lpc1700.o(i.rd_dat)
    rd_dat                                   0x00001551   Thumb Code    98  glcd_lpc1700.o(i.rd_dat)
    i.rd_reg                                 0x000015b8   Section        0  glcd_lpc1700.o(i.rd_reg)
    rd_reg                                   0x000015b9   Thumb Code    38  glcd_lpc1700.o(i.rd_reg)
    i.val_display                            0x000015e4   Section        0  main.o(i.val_display)
    i.wait_delay                             0x00001628   Section        0  glcd_lpc1700.o(i.wait_delay)
    i.wr_cmd                                 0x00001634   Section        0  glcd_lpc1700.o(i.wr_cmd)
    wr_cmd                                   0x00001635   Thumb Code    44  glcd_lpc1700.o(i.wr_cmd)
    i.wr_dat                                 0x00001664   Section        0  glcd_lpc1700.o(i.wr_dat)
    wr_dat                                   0x00001665   Thumb Code    44  glcd_lpc1700.o(i.wr_dat)
    i.wr_dat_only                            0x00001694   Section        0  glcd_lpc1700.o(i.wr_dat_only)
    wr_dat_only                              0x00001695   Thumb Code    32  glcd_lpc1700.o(i.wr_dat_only)
    i.wr_dat_start                           0x000016b8   Section        0  glcd_lpc1700.o(i.wr_dat_start)
    wr_dat_start                             0x000016b9   Thumb Code    10  glcd_lpc1700.o(i.wr_dat_start)
    i.wr_dat_stop                            0x000016c8   Section        0  glcd_lpc1700.o(i.wr_dat_stop)
    wr_dat_stop                              0x000016c9   Thumb Code    10  glcd_lpc1700.o(i.wr_dat_stop)
    i.wr_reg                                 0x000016d8   Section        0  glcd_lpc1700.o(i.wr_reg)
    wr_reg                                   0x000016d9   Thumb Code    36  glcd_lpc1700.o(i.wr_reg)
    .constdata                               0x00001700   Section       68  can.o(.constdata)
    .constdata                               0x00001744   Section       32  led.o(.constdata)
    .constdata                               0x00001764   Section     5376  glcd_lpc1700.o(.constdata)
    .data                                    0x10000000   Section       42  main.o(.data)
    disp_buf                                 0x10000018   Data          18  main.o(.data)
    .data                                    0x1000002c   Section       24  can.o(.data)
    CAN_std_cnt                              0x1000003c   Data           4  can.o(.data)
    CAN_ext_cnt                              0x10000040   Data           4  can.o(.data)
    .data                                    0x10000044   Section        6  glcd_lpc1700.o(.data)
    TextColor                                0x10000044   Data           2  glcd_lpc1700.o(.data)
    BackColor                                0x10000046   Data           2  glcd_lpc1700.o(.data)
    driverCode                               0x10000048   Data           2  glcd_lpc1700.o(.data)
    .bss                                     0x1000004c   Section       64  can.o(.bss)
    STACK                                    0x10000090   Section      512  startup_lpc17xx.o(STACK)

    Global Symbols

    Symbol Name                              Value     Ov Type        Size  Object(Section)

    BuildAttributes$$THM_ISAv4$P$D$K$B$S$PE$A:L22UL41UL21$X:L11$S22US41US21$IEEE1$IW$USESV6$~STKCKD$USESV7$~SHL$OSPACE$EBA8$MICROLIB$REQ8$PRES8$EABIv2 0x00000000   Number         0  anon$$obj.o ABSOLUTE
    __ARM_use_no_argv                        0x00000000   Number         0  main.o ABSOLUTE
    __Vectors                                0x00000000   Data           4  startup_lpc17xx.o(RESET)
    __cpp_initialize__aeabi_                  - Undefined Weak Reference
    __cxa_finalize                            - Undefined Weak Reference
    __decompress                              - Undefined Weak Reference
    _clock_init                               - Undefined Weak Reference
    _microlib_exit                            - Undefined Weak Reference
    __main                                   0x000000cd   Thumb Code     0  entry.o(.ARM.Collect$$$$00000000)
    _main_stk                                0x000000cd   Thumb Code     0  entry2.o(.ARM.Collect$$$$00000001)
    _main_scatterload                        0x000000d1   Thumb Code     0  entry5.o(.ARM.Collect$$$$00000004)
    __main_after_scatterload                 0x000000d5   Thumb Code     0  entry5.o(.ARM.Collect$$$$00000004)
    _main_clock                              0x000000d5   Thumb Code     0  entry7b.o(.ARM.Collect$$$$00000008)
    _main_cpp_init                           0x000000d5   Thumb Code     0  entry8b.o(.ARM.Collect$$$$0000000A)
    _main_init                               0x000000d5   Thumb Code     0  entry9a.o(.ARM.Collect$$$$0000000B)
    __rt_final_cpp                           0x000000dd   Thumb Code     0  entry10a.o(.ARM.Collect$$$$0000000D)
    __rt_final_exit                          0x000000dd   Thumb Code     0  entry11a.o(.ARM.Collect$$$$0000000F)
    wait                                     0x000000e1   Thumb Code     4  glcd_lpc1700.o(.emb_text)
    Reset_Handler                            0x000000e5   Thumb Code     4  startup_lpc17xx.o(.text)
    NMI_Handler                              0x000000e9   Thumb Code     2  startup_lpc17xx.o(.text)
    HardFault_Handler                        0x000000eb   Thumb Code     2  startup_lpc17xx.o(.text)
    MemManage_Handler                        0x000000ed   Thumb Code     2  startup_lpc17xx.o(.text)
    BusFault_Handler                         0x000000ef   Thumb Code     2  startup_lpc17xx.o(.text)
    UsageFault_Handler                       0x000000f1   Thumb Code     2  startup_lpc17xx.o(.text)
    SVC_Handler                              0x000000f3   Thumb Code     2  startup_lpc17xx.o(.text)
    DebugMon_Handler                         0x000000f5   Thumb Code     2  startup_lpc17xx.o(.text)
    PendSV_Handler                           0x000000f7   Thumb Code     2  startup_lpc17xx.o(.text)
    SysTick_Handler                          0x000000f9   Thumb Code     2  startup_lpc17xx.o(.text)
    ADC_IRQHandler                           0x000000fb   Thumb Code     0  startup_lpc17xx.o(.text)
    BOD_IRQHandler                           0x000000fb   Thumb Code     0  startup_lpc17xx.o(.text)
    CANActivity_IRQHandler                   0x000000fb   Thumb Code     0  startup_lpc17xx.o(.text)
    DMA_IRQHandler                           0x000000fb   Thumb Code     0  startup_lpc17xx.o(.text)
    EINT0_IRQHandler                         0x000000fb   Thumb Code     0  startup_lpc17xx.o(.text)
    EINT1_IRQHandler                         0x000000fb   Thumb Code     0  startup_lpc17xx.o(.text)
    EINT2_IRQHandler                         0x000000fb   Thumb Code     0  startup_lpc17xx.o(.text)
    EINT3_IRQHandler                         0x000000fb   Thumb Code     0  startup_lpc17xx.o(.text)
    ENET_IRQHandler                          0x000000fb   Thumb Code     0  startup_lpc17xx.o(.text)
    I2C0_IRQHandler                          0x000000fb   Thumb Code     0  startup_lpc17xx.o(.text)
    I2C1_IRQHandler                          0x000000fb   Thumb Code     0  startup_lpc17xx.o(.text)
    I2C2_IRQHandler                          0x000000fb   Thumb Code     0  startup_lpc17xx.o(.text)
    I2S_IRQHandler                           0x000000fb   Thumb Code     0  startup_lpc17xx.o(.text)
    MCPWM_IRQHandler                         0x000000fb   Thumb Code     0  startup_lpc17xx.o(.text)
    PLL0_IRQHandler                          0x000000fb   Thumb Code     0  startup_lpc17xx.o(.text)
    PLL1_IRQHandler                          0x000000fb   Thumb Code     0  startup_lpc17xx.o(.text)
    PWM1_IRQHandler                          0x000000fb   Thumb Code     0  startup_lpc17xx.o(.text)
    QEI_IRQHandler                           0x000000fb   Thumb Code     0  startup_lpc17xx.o(.text)
    RIT_IRQHandler                           0x000000fb   Thumb Code     0  startup_lpc17xx.o(.text)
    RTC_IRQHandler                           0x000000fb   Thumb Code     0  startup_lpc17xx.o(.text)
    SPI_IRQHandler                           0x000000fb   Thumb Code     0  startup_lpc17xx.o(.text)
    SSP0_IRQHandler                          0x000000fb   Thumb Code     0  startup_lpc17xx.o(.text)
    SSP1_IRQHandler                          0x000000fb   Thumb Code     0  startup_lpc17xx.o(.text)
    TIMER0_IRQHandler                        0x000000fb   Thumb Code     0  startup_lpc17xx.o(.text)
    TIMER1_IRQHandler                        0x000000fb   Thumb Code     0  startup_lpc17xx.o(.text)
    TIMER2_IRQHandler                        0x000000fb   Thumb Code     0  startup_lpc17xx.o(.text)
    TIMER3_IRQHandler                        0x000000fb   Thumb Code     0  startup_lpc17xx.o(.text)
    UART0_IRQHandler                         0x000000fb   Thumb Code     0  startup_lpc17xx.o(.text)
    UART1_IRQHandler                         0x000000fb   Thumb Code     0  startup_lpc17xx.o(.text)
    UART2_IRQHandler                         0x000000fb   Thumb Code     0  startup_lpc17xx.o(.text)
    UART3_IRQHandler                         0x000000fb   Thumb Code     0  startup_lpc17xx.o(.text)
    USBActivity_IRQHandler                   0x000000fb   Thumb Code     0  startup_lpc17xx.o(.text)
    USB_IRQHandler                           0x000000fb   Thumb Code     0  startup_lpc17xx.o(.text)
    WDT_IRQHandler                           0x000000fb   Thumb Code     0  startup_lpc17xx.o(.text)
    __scatterload                            0x00000101   Thumb Code    28  init.o(.text)
    __scatterload_rt2                        0x00000101   Thumb Code     0  init.o(.text)
    ADC_getCnv                               0x00000125   Thumb Code    24  adc.o(i.ADC_getCnv)
    ADC_init                                 0x00000141   Thumb Code    46  adc.o(i.ADC_init)
    ADC_startCnv                             0x00000181   Thumb Code    24  adc.o(i.ADC_startCnv)
    ADC_stopCnv                              0x0000019d   Thumb Code    14  adc.o(i.ADC_stopCnv)
    CAN_IRQHandler                           0x000001b1   Thumb Code   102  can.o(i.CAN_IRQHandler)
    CAN_rdMsg                                0x00000271   Thumb Code    52  can.o(i.CAN_rdMsg)
    CAN_start                                0x000002ad   Thumb Code    18  can.o(i.CAN_start)
    CAN_waitReady                            0x000002c9   Thumb Code    38  can.o(i.CAN_waitReady)
    CAN_setup                                0x00000301   Thumb Code   140  can.o(i.CAN_setup)
    CAN_wrFilter                             0x000003a5   Thumb Code   774  can.o(i.CAN_wrFilter)
    CAN_wrMsg                                0x000006bd   Thumb Code    84  can.o(i.CAN_wrMsg)
    GLCD_Clear                               0x00000719   Thumb Code    96  glcd_lpc1700.o(i.GLCD_Clear)
    GLCD_DisplayChar                         0x00000781   Thumb Code    42  glcd_lpc1700.o(i.GLCD_DisplayChar)
    GLCD_DisplayString                       0x000007b1   Thumb Code    36  glcd_lpc1700.o(i.GLCD_DisplayString)
    GLCD_DrawChar                            0x000007d5   Thumb Code   232  glcd_lpc1700.o(i.GLCD_DrawChar)
    GLCD_Init                                0x000008cd   Thumb Code  2060  glcd_lpc1700.o(i.GLCD_Init)
    GLCD_SetBackColor                        0x000010dd   Thumb Code     6  glcd_lpc1700.o(i.GLCD_SetBackColor)
    GLCD_SetTextColor                        0x000010e9   Thumb Code     6  glcd_lpc1700.o(i.GLCD_SetTextColor)
    GLCD_WindowMax                           0x000010f5   Thumb Code    88  glcd_lpc1700.o(i.GLCD_WindowMax)
    Hex_Str                                  0x00001151   Thumb Code    38  main.o(i.Hex_Str)
    LED_AllOff                               0x0000117d   Thumb Code    28  led.o(i.LED_AllOff)
    LED_init                                 0x000011a1   Thumb Code    20  led.o(i.LED_init)
    LED_out                                  0x000011b9   Thumb Code    56  led.o(i.LED_out)
    SystemInit                               0x00001211   Thumb Code   302  system_lpc17xx.o(i.SystemInit)
    __scatterload_copy                       0x00001351   Thumb Code    14  handlers.o(i.__scatterload_copy)
    __scatterload_null                       0x0000135f   Thumb Code     2  handlers.o(i.__scatterload_null)
    __scatterload_zeroinit                   0x00001361   Thumb Code    14  handlers.o(i.__scatterload_zeroinit)
    adc_Get                                  0x0000136f   Thumb Code    22  main.o(i.adc_Get)
    adc_Init                                 0x00001385   Thumb Code     8  main.o(i.adc_Init)
    can_Init                                 0x0000138d   Thumb Code    50  main.o(i.can_Init)
    delay                                    0x000013bf   Thumb Code    10  main.o(i.delay)
    main                                     0x00001409   Thumb Code   206  main.o(i.main)
    val_display                              0x000015e5   Thumb Code    52  main.o(i.val_display)
    wait_delay                               0x00001629   Thumb Code    12  glcd_lpc1700.o(i.wait_delay)
    CAN_BIT_TIME                             0x00001700   Data          68  can.o(.constdata)
    led_mask                                 0x00001744   Data          32  led.o(.constdata)
    Font_24x16                               0x00001764   Data        5376  glcd_lpc1700.o(.constdata)
    Region$$Table$$Base                      0x00002c64   Number         0  anon$$obj.o(Region$$Table)
    Region$$Table$$Limit                     0x00002c84   Number         0  anon$$obj.o(Region$$Table)
    val_Tx                                   0x10000000   Data           4  main.o(.data)
    val_Rx                                   0x10000004   Data           4  main.o(.data)
    hex_chars                                0x10000008   Data          16  main.o(.data)
    CAN_TxRdy                                0x1000002c   Data           8  can.o(.data)
    CAN_RxRdy                                0x10000034   Data           8  can.o(.data)
    CAN_TxMsg                                0x1000004c   Data          32  can.o(.bss)
    CAN_RxMsg                                0x1000006c   Data          32  can.o(.bss)
    __initial_sp                             0x10000290   Data           0  startup_lpc17xx.o(STACK)



==============================================================================

Memory Map of the image

  Image Entry point : 0x000000cd

  Load Region LR_IROM1 (Base: 0x00000000, Size: 0x00002cd0, Max: 0x00080000, ABSOLUTE)

    Execution Region ER_IROM1 (Base: 0x00000000, Size: 0x00002c84, Max: 0x00080000, ABSOLUTE)

    Base Addr    Size         Type   Attr      Idx    E Section Name        Object

    0x00000000   0x000000cc   Data   RO          567    RESET               startup_lpc17xx.o
    0x000000cc   0x00000000   Code   RO          575  * .ARM.Collect$$$$00000000  mc_w.l(entry.o)
    0x000000cc   0x00000004   Code   RO          580    .ARM.Collect$$$$00000001  mc_w.l(entry2.o)
    0x000000d0   0x00000004   Code   RO          583    .ARM.Collect$$$$00000004  mc_w.l(entry5.o)
    0x000000d4   0x00000000   Code   RO          585    .ARM.Collect$$$$00000008  mc_w.l(entry7b.o)
    0x000000d4   0x00000000   Code   RO          587    .ARM.Collect$$$$0000000A  mc_w.l(entry8b.o)
    0x000000d4   0x00000008   Code   RO          588    .ARM.Collect$$$$0000000B  mc_w.l(entry9a.o)
    0x000000dc   0x00000000   Code   RO          590    .ARM.Collect$$$$0000000D  mc_w.l(entry10a.o)
    0x000000dc   0x00000000   Code   RO          592    .ARM.Collect$$$$0000000F  mc_w.l(entry11a.o)
    0x000000dc   0x00000004   Code   RO          581    .ARM.Collect$$$$00002712  mc_w.l(entry2.o)
    0x000000e0   0x00000004   Code   RO          273    .emb_text           glcd_lpc1700.o
    0x000000e4   0x0000001c   Code   RO          569    .text               startup_lpc17xx.o
    0x00000100   0x00000024   Code   RO          598    .text               mc_w.l(init.o)
    0x00000124   0x0000001c   Code   RO          194    i.ADC_getCnv        adc.o
    0x00000140   0x00000040   Code   RO          195    i.ADC_init          adc.o
    0x00000180   0x0000001c   Code   RO          196    i.ADC_startCnv      adc.o
    0x0000019c   0x00000014   Code   RO          197    i.ADC_stopCnv       adc.o
    0x000001b0   0x0000007c   Code   RO          121    i.CAN_IRQHandler    can.o
    0x0000022c   0x00000044   Code   RO          122    i.CAN_cfgBaudrate   can.o
    0x00000270   0x0000003c   Code   RO          123    i.CAN_rdMsg         can.o
    0x000002ac   0x0000001c   Code   RO          125    i.CAN_start         can.o
    0x000002c8   0x00000034   Code   RO          126    i.CAN_waitReady     can.o
    0x000002fc   0x00000004   Code   RO          568    .ARM.__at_0x02FC    startup_lpc17xx.o
    0x00000300   0x000000a4   Code   RO          124    i.CAN_setup         can.o
    0x000003a4   0x00000318   Code   RO          127    i.CAN_wrFilter      can.o
    0x000006bc   0x0000005c   Code   RO          128    i.CAN_wrMsg         can.o
    0x00000718   0x00000068   Code   RO          277    i.GLCD_Clear        glcd_lpc1700.o
    0x00000780   0x00000030   Code   RO          279    i.GLCD_DisplayChar  glcd_lpc1700.o
    0x000007b0   0x00000024   Code   RO          280    i.GLCD_DisplayString  glcd_lpc1700.o
    0x000007d4   0x000000f8   Code   RO          281    i.GLCD_DrawChar     glcd_lpc1700.o
    0x000008cc   0x00000810   Code   RO          282    i.GLCD_Init         glcd_lpc1700.o
    0x000010dc   0x0000000c   Code   RO          284    i.GLCD_SetBackColor  glcd_lpc1700.o
    0x000010e8   0x0000000c   Code   RO          285    i.GLCD_SetTextColor  glcd_lpc1700.o
    0x000010f4   0x0000005c   Code   RO          286    i.GLCD_WindowMax    glcd_lpc1700.o
    0x00001150   0x0000002c   Code   RO            1    i.Hex_Str           main.o
    0x0000117c   0x00000024   Code   RO          228    i.LED_AllOff        led.o
    0x000011a0   0x00000018   Code   RO          230    i.LED_init          led.o
    0x000011b8   0x00000040   Code   RO          233    i.LED_out           led.o
    0x000011f8   0x00000016   Code   RO          129    i.NVIC_EnableIRQ    can.o
    0x0000120e   0x00000002   PAD
    0x00001210   0x00000140   Code   RO          535    i.SystemInit        system_lpc17xx.o
    0x00001350   0x0000000e   Code   RO          602    i.__scatterload_copy  mc_w.l(handlers.o)
    0x0000135e   0x00000002   Code   RO          603    i.__scatterload_null  mc_w.l(handlers.o)
    0x00001360   0x0000000e   Code   RO          604    i.__scatterload_zeroinit  mc_w.l(handlers.o)
    0x0000136e   0x00000016   Code   RO            2    i.adc_Get           main.o
    0x00001384   0x00000008   Code   RO            3    i.adc_Init          main.o
    0x0000138c   0x00000032   Code   RO            4    i.can_Init          main.o
    0x000013be   0x0000000a   Code   RO            5    i.delay             main.o
    0x000013c8   0x0000000e   Code   RO          287    i.delay             glcd_lpc1700.o
    0x000013d6   0x00000002   PAD
    0x000013d8   0x00000030   Code   RO          288    i.lcd_send          glcd_lpc1700.o
    0x00001408   0x00000148   Code   RO            6    i.main              main.o
    0x00001550   0x00000068   Code   RO          289    i.rd_dat            glcd_lpc1700.o
    0x000015b8   0x0000002c   Code   RO          290    i.rd_reg            glcd_lpc1700.o
    0x000015e4   0x00000044   Code   RO            7    i.val_display       main.o
    0x00001628   0x0000000c   Code   RO          291    i.wait_delay        glcd_lpc1700.o
    0x00001634   0x00000030   Code   RO          292    i.wr_cmd            glcd_lpc1700.o
    0x00001664   0x00000030   Code   RO          293    i.wr_dat            glcd_lpc1700.o
    0x00001694   0x00000024   Code   RO          294    i.wr_dat_only       glcd_lpc1700.o
    0x000016b8   0x00000010   Code   RO          295    i.wr_dat_start      glcd_lpc1700.o
    0x000016c8   0x00000010   Code   RO          296    i.wr_dat_stop       glcd_lpc1700.o
    0x000016d8   0x00000028   Code   RO          297    i.wr_reg            glcd_lpc1700.o
    0x00001700   0x00000044   Data   RO          131    .constdata          can.o
    0x00001744   0x00000020   Data   RO          234    .constdata          led.o
    0x00001764   0x00001500   Data   RO          298    .constdata          glcd_lpc1700.o
    0x00002c64   0x00000020   Data   RO          600    Region$$Table       anon$$obj.o


    Execution Region RW_IRAM1 (Base: 0x10000000, Size: 0x00000290, Max: 0x00008000, ABSOLUTE)

    Base Addr    Size         Type   Attr      Idx    E Section Name        Object

    0x10000000   0x0000002a   Data   RW            8    .data               main.o
    0x1000002a   0x00000002   PAD
    0x1000002c   0x00000018   Data   RW          132    .data               can.o
    0x10000044   0x00000006   Data   RW          299    .data               glcd_lpc1700.o
    0x1000004a   0x00000002   PAD
    0x1000004c   0x00000040   Zero   RW          130    .bss                can.o
    0x1000008c   0x00000004   PAD
    0x10000090   0x00000200   Zero   RW          565    STACK               startup_lpc17xx.o


==============================================================================

Image component sizes


      Code (inc. data)   RO Data    RW Data    ZI Data      Debug   Object Name

       140         32          0          0          0       1697   adc.o
      1402        122         68         24         64      40238   can.o
      3046        102       5376          6          0      13416   glcd_lpc1700.o
       124         20         32          0          0       1969   led.o
       530        144          0         42          0       8505   main.o
        32          8        204          0        512        992   startup_lpc17xx.o
       320         18          0          0          0        641   system_lpc17xx.o

    ----------------------------------------------------------------------
      5598        446       5712         76        580      67458   Object Totals
         0          0         32          0          0          0   (incl. Generated)
         4          0          0          4          4          0   (incl. Padding)

    ----------------------------------------------------------------------

      Code (inc. data)   RO Data    RW Data    ZI Data      Debug   Library Member Name

         0          0          0          0          0          0   entry.o
         0          0          0          0          0          0   entry10a.o
         0          0          0          0          0          0   entry11a.o
         8          4          0          0          0          0   entry2.o
         4          0          0          0          0          0   entry5.o
         0          0          0          0          0          0   entry7b.o
         0          0          0          0          0          0   entry8b.o
         8          4          0          0          0          0   entry9a.o
        30          0          0          0          0          0   handlers.o
        36          8          0          0          0         68   init.o

    ----------------------------------------------------------------------
        86         16          0          0          0         68   Library Totals
         0          0          0          0          0          0   (incl. Padding)

    ----------------------------------------------------------------------

      Code (inc. data)   RO Data    RW Data    ZI Data      Debug   Library Name

        86         16          0          0          0         68   mc_w.l

    ----------------------------------------------------------------------
        86         16          0          0          0         68   Library Totals

    ----------------------------------------------------------------------

==============================================================================


      Code (inc. data)   RO Data    RW Data    ZI Data      Debug   

      5684        462       5712         76        580      65546   Grand Totals
      5684        462       5712         76        580      65546   ELF Image Totals
      5684        462       5712         76          0          0   ROM Totals

==============================================================================

    Total RO  Size (Code + RO Data)                11396 (  11.13kB)
    Total RW  Size (RW Data + ZI Data)               656 (   0.64kB)
    Total ROM Size (Code + RO Data + RW Data)      11472 (  11.20kB)

==============================================================================

