Component: ARM Compiler 5.06 update 4 (build 422) Tool: armlink [4d35d2]

==============================================================================

Section Cross References

    main.o(i.main) refers to system_stm32f10x.o(i.SystemInit) for SystemInit
    main.o(i.main) refers to sys.o(i.NVIC_Configuration) for NVIC_Configuration
    main.o(i.main) refers to delay.o(i.delay_init) for delay_init
    main.o(i.main) refers to bsp_led.o(i.LED_Init) for LED_Init
    main.o(i.main) refers to bsp_led.o(i.RELAY_GPIO_Init) for RELAY_GPIO_Init
    main.o(i.main) refers to bsp_adc.o(i.ADC1_Config) for ADC1_Config
    main.o(i.main) refers to bsp_ds18b20.o(i.DS18B20_Init) for DS18B20_Init
    main.o(i.main) refers to bsp_can.o(i.CAN_Configuration) for CAN_Configuration
    main.o(i.main) refers to bsp_time.o(i.Time_Init) for Time_Init
    main.o(i.main) refers to delay.o(i.delay_ms) for delay_ms
    main.o(i.main) refers to bsp_led.o(i.LED_AllOn) for LED_AllOn
    sys.o(i.NVIC_Configuration) refers to misc.o(i.NVIC_PriorityGroupConfig) for NVIC_PriorityGroupConfig
    delay.o(i.delay_init) refers to misc.o(i.SysTick_CLKSourceConfig) for SysTick_CLKSourceConfig
    delay.o(i.delay_init) refers to delay.o(.data) for fac_us
    delay.o(i.delay_ms) refers to delay.o(.data) for fac_ms
    delay.o(i.delay_us) refers to delay.o(.data) for fac_us
    bsp.o(i.PDU_TestEnd) refers to bsp.o(i.DataCheckSum) for DataCheckSum
    bsp.o(i.PDU_TestEnd) refers to bsp_can.o(i.Send_CAN_DataFrame_SSU) for Send_CAN_DataFrame_SSU
    bsp.o(i.PDU_TestEnd) refers to bsp.o(.data) for send_Frame
    bsp.o(i.SSU_ACcheckTest) refers to bsp_adc.o(i.Get_AC_Average) for Get_AC_Average
    bsp.o(i.SSU_ACcheckTest) refers to bsp.o(i.DataCheckSum) for DataCheckSum
    bsp.o(i.SSU_ACcheckTest) refers to bsp_can.o(i.Send_CAN_DataFrame_SSU) for Send_CAN_DataFrame_SSU
    bsp.o(i.SSU_ACcheckTest) refers to bsp.o(.data) for send_Frame
    bsp.o(i.SSU_CanTest) refers to bsp.o(i.DataCheckSum) for DataCheckSum
    bsp.o(i.SSU_CanTest) refers to bsp_can.o(i.Send_CAN_DataFrame_SSU) for Send_CAN_DataFrame_SSU
    bsp.o(i.SSU_CanTest) refers to bsp.o(.data) for send_Frame
    bsp.o(i.SSU_CanTest) refers to main.o(.data) for Time_CanRespone_Count
    bsp.o(i.SSU_DCcheckTest) refers to bsp_adc.o(i.Get_DC_Average) for Get_DC_Average
    bsp.o(i.SSU_DCcheckTest) refers to bsp.o(i.DataCheckSum) for DataCheckSum
    bsp.o(i.SSU_DCcheckTest) refers to bsp_can.o(i.Send_CAN_DataFrame_SSU) for Send_CAN_DataFrame_SSU
    bsp.o(i.SSU_DCcheckTest) refers to bsp.o(.data) for send_Frame
    bsp.o(i.SSU_DS18B20Test) refers to bsp_ds18b20.o(i.DS18B20_Get_Temp) for DS18B20_Get_Temp
    bsp.o(i.SSU_DS18B20Test) refers to bsp.o(i.DataCheckSum) for DataCheckSum
    bsp.o(i.SSU_DS18B20Test) refers to bsp_can.o(i.Send_CAN_DataFrame_SSU) for Send_CAN_DataFrame_SSU
    bsp.o(i.SSU_DS18B20Test) refers to bsp.o(.data) for send_Frame
    bsp.o(i.SSU_FunCan_Respone_Deal) refers to main.o(.data) for ev_CanRespone
    bsp.o(i.SSU_RelayTest) refers to stm32f10x_gpio.o(i.GPIO_ResetBits) for GPIO_ResetBits
    bsp.o(i.SSU_RelayTest) refers to delay.o(i.delay_ms) for delay_ms
    bsp.o(i.SSU_VoltTest) refers to bsp.o(i.SSU_ACcheckTest) for SSU_ACcheckTest
    bsp.o(i.SSU_VoltTest) refers to bsp.o(i.SSU_DCcheckTest) for SSU_DCcheckTest
    bsp.o(i.SSU_VoltTest) refers to main.o(.data) for state_ADC
    bsp.o(i.ac_test) refers to bsp_adc.o(i.Get_AC_Average) for Get_AC_Average
    bsp.o(i.ac_test) refers to bsp_adc.o(i.Get_DC_Average) for Get_DC_Average
    bsp.o(i.ac_test) refers to bsp.o(i.DataCheckSum) for DataCheckSum
    bsp.o(i.ac_test) refers to bsp_can.o(i.Send_CAN_DataFrame_SSU) for Send_CAN_DataFrame_SSU
    bsp.o(i.ac_test) refers to main.o(.data) for state_ADC
    bsp.o(i.ac_test) refers to bsp.o(.data) for send_Frame
    bsp_can.o(i.CAN_Configuration) refers to stm32f10x_can.o(i.CAN_DeInit) for CAN_DeInit
    bsp_can.o(i.CAN_Configuration) refers to stm32f10x_can.o(i.CAN_StructInit) for CAN_StructInit
    bsp_can.o(i.CAN_Configuration) refers to bsp_can.o(i.CAN_GPIO_Init) for CAN_GPIO_Init
    bsp_can.o(i.CAN_Configuration) refers to stm32f10x_rcc.o(i.RCC_APB1PeriphClockCmd) for RCC_APB1PeriphClockCmd
    bsp_can.o(i.CAN_Configuration) refers to stm32f10x_can.o(i.CAN_Init) for CAN_Init
    bsp_can.o(i.CAN_Configuration) refers to misc.o(i.NVIC_Init) for NVIC_Init
    bsp_can.o(i.CAN_Configuration) refers to bsp_can.o(i.CAN_Filter_Config) for CAN_Filter_Config
    bsp_can.o(i.CAN_Filter_Config) refers to stm32f10x_can.o(i.CAN_FilterInit) for CAN_FilterInit
    bsp_can.o(i.CAN_Filter_Config) refers to stm32f10x_can.o(i.CAN_ITConfig) for CAN_ITConfig
    bsp_can.o(i.CAN_GPIO_Init) refers to stm32f10x_rcc.o(i.RCC_APB2PeriphClockCmd) for RCC_APB2PeriphClockCmd
    bsp_can.o(i.CAN_GPIO_Init) refers to stm32f10x_gpio.o(i.GPIO_Init) for GPIO_Init
    bsp_can.o(i.Receive_CAN_DataFrame) refers to bsp.o(i.DataCheckSum) for DataCheckSum
[...]
    bsp_can.o(i.Send_CAN_DataFrame_SSU) refers to stm32f10x_can.o(i.CAN_TransmitStatus) for CAN_TransmitStatus
    bsp_can.o(i.Send_CAN_DataFrame_SSU) refers to stm32f10x_can.o(i.CAN_CancelTransmit) for CAN_CancelTransmit
    bsp_can.o(i.USB_LP_CAN1_RX0_IRQHandler) refers to stm32f10x_can.o(i.CAN_Receive) for CAN_Receive
    bsp_can.o(i.USB_LP_CAN1_RX0_IRQHandler) refers to bsp_can.o(i.Receive_CAN_DataFrame) for Receive_CAN_DataFrame
    bsp_adc.o(i.ADC1_Config) refers to stm32f10x_rcc.o(i.RCC_APB2PeriphClockCmd) for RCC_APB2PeriphClockCmd
    bsp_adc.o(i.ADC1_Config) refers to stm32f10x_rcc.o(i.RCC_ADCCLKConfig) for RCC_ADCCLKConfig
    bsp_adc.o(i.ADC1_Config) refers to bsp_adc.o(i.ADC_GPIO_Init) for ADC_GPIO_Init
    bsp_adc.o(i.ADC1_Config) refers to stm32f10x_adc.o(i.ADC_DeInit) for ADC_DeInit
    bsp_adc.o(i.ADC1_Config) refers to stm32f10x_adc.o(i.ADC_Init) for ADC_Init
    bsp_adc.o(i.ADC1_Config) refers to stm32f10x_adc.o(i.ADC_Cmd) for ADC_Cmd
    bsp_adc.o(i.ADC1_Config) refers to stm32f10x_adc.o(i.ADC_ResetCalibration) for ADC_ResetCalibration
    bsp_adc.o(i.ADC1_Config) refers to stm32f10x_adc.o(i.ADC_GetResetCalibrationStatus) for ADC_GetResetCalibrationStatus
    bsp_adc.o(i.ADC1_Config) refers to stm32f10x_adc.o(i.ADC_StartCalibration) for ADC_StartCalibration
    bsp_adc.o(i.ADC1_Config) refers to stm32f10x_adc.o(i.ADC_GetCalibrationStatus) for ADC_GetCalibrationStatus
    bsp_adc.o(i.ADC_GPIO_Init) refers to stm32f10x_rcc.o(i.RCC_APB2PeriphClockCmd) for RCC_APB2PeriphClockCmd
    bsp_adc.o(i.ADC_GPIO_Init) refers to stm32f10x_gpio.o(i.GPIO_Init) for GPIO_Init
    bsp_adc.o(i.Cal_Average) refers to bsp_adc.o(.bss) for Average_AC
    bsp_adc.o(i.Cal_Average) refers to bsp_adc.o(.data) for AC_Val
    bsp_adc.o(i.GetACVoltRMS) refers to bsp_adc.o(i.square_sum_average) for square_sum_average
    bsp_adc.o(i.GetACVoltRMS) refers to fflti.o(.text) for __aeabi_i2f
    bsp_adc.o(i.GetACVoltRMS) refers to fmul.o(.text) for __aeabi_fmul
    bsp_adc.o(i.GetACVoltRMS) refers to f2d.o(.text) for __aeabi_f2d
    bsp_adc.o(i.GetACVoltRMS) refers to dmul.o(.text) for __aeabi_dmul
    bsp_adc.o(i.GetACVoltRMS) refers to dfixui.o(.text) for __aeabi_d2uiz
    bsp_adc.o(i.GetACVoltRMS) refers to bsp_adc.o(.bss) for AC_Value
    bsp_adc.o(i.GetDCVoltRMS) refers to bsp_adc.o(i.square_sum_average) for square_sum_average
    bsp_adc.o(i.GetDCVoltRMS) refers to fflti.o(.text) for __aeabi_i2f
    bsp_adc.o(i.GetDCVoltRMS) refers to fdiv.o(.text) for __aeabi_fdiv
    bsp_adc.o(i.GetDCVoltRMS) refers to fmul.o(.text) for __aeabi_fmul
    bsp_adc.o(i.GetDCVoltRMS) refers to ffixui.o(.text) for __aeabi_f2uiz
    bsp_adc.o(i.GetDCVoltRMS) refers to bsp_adc.o(.bss) for DC_Value
    bsp_adc.o(i.Get_AC_Average) refers to bsp_adc.o(.data) for AC_Val
    bsp_adc.o(i.Get_Adc) refers to stm32f10x_adc.o(i.ADC_RegularChannelConfig) for ADC_RegularChannelConfig
    bsp_adc.o(i.Get_Adc) refers to stm32f10x_adc.o(i.ADC_SoftwareStartConvCmd) for ADC_SoftwareStartConvCmd
    bsp_adc.o(i.Get_Adc) refers to stm32f10x_adc.o(i.ADC_GetFlagStatus) for ADC_GetFlagStatus
    bsp_adc.o(i.Get_Adc) refers to stm32f10x_adc.o(i.ADC_GetConversionValue) for ADC_GetConversionValue
    bsp_adc.o(i.Get_Adc) refers to bsp_adc.o(.bss) for AC_Value
    bsp_adc.o(i.Get_DC_Average) refers to bsp_adc.o(.data) for DC_Val
    bsp_adc.o(i.Get_VoltRMS) refers to bsp_adc.o(i.GetDCVoltRMS) for GetDCVoltRMS
    bsp_adc.o(i.Get_VoltRMS) refers to bsp_adc.o(i.GetACVoltRMS) for GetACVoltRMS
    bsp_adc.o(i.Get_VoltRMS) refers to bsp_adc.o(.bss) for Average_DC
    bsp_adc.o(i.square_sum_average) refers to bsp_adc.o(i.sqrt_16) for sqrt_16
    bsp_led.o(i.LED_AllOn) refers to stm32f10x_gpio.o(i.GPIO_ResetBits) for GPIO_ResetBits
    bsp_led.o(i.LED_Init) refers to stm32f10x_rcc.o(i.RCC_APB2PeriphClockCmd) for RCC_APB2PeriphClockCmd
    bsp_led.o(i.LED_Init) refers to stm32f10x_gpio.o(i.GPIO_Init) for GPIO_Init
    bsp_led.o(i.LED_Init) refers to stm32f10x_gpio.o(i.GPIO_SetBits) for GPIO_SetBits
    bsp_led.o(i.RELAY_GPIO_Init) refers to stm32f10x_rcc.o(i.RCC_APB2PeriphClockCmd) for RCC_APB2PeriphClockCmd
    bsp_led.o(i.RELAY_GPIO_Init) refers to stm32f10x_gpio.o(i.GPIO_Init) for GPIO_Init
    bsp_led.o(i.RELAY_GPIO_Init) refers to stm32f10x_gpio.o(i.GPIO_SetBits) for GPIO_SetBits
    bsp_time.o(i.TIM2_IRQHandler) refers to stm32f10x_tim.o(i.TIM_GetITStatus) for TIM_GetITStatus
    bsp_time.o(i.TIM2_IRQHandler) refers to stm32f10x_tim.o(i.TIM_ClearITPendingBit) for TIM_ClearITPendingBit
    bsp_time.o(i.TIM2_IRQHandler) refers to bsp_time.o(i.TIM2_ISR_Callback) for TIM2_ISR_Callback
    bsp_time.o(i.TIM2_ISR_Callback) refers to bsp_adc.o(i.Get_Adc) for Get_Adc
    bsp_time.o(i.TIM2_ISR_Callback) refers to bsp_adc.o(i.Get_VoltRMS) for Get_VoltRMS
    bsp_time.o(i.TIM2_ISR_Callback) refers to bsp_adc.o(i.Cal_Average) for Cal_Average
    bsp_time.o(i.TIM2_ISR_Callback) refers to main.o(.data) for state_ADC
    bsp_time.o(i.TIM2_ISR_Callback) refers to bsp_time.o(.data) for Convert_num
    bsp_time.o(i.TIM3_IRQHandler) refers to stm32f10x_tim.o(i.TIM_GetITStatus) for TIM_GetITStatus
    bsp_time.o(i.TIM3_IRQHandler) refers to stm32f10x_tim.o(i.TIM_ClearITPendingBit) for TIM_ClearITPendingBit
    bsp_time.o(i.TIM3_IRQHandler) refers to bsp_time.o(i.TIM3_ISR_Callback) for TIM3_ISR_Callback
    bsp_time.o(i.Time_Init) refers to stm32f10x_rcc.o(i.RCC_APB1PeriphClockCmd) for RCC_APB1PeriphClockCmd
    bsp_time.o(i.Time_Init) refers to stm32f10x_tim.o(i.TIM_DeInit) for TIM_DeInit
    bsp_time.o(i.Time_Init) refers to stm32f10x_tim.o(i.TIM_TimeBaseInit) for TIM_TimeBaseInit
    bsp_time.o(i.Time_Init) refers to stm32f10x_tim.o(i.TIM_ClearFlag) for TIM_ClearFlag
    bsp_time.o(i.Time_Init) refers to stm32f10x_tim.o(i.TIM_ITConfig) for TIM_ITConfig
    bsp_time.o(i.Time_Init) refers to misc.o(i.NVIC_Init) for NVIC_Init
    bsp_time.o(i.Time_Init) refers to stm32f10x_tim.o(i.TIM_Cmd) for TIM_Cmd
    bsp_ds18b20.o(i.DS18B20_Check) refers to delay.o(i.delay_us) for delay_us
    bsp_ds18b20.o(i.DS18B20_Get_Temp) refers to bsp_ds18b20.o(i.DS18B20_Rst) for DS18B20_Rst
    bsp_ds18b20.o(i.DS18B20_Get_Temp) refers to bsp_ds18b20.o(i.DS18B20_Check) for DS18B20_Check
    bsp_ds18b20.o(i.DS18B20_Get_Temp) refers to bsp_ds18b20.o(i.DS18B20_Write_Byte) for DS18B20_Write_Byte
    bsp_ds18b20.o(i.DS18B20_Get_Temp) refers to bsp_ds18b20.o(i.DS18B20_Read_Byte) for DS18B20_Read_Byte
    bsp_ds18b20.o(i.DS18B20_Get_Temp) refers to bsp_ds18b20.o(i.DS18B20_Start) for DS18B20_Start
    bsp_ds18b20.o(i.DS18B20_Get_Temp) refers to fflti.o(.text) for __aeabi_i2f
    bsp_ds18b20.o(i.DS18B20_Get_Temp) refers to f2d.o(.text) for __aeabi_f2d
    bsp_ds18b20.o(i.DS18B20_Get_Temp) refers to dmul.o(.text) for __aeabi_dmul
    bsp_ds18b20.o(i.DS18B20_Get_Temp) refers to dfixi.o(.text) for __aeabi_d2iz
    bsp_ds18b20.o(i.DS18B20_Init) refers to stm32f10x_rcc.o(i.RCC_APB2PeriphClockCmd) for RCC_APB2PeriphClockCmd
    bsp_ds18b20.o(i.DS18B20_Init) refers to stm32f10x_gpio.o(i.GPIO_Init) for GPIO_Init
    bsp_ds18b20.o(i.DS18B20_Init) refers to stm32f10x_gpio.o(i.GPIO_SetBits) for GPIO_SetBits
    bsp_ds18b20.o(i.DS18B20_Init) refers to bsp_ds18b20.o(i.DS18B20_Rst) for DS18B20_Rst
    bsp_ds18b20.o(i.DS18B20_Init) refers to bsp_ds18b20.o(i.DS18B20_Check) for DS18B20_Check
    bsp_ds18b20.o(i.DS18B20_Init) refers to bsp_ds18b20.o(i.DS18B20_Get_Temp) for DS18B20_Get_Temp
    bsp_ds18b20.o(i.DS18B20_Read_Bit) refers to delay.o(i.delay_us) for delay_us
    bsp_ds18b20.o(i.DS18B20_Read_Byte) refers to bsp_ds18b20.o(i.DS18B20_Read_Bit) for DS18B20_Read_Bit
    bsp_ds18b20.o(i.DS18B20_Rst) refers to delay.o(i.delay_us) for delay_us
    bsp_ds18b20.o(i.DS18B20_Start) refers to bsp_ds18b20.o(i.DS18B20_Rst) for DS18B20_Rst
    bsp_ds18b20.o(i.DS18B20_Start) refers to bsp_ds18b20.o(i.DS18B20_Check) for DS18B20_Check
    bsp_ds18b20.o(i.DS18B20_Start) refers to bsp_ds18b20.o(i.DS18B20_Write_Byte) for DS18B20_Write_Byte
    bsp_ds18b20.o(i.DS18B20_Write_Byte) refers to delay.o(i.delay_us) for delay_us
    stm32f10x_can.o(i.CAN_DeInit) refers to stm32f10x_rcc.o(i.RCC_APB1PeriphResetCmd) for RCC_APB1PeriphResetCmd
    stm32f10x_can.o(i.CAN_GetITStatus) refers to stm32f10x_can.o(i.CheckITStatus) for CheckITStatus
    stm32f10x_flash.o(i.FLASH_EnableWriteProtection) refers to stm32f10x_flash.o(i.FLASH_WaitForLastOperation) for FLASH_WaitForLastOperation
    stm32f10x_flash.o(i.FLASH_EraseAllBank1Pages) refers to stm32f10x_flash.o(i.FLASH_WaitForLastBank1Operation) for FLASH_WaitForLastBank1Operation
    stm32f10x_flash.o(i.FLASH_EraseAllPages) refers to stm32f10x_flash.o(i.FLASH_WaitForLastOperation) for FLASH_WaitForLastOperation
    stm32f10x_flash.o(i.FLASH_EraseOptionBytes) refers to stm32f10x_flash.o(i.FLASH_GetReadOutProtectionStatus) for FLASH_GetReadOutProtectionStatus
    stm32f10x_flash.o(i.FLASH_EraseOptionBytes) refers to stm32f10x_flash.o(i.FLASH_WaitForLastOperation) for FLASH_WaitForLastOperation
    stm32f10x_flash.o(i.FLASH_ErasePage) refers to stm32f10x_flash.o(i.FLASH_WaitForLastOperation) for FLASH_WaitForLastOperation
    stm32f10x_flash.o(i.FLASH_ProgramHalfWord) refers to stm32f10x_flash.o(i.FLASH_WaitForLastOperation) for FLASH_WaitForLastOperation
    stm32f10x_flash.o(i.FLASH_ProgramOptionByteData) refers to stm32f10x_flash.o(i.FLASH_WaitForLastOperation) for FLASH_WaitForLastOperation
    stm32f10x_flash.o(i.FLASH_ProgramWord) refers to stm32f10x_flash.o(i.FLASH_WaitForLastOperation) for FLASH_WaitForLastOperation
    stm32f10x_flash.o(i.FLASH_ReadOutProtection) refers to stm32f10x_flash.o(i.FLASH_WaitForLastOperation) for FLASH_WaitForLastOperation
    stm32f10x_flash.o(i.FLASH_UserOptionByteConfig) refers to stm32f10x_flash.o(i.FLASH_WaitForLastOperation) for FLASH_WaitForLastOperation
    stm32f10x_flash.o(i.FLASH_WaitForLastBank1Operation) refers to stm32f10x_flash.o(i.FLASH_GetBank1Status) for FLASH_GetBank1Status
    stm32f10x_flash.o(i.FLASH_WaitForLastOperation) refers to stm32f10x_flash.o(i.FLASH_GetBank1Status) for FLASH_GetBank1Status
    stm32f10x_gpio.o(i.GPIO_AFIODeInit) refers to stm32f10x_rcc.o(i.RCC_APB2PeriphResetCmd) for RCC_APB2PeriphResetCmd
    stm32f10x_gpio.o(i.GPIO_DeInit) refers to stm32f10x_rcc.o(i.RCC_APB2PeriphResetCmd) for RCC_APB2PeriphResetCmd
    stm32f10x_pwr.o(i.PWR_DeInit) refers to stm32f10x_rcc.o(i.RCC_APB1PeriphResetCmd) for RCC_APB1PeriphResetCmd
    stm32f10x_rcc.o(i.RCC_GetClocksFreq) refers to stm32f10x_rcc.o(.data) for APBAHBPrescTable
    stm32f10x_rcc.o(i.RCC_WaitForHSEStartUp) refers to stm32f10x_rcc.o(i.RCC_GetFlagStatus) for RCC_GetFlagStatus
    stm32f10x_spi.o(i.I2S_Init) refers to stm32f10x_rcc.o(i.RCC_GetClocksFreq) for RCC_GetClocksFreq
    stm32f10x_spi.o(i.SPI_I2S_DeInit) refers to stm32f10x_rcc.o(i.RCC_APB2PeriphResetCmd) for RCC_APB2PeriphResetCmd
    stm32f10x_spi.o(i.SPI_I2S_DeInit) refers to stm32f10x_rcc.o(i.RCC_APB1PeriphResetCmd) for RCC_APB1PeriphResetCmd
    stm32f10x_tim.o(i.TIM_DeInit) refers to stm32f10x_rcc.o(i.RCC_APB2PeriphResetCmd) for RCC_APB2PeriphResetCmd
    stm32f10x_tim.o(i.TIM_DeInit) refers to stm32f10x_rcc.o(i.RCC_APB1PeriphResetCmd) for RCC_APB1PeriphResetCmd
    stm32f10x_tim.o(i.TIM_ETRClockMode1Config) refers to stm32f10x_tim.o(i.TIM_ETRConfig) for TIM_ETRConfig
    stm32f10x_tim.o(i.TIM_ETRClockMode2Config) refers to stm32f10x_tim.o(i.TIM_ETRConfig) for TIM_ETRConfig
    stm32f10x_tim.o(i.TIM_ICInit) refers to stm32f10x_tim.o(i.TI1_Config) for TI1_Config
    stm32f10x_tim.o(i.TIM_ICInit) refers to stm32f10x_tim.o(i.TIM_SetIC1Prescaler) for TIM_SetIC1Prescaler
    stm32f10x_tim.o(i.TIM_ICInit) refers to stm32f10x_tim.o(i.TI2_Config) for TI2_Config
    stm32f10x_tim.o(i.TIM_ICInit) refers to stm32f10x_tim.o(i.TIM_SetIC2Prescaler) for TIM_SetIC2Prescaler
    stm32f10x_tim.o(i.TIM_ICInit) refers to stm32f10x_tim.o(i.TI3_Config) for TI3_Config
    stm32f10x_tim.o(i.TIM_ICInit) refers to stm32f10x_tim.o(i.TIM_SetIC3Prescaler) for TIM_SetIC3Prescaler
    stm32f10x_tim.o(i.TIM_ICInit) refers to stm32f10x_tim.o(i.TI4_Config) for TI4_Config
    stm32f10x_tim.o(i.TIM_ICInit) refers to stm32f10x_tim.o(i.TIM_SetIC4Prescaler) for TIM_SetIC4Prescaler
    stm32f10x_tim.o(i.TIM_ITRxExternalClockConfig) refers to stm32f10x_tim.o(i.TIM_SelectInputTrigger) for TIM_SelectInputTrigger
    stm32f10x_tim.o(i.TIM_PWMIConfig) refers to stm32f10x_tim.o(i.TI1_Config) for TI1_Config
    stm32f10x_tim.o(i.TIM_PWMIConfig) refers to stm32f10x_tim.o(i.TIM_SetIC1Prescaler) for TIM_SetIC1Prescaler
    stm32f10x_tim.o(i.TIM_PWMIConfig) refers to stm32f10x_tim.o(i.TI2_Config) for TI2_Config
    stm32f10x_tim.o(i.TIM_PWMIConfig) refers to stm32f10x_tim.o(i.TIM_SetIC2Prescaler) for TIM_SetIC2Prescaler
    stm32f10x_tim.o(i.TIM_TIxExternalClockConfig) refers to stm32f10x_tim.o(i.TI2_Config) for TI2_Config
    stm32f10x_tim.o(i.TIM_TIxExternalClockConfig) refers to stm32f10x_tim.o(i.TI1_Config) for TI1_Config
    stm32f10x_tim.o(i.TIM_TIxExternalClockConfig) refers to stm32f10x_tim.o(i.TIM_SelectInputTrigger) for TIM_SelectInputTrigger
    stm32f10x_adc.o(i.ADC_DeInit) refers to stm32f10x_rcc.o(i.RCC_APB2PeriphResetCmd) for RCC_APB2PeriphResetCmd
    system_stm32f10x.o(i.SetSysClock) refers to system_stm32f10x.o(i.SetSysClockTo72) for SetSysClockTo72
    system_stm32f10x.o(i.SystemCoreClockUpdate) refers to system_stm32f10x.o(.data) for SystemCoreClock
    system_stm32f10x.o(i.SystemInit) refers to system_stm32f10x.o(i.SetSysClock) for SetSysClock
    startup_stm32f10x_md.o(RESET) refers to startup_stm32f10x_md.o(STACK) for __initial_sp
    startup_stm32f10x_md.o(RESET) refers to startup_stm32f10x_md.o(.text) for Reset_Handler
    startup_stm32f10x_md.o(RESET) refers to stm32f10x_it.o(i.NMI_Handler) for NMI_Handler
    startup_stm32f10x_md.o(RESET) refers to stm32f10x_it.o(i.HardFault_Handler) for HardFault_Handler
    startup_stm32f10x_md.o(RESET) refers to stm32f10x_it.o(i.MemManage_Handler) for MemManage_Handler
    startup_stm32f10x_md.o(RESET) refers to stm32f10x_it.o(i.BusFault_Handler) for BusFault_Handler
    startup_stm32f10x_md.o(RESET) refers to stm32f10x_it.o(i.UsageFault_Handler) for UsageFault_Handler
    startup_stm32f10x_md.o(RESET) refers to stm32f10x_it.o(i.SVC_Handler) for SVC_Handler
    startup_stm32f10x_md.o(RESET) refers to stm32f10x_it.o(i.DebugMon_Handler) for DebugMon_Handler
    startup_stm32f10x_md.o(RESET) refers to stm32f10x_it.o(i.PendSV_Handler) for PendSV_Handler
    startup_stm32f10x_md.o(RESET) refers to stm32f10x_it.o(i.SysTick_Handler) for SysTick_Handler
    startup_stm32f10x_md.o(RESET) refers to bsp_can.o(i.USB_LP_CAN1_RX0_IRQHandler) for USB_LP_CAN1_RX0_IRQHandler
    startup_stm32f10x_md.o(RESET) refers to bsp_time.o(i.TIM2_IRQHandler) for TIM2_IRQHandler
    startup_stm32f10x_md.o(RESET) refers to bsp_time.o(i.TIM3_IRQHandler) for TIM3_IRQHandler
    startup_stm32f10x_md.o(.text) refers to system_stm32f10x.o(i.SystemInit) for SystemInit
    startup_stm32f10x_md.o(.text) refers to entry.o(.ARM.Collect$$$$00000000) for __main
    entry.o(.ARM.Collect$$$$00000000) refers (Special) to entry10a.o(.ARM.Collect$$$$0000000D) for __rt_final_cpp
    entry.o(.ARM.Collect$$$$00000000) refers (Special) to entry11a.o(.ARM.Collect$$$$0000000F) for __rt_final_exit
    entry.o(.ARM.Collect$$$$00000000) refers (Special) to entry7b.o(.ARM.Collect$$$$00000008) for _main_clock
    entry.o(.ARM.Collect$$$$00000000) refers (Special) to entry8b.o(.ARM.Collect$$$$0000000A) for _main_cpp_init
    entry.o(.ARM.Collect$$$$00000000) refers (Special) to entry9a.o(.ARM.Collect$$$$0000000B) for _main_init
    entry.o(.ARM.Collect$$$$00000000) refers (Special) to entry5.o(.ARM.Collect$$$$00000004) for _main_scatterload
    entry.o(.ARM.Collect$$$$00000000) refers (Special) to entry2.o(.ARM.Collect$$$$00000001) for _main_stk
    fmul.o(.text) refers (Special) to iusefp.o(.text) for __I$use$fp
    fdiv.o(.text) refers (Special) to iusefp.o(.text) for __I$use$fp
    fdiv.o(.text) refers to fepilogue.o(.text) for _float_round
    dmul.o(.text) refers (Special) to iusefp.o(.text) for __I$use$fp
    dmul.o(.text) refers to depilogue.o(.text) for _double_epilogue
    fflti.o(.text) refers (Special) to iusefp.o(.text) for __I$use$fp
    fflti.o(.text) refers to fepilogue.o(.text) for _float_epilogue
    ffixui.o(.text) refers (Special) to iusefp.o(.text) for __I$use$fp
    dfixi.o(.text) refers (Special) to iusefp.o(.text) for __I$use$fp
    dfixi.o(.text) refers to llushr.o(.text) for __aeabi_llsr
    dfixui.o(.text) refers (Special) to iusefp.o(.text) for __I$use$fp
    dfixui.o(.text) refers to llushr.o(.text) for __aeabi_llsr
    f2d.o(.text) refers (Special) to iusefp.o(.text) for __I$use$fp
    entry2.o(.ARM.Collect$$$$00000001) refers to entry2.o(.ARM.Collect$$$$00002712) for __lit__00000000
    entry2.o(.ARM.Collect$$$$00002712) refers to startup_stm32f10x_md.o(STACK) for __initial_sp
    entry2.o(__vectab_stack_and_reset_area) refers to startup_stm32f10x_md.o(STACK) for __initial_sp
    entry2.o(__vectab_stack_and_reset_area) refers to entry.o(.ARM.Collect$$$$00000000) for __main
    entry5.o(.ARM.Collect$$$$00000004) refers to init.o(.text) for __scatterload
    entry9a.o(.ARM.Collect$$$$0000000B) refers to main.o(i.main) for main
    entry9b.o(.ARM.Collect$$$$0000000C) refers to main.o(i.main) for main
    depilogue.o(.text) refers to llshl.o(.text) for __aeabi_llsl
    depilogue.o(.text) refers to llushr.o(.text) for __aeabi_llsr
    init.o(.text) refers to entry5.o(.ARM.Collect$$$$00000004) for __main_after_scatterload


==============================================================================

Removing Unused input sections from the image.

    Removing main.o(.rev16_text), (4 bytes).
    Removing main.o(.revsh_text), (4 bytes).
    Removing main.o(.rrx_text), (6 bytes).
    Removing stm32f10x_it.o(.rev16_text), (4 bytes).
    Removing stm32f10x_it.o(.revsh_text), (4 bytes).
    Removing stm32f10x_it.o(.rrx_text), (6 bytes).
    Removing sys.o(.rev16_text), (4 bytes).
    Removing sys.o(.revsh_text), (4 bytes).
    Removing sys.o(.rrx_text), (6 bytes).
    Removing delay.o(.rev16_text), (4 bytes).
    Removing delay.o(.revsh_text), (4 bytes).
    Removing delay.o(.rrx_text), (6 bytes).
    Removing bsp.o(.rev16_text), (4 bytes).
    Removing bsp.o(.revsh_text), (4 bytes).
    Removing bsp.o(.rrx_text), (6 bytes).
    Removing bsp.o(i.PDU_TestEnd), (44 bytes).
    Removing bsp.o(i.SSU_ACcheckTest), (68 bytes).
    Removing bsp.o(i.SSU_CanTest), (172 bytes).
    Removing bsp.o(i.SSU_DCcheckTest), (68 bytes).
    Removing bsp.o(i.SSU_DS18B20Test), (68 bytes).
    Removing bsp.o(i.SSU_RelayTest), (60 bytes).
    Removing bsp.o(i.SSU_VoltTest), (40 bytes).
    Removing bsp.o(i.ac_test), (84 bytes).
    Removing bsp.o(.data), (5 bytes).
    Removing bsp_can.o(.rev16_text), (4 bytes).
    Removing bsp_can.o(.revsh_text), (4 bytes).
    Removing bsp_can.o(.rrx_text), (6 bytes).
    Removing bsp_can.o(i.Send_CAN_DataFrame_SSU), (140 bytes).
    Removing bsp_adc.o(.rev16_text), (4 bytes).
    Removing bsp_adc.o(.revsh_text), (4 bytes).
    Removing bsp_adc.o(.rrx_text), (6 bytes).
    Removing bsp_adc.o(i.Get_AC_Average), (12 bytes).
    Removing bsp_adc.o(i.Get_DC_Average), (12 bytes).
    Removing bsp_adc.o(i.swRoot), (66 bytes).
    Removing bsp_led.o(.rev16_text), (4 bytes).
    Removing bsp_led.o(.revsh_text), (4 bytes).
    Removing bsp_led.o(.rrx_text), (6 bytes).
    Removing bsp_time.o(.rev16_text), (4 bytes).
    Removing bsp_time.o(.revsh_text), (4 bytes).
    Removing bsp_time.o(.rrx_text), (6 bytes).
    Removing bsp_ds18b20.o(.rev16_text), (4 bytes).
    Removing bsp_ds18b20.o(.revsh_text), (4 bytes).
    Removing bsp_ds18b20.o(.rrx_text), (6 bytes).
    Removing misc.o(.rev16_text), (4 bytes).
    Removing misc.o(.revsh_text), (4 bytes).
    Removing misc.o(.rrx_text), (6 bytes).
    Removing misc.o(i.NVIC_SetVectorTable), (20 bytes).
    Removing misc.o(i.NVIC_SystemLPConfig), (32 bytes).
    Removing stm32f10x_can.o(.rev16_text), (4 bytes).
    Removing stm32f10x_can.o(.revsh_text), (4 bytes).
    Removing stm32f10x_can.o(.rrx_text), (6 bytes).
    Removing stm32f10x_can.o(i.CAN_CancelTransmit), (48 bytes).
    Removing stm32f10x_can.o(i.CAN_ClearFlag), (56 bytes).
    Removing stm32f10x_can.o(i.CAN_ClearITPendingBit), (168 bytes).
    Removing stm32f10x_can.o(i.CAN_DBGFreeze), (22 bytes).
    Removing stm32f10x_can.o(i.CAN_FIFORelease), (22 bytes).
    Removing stm32f10x_can.o(i.CAN_GetFlagStatus), (120 bytes).
    Removing stm32f10x_can.o(i.CAN_GetITStatus), (288 bytes).
    Removing stm32f10x_can.o(i.CAN_GetLSBTransmitErrorCounter), (12 bytes).
    Removing stm32f10x_can.o(i.CAN_GetLastErrorCode), (12 bytes).
    Removing stm32f10x_can.o(i.CAN_GetReceiveErrorCounter), (10 bytes).
    Removing stm32f10x_can.o(i.CAN_MessagePending), (30 bytes).
    Removing stm32f10x_can.o(i.CAN_OperatingModeRequest), (162 bytes).
    Removing stm32f10x_can.o(i.CAN_SlaveStartBank), (52 bytes).
    Removing stm32f10x_can.o(i.CAN_Sleep), (30 bytes).
    Removing stm32f10x_can.o(i.CAN_TTComModeCmd), (118 bytes).
    Removing stm32f10x_can.o(i.CAN_Transmit), (294 bytes).
    Removing stm32f10x_can.o(i.CAN_TransmitStatus), (160 bytes).
    Removing stm32f10x_can.o(i.CAN_WakeUp), (48 bytes).
    Removing stm32f10x_can.o(i.CheckITStatus), (18 bytes).
    Removing stm32f10x_exti.o(.rev16_text), (4 bytes).
    Removing stm32f10x_exti.o(.revsh_text), (4 bytes).
    Removing stm32f10x_exti.o(.rrx_text), (6 bytes).
    Removing stm32f10x_exti.o(i.EXTI_ClearFlag), (12 bytes).
    Removing stm32f10x_exti.o(i.EXTI_ClearITPendingBit), (12 bytes).
    Removing stm32f10x_exti.o(i.EXTI_DeInit), (36 bytes).
    Removing stm32f10x_exti.o(i.EXTI_GenerateSWInterrupt), (16 bytes).
    Removing stm32f10x_exti.o(i.EXTI_GetFlagStatus), (24 bytes).
    Removing stm32f10x_exti.o(i.EXTI_GetITStatus), (40 bytes).
    Removing stm32f10x_exti.o(i.EXTI_Init), (148 bytes).
    Removing stm32f10x_exti.o(i.EXTI_StructInit), (16 bytes).
    Removing stm32f10x_flash.o(.rev16_text), (4 bytes).
    Removing stm32f10x_flash.o(.revsh_text), (4 bytes).
    Removing stm32f10x_flash.o(.rrx_text), (6 bytes).
    Removing stm32f10x_flash.o(i.FLASH_ClearFlag), (12 bytes).
    Removing stm32f10x_flash.o(i.FLASH_EnableWriteProtection), (196 bytes).
    Removing stm32f10x_flash.o(i.FLASH_EraseAllBank1Pages), (72 bytes).
    Removing stm32f10x_flash.o(i.FLASH_EraseAllPages), (72 bytes).
    Removing stm32f10x_flash.o(i.FLASH_EraseOptionBytes), (168 bytes).
    Removing stm32f10x_flash.o(i.FLASH_ErasePage), (76 bytes).
    Removing stm32f10x_flash.o(i.FLASH_GetBank1Status), (52 bytes).
    Removing stm32f10x_flash.o(i.FLASH_GetFlagStatus), (48 bytes).
    Removing stm32f10x_flash.o(i.FLASH_GetPrefetchBufferStatus), (24 bytes).
    Removing stm32f10x_flash.o(i.FLASH_GetReadOutProtectionStatus), (24 bytes).
    Removing stm32f10x_flash.o(i.FLASH_GetStatus), (52 bytes).
    Removing stm32f10x_flash.o(i.FLASH_GetUserOptionByte), (12 bytes).
    Removing stm32f10x_flash.o(i.FLASH_GetWriteProtectionOptionByte), (12 bytes).
    Removing stm32f10x_flash.o(i.FLASH_HalfCycleAccessCmd), (28 bytes).
    Removing stm32f10x_flash.o(i.FLASH_ITConfig), (32 bytes).
    Removing stm32f10x_flash.o(i.FLASH_Lock), (20 bytes).
    Removing stm32f10x_flash.o(i.FLASH_LockBank1), (20 bytes).
    Removing stm32f10x_flash.o(i.FLASH_PrefetchBufferCmd), (28 bytes).
    Removing stm32f10x_flash.o(i.FLASH_ProgramHalfWord), (64 bytes).
    Removing stm32f10x_flash.o(i.FLASH_ProgramOptionByteData), (84 bytes).
    Removing stm32f10x_flash.o(i.FLASH_ProgramWord), (108 bytes).
    Removing stm32f10x_flash.o(i.FLASH_ReadOutProtection), (172 bytes).
    Removing stm32f10x_flash.o(i.FLASH_SetLatency), (24 bytes).
    Removing stm32f10x_flash.o(i.FLASH_Unlock), (24 bytes).
    Removing stm32f10x_flash.o(i.FLASH_UnlockBank1), (24 bytes).
    Removing stm32f10x_flash.o(i.FLASH_UserOptionByteConfig), (104 bytes).
    Removing stm32f10x_flash.o(i.FLASH_WaitForLastBank1Operation), (38 bytes).
    Removing stm32f10x_flash.o(i.FLASH_WaitForLastOperation), (38 bytes).
    Removing stm32f10x_gpio.o(.rev16_text), (4 bytes).
    Removing stm32f10x_gpio.o(.revsh_text), (4 bytes).
    Removing stm32f10x_gpio.o(.rrx_text), (6 bytes).
    Removing stm32f10x_gpio.o(i.GPIO_AFIODeInit), (20 bytes).
    Removing stm32f10x_gpio.o(i.GPIO_DeInit), (200 bytes).
    Removing stm32f10x_gpio.o(i.GPIO_ETH_MediaInterfaceConfig), (12 bytes).
    Removing stm32f10x_gpio.o(i.GPIO_EXTILineConfig), (64 bytes).
    Removing stm32f10x_gpio.o(i.GPIO_EventOutputCmd), (12 bytes).
    Removing stm32f10x_gpio.o(i.GPIO_EventOutputConfig), (32 bytes).
    Removing stm32f10x_gpio.o(i.GPIO_PinLockConfig), (18 bytes).
    Removing stm32f10x_gpio.o(i.GPIO_PinRemapConfig), (144 bytes).
    Removing stm32f10x_gpio.o(i.GPIO_ReadInputData), (8 bytes).
    Removing stm32f10x_gpio.o(i.GPIO_ReadInputDataBit), (18 bytes).
    Removing stm32f10x_gpio.o(i.GPIO_ReadOutputData), (8 bytes).
    Removing stm32f10x_gpio.o(i.GPIO_ReadOutputDataBit), (18 bytes).
    Removing stm32f10x_gpio.o(i.GPIO_StructInit), (16 bytes).
    Removing stm32f10x_gpio.o(i.GPIO_Write), (4 bytes).
    Removing stm32f10x_gpio.o(i.GPIO_WriteBit), (10 bytes).
    Removing stm32f10x_iwdg.o(.rev16_text), (4 bytes).
    Removing stm32f10x_iwdg.o(.revsh_text), (4 bytes).
    Removing stm32f10x_iwdg.o(.rrx_text), (6 bytes).
    Removing stm32f10x_iwdg.o(i.IWDG_Enable), (16 bytes).
    Removing stm32f10x_iwdg.o(i.IWDG_GetFlagStatus), (24 bytes).
    Removing stm32f10x_iwdg.o(i.IWDG_ReloadCounter), (16 bytes).
    Removing stm32f10x_iwdg.o(i.IWDG_SetPrescaler), (12 bytes).
    Removing stm32f10x_iwdg.o(i.IWDG_SetReload), (12 bytes).
    Removing stm32f10x_iwdg.o(i.IWDG_WriteAccessCmd), (12 bytes).
    Removing stm32f10x_pwr.o(.rev16_text), (4 bytes).
    Removing stm32f10x_pwr.o(.revsh_text), (4 bytes).
    Removing stm32f10x_pwr.o(.rrx_text), (6 bytes).
    Removing stm32f10x_pwr.o(i.PWR_BackupAccessCmd), (12 bytes).
    Removing stm32f10x_pwr.o(i.PWR_ClearFlag), (20 bytes).
    Removing stm32f10x_pwr.o(i.PWR_DeInit), (22 bytes).
    Removing stm32f10x_pwr.o(i.PWR_EnterSTANDBYMode), (52 bytes).
    Removing stm32f10x_pwr.o(i.PWR_EnterSTOPMode), (64 bytes).
    Removing stm32f10x_pwr.o(i.PWR_GetFlagStatus), (24 bytes).
    Removing stm32f10x_pwr.o(i.PWR_PVDCmd), (12 bytes).
    Removing stm32f10x_pwr.o(i.PWR_PVDLevelConfig), (24 bytes).
    Removing stm32f10x_pwr.o(i.PWR_WakeUpPinCmd), (12 bytes).
    Removing stm32f10x_rcc.o(.rev16_text), (4 bytes).
    Removing stm32f10x_rcc.o(.revsh_text), (4 bytes).
    Removing stm32f10x_rcc.o(.rrx_text), (6 bytes).
    Removing stm32f10x_rcc.o(i.RCC_AHBPeriphClockCmd), (32 bytes).
    Removing stm32f10x_rcc.o(i.RCC_AdjustHSICalibrationValue), (24 bytes).
    Removing stm32f10x_rcc.o(i.RCC_BackupResetCmd), (12 bytes).
    Removing stm32f10x_rcc.o(i.RCC_ClearFlag), (20 bytes).
    Removing stm32f10x_rcc.o(i.RCC_ClearITPendingBit), (12 bytes).
    Removing stm32f10x_rcc.o(i.RCC_ClockSecuritySystemCmd), (12 bytes).
    Removing stm32f10x_rcc.o(i.RCC_DeInit), (76 bytes).
    Removing stm32f10x_rcc.o(i.RCC_GetClocksFreq), (212 bytes).
    Removing stm32f10x_rcc.o(i.RCC_GetFlagStatus), (60 bytes).
    Removing stm32f10x_rcc.o(i.RCC_GetITStatus), (24 bytes).
    Removing stm32f10x_rcc.o(i.RCC_GetSYSCLKSource), (16 bytes).
    Removing stm32f10x_rcc.o(i.RCC_HCLKConfig), (24 bytes).
    Removing stm32f10x_rcc.o(i.RCC_HSEConfig), (76 bytes).
    Removing stm32f10x_rcc.o(i.RCC_HSICmd), (12 bytes).
    Removing stm32f10x_rcc.o(i.RCC_ITConfig), (32 bytes).
    Removing stm32f10x_rcc.o(i.RCC_LSEConfig), (52 bytes).
    Removing stm32f10x_rcc.o(i.RCC_LSICmd), (12 bytes).
    Removing stm32f10x_rcc.o(i.RCC_MCOConfig), (12 bytes).
    Removing stm32f10x_rcc.o(i.RCC_PCLK1Config), (24 bytes).
    Removing stm32f10x_rcc.o(i.RCC_PCLK2Config), (24 bytes).
    Removing stm32f10x_rcc.o(i.RCC_PLLCmd), (12 bytes).
    Removing stm32f10x_rcc.o(i.RCC_PLLConfig), (28 bytes).
    Removing stm32f10x_rcc.o(i.RCC_RTCCLKCmd), (12 bytes).
    Removing stm32f10x_rcc.o(i.RCC_RTCCLKConfig), (16 bytes).
    Removing stm32f10x_rcc.o(i.RCC_SYSCLKConfig), (24 bytes).
    Removing stm32f10x_rcc.o(i.RCC_USBCLKConfig), (12 bytes).
    Removing stm32f10x_rcc.o(i.RCC_WaitForHSEStartUp), (56 bytes).
    Removing stm32f10x_rcc.o(.data), (20 bytes).
    Removing stm32f10x_spi.o(.rev16_text), (4 bytes).
    Removing stm32f10x_spi.o(.revsh_text), (4 bytes).
    Removing stm32f10x_spi.o(.rrx_text), (6 bytes).
    Removing stm32f10x_spi.o(i.I2S_Cmd), (24 bytes).
    Removing stm32f10x_spi.o(i.I2S_Init), (232 bytes).
    Removing stm32f10x_spi.o(i.I2S_StructInit), (20 bytes).
    Removing stm32f10x_spi.o(i.SPI_BiDirectionalLineConfig), (28 bytes).
    Removing stm32f10x_spi.o(i.SPI_CalculateCRC), (24 bytes).
    Removing stm32f10x_spi.o(i.SPI_Cmd), (24 bytes).
    Removing stm32f10x_spi.o(i.SPI_DataSizeConfig), (18 bytes).
    Removing stm32f10x_spi.o(i.SPI_GetCRC), (16 bytes).
    Removing stm32f10x_spi.o(i.SPI_GetCRCPolynomial), (6 bytes).
    Removing stm32f10x_spi.o(i.SPI_I2S_ClearFlag), (6 bytes).
    Removing stm32f10x_spi.o(i.SPI_I2S_ClearITPendingBit), (20 bytes).
    Removing stm32f10x_spi.o(i.SPI_I2S_DMACmd), (18 bytes).
    Removing stm32f10x_spi.o(i.SPI_I2S_DeInit), (88 bytes).
    Removing stm32f10x_spi.o(i.SPI_I2S_GetFlagStatus), (18 bytes).
    Removing stm32f10x_spi.o(i.SPI_I2S_GetITStatus), (52 bytes).
    Removing stm32f10x_spi.o(i.SPI_I2S_ITConfig), (32 bytes).
    Removing stm32f10x_spi.o(i.SPI_I2S_ReceiveData), (6 bytes).
    Removing stm32f10x_spi.o(i.SPI_I2S_SendData), (4 bytes).
    Removing stm32f10x_spi.o(i.SPI_Init), (60 bytes).
    Removing stm32f10x_spi.o(i.SPI_NSSInternalSoftwareConfig), (30 bytes).
    Removing stm32f10x_spi.o(i.SPI_SSOutputCmd), (24 bytes).
    Removing stm32f10x_spi.o(i.SPI_StructInit), (24 bytes).
    Removing stm32f10x_spi.o(i.SPI_TransmitCRC), (10 bytes).
    Removing stm32f10x_tim.o(.rev16_text), (4 bytes).
    Removing stm32f10x_tim.o(.revsh_text), (4 bytes).
    Removing stm32f10x_tim.o(.rrx_text), (6 bytes).
    Removing stm32f10x_tim.o(i.TI1_Config), (128 bytes).
    Removing stm32f10x_tim.o(i.TI2_Config), (152 bytes).
    Removing stm32f10x_tim.o(i.TI3_Config), (144 bytes).
    Removing stm32f10x_tim.o(i.TI4_Config), (152 bytes).
    Removing stm32f10x_tim.o(i.TIM_ARRPreloadConfig), (24 bytes).
    Removing stm32f10x_tim.o(i.TIM_BDTRConfig), (32 bytes).
    Removing stm32f10x_tim.o(i.TIM_BDTRStructInit), (18 bytes).
    Removing stm32f10x_tim.o(i.TIM_CCPreloadControl), (24 bytes).
    Removing stm32f10x_tim.o(i.TIM_CCxCmd), (30 bytes).
    Removing stm32f10x_tim.o(i.TIM_CCxNCmd), (30 bytes).
    Removing stm32f10x_tim.o(i.TIM_ClearOC1Ref), (18 bytes).
    Removing stm32f10x_tim.o(i.TIM_ClearOC2Ref), (24 bytes).
    Removing stm32f10x_tim.o(i.TIM_ClearOC3Ref), (18 bytes).
    Removing stm32f10x_tim.o(i.TIM_ClearOC4Ref), (24 bytes).
    Removing stm32f10x_tim.o(i.TIM_CounterModeConfig), (18 bytes).
    Removing stm32f10x_tim.o(i.TIM_CtrlPWMOutputs), (30 bytes).
    Removing stm32f10x_tim.o(i.TIM_DMACmd), (18 bytes).
    Removing stm32f10x_tim.o(i.TIM_DMAConfig), (10 bytes).
    Removing stm32f10x_tim.o(i.TIM_ETRClockMode1Config), (54 bytes).
    Removing stm32f10x_tim.o(i.TIM_ETRClockMode2Config), (32 bytes).
    Removing stm32f10x_tim.o(i.TIM_ETRConfig), (28 bytes).
    Removing stm32f10x_tim.o(i.TIM_EncoderInterfaceConfig), (66 bytes).
    Removing stm32f10x_tim.o(i.TIM_ForcedOC1Config), (18 bytes).
    Removing stm32f10x_tim.o(i.TIM_ForcedOC2Config), (26 bytes).
    Removing stm32f10x_tim.o(i.TIM_ForcedOC3Config), (18 bytes).
    Removing stm32f10x_tim.o(i.TIM_ForcedOC4Config), (26 bytes).
    Removing stm32f10x_tim.o(i.TIM_GenerateEvent), (4 bytes).
    Removing stm32f10x_tim.o(i.TIM_GetCapture1), (6 bytes).
    Removing stm32f10x_tim.o(i.TIM_GetCapture2), (6 bytes).
    Removing stm32f10x_tim.o(i.TIM_GetCapture3), (6 bytes).
    Removing stm32f10x_tim.o(i.TIM_GetCapture4), (8 bytes).
    Removing stm32f10x_tim.o(i.TIM_GetCounter), (6 bytes).
    Removing stm32f10x_tim.o(i.TIM_GetFlagStatus), (18 bytes).
    Removing stm32f10x_tim.o(i.TIM_GetPrescaler), (6 bytes).
    Removing stm32f10x_tim.o(i.TIM_ICInit), (172 bytes).
    Removing stm32f10x_tim.o(i.TIM_ICStructInit), (18 bytes).
    Removing stm32f10x_tim.o(i.TIM_ITRxExternalClockConfig), (24 bytes).
    Removing stm32f10x_tim.o(i.TIM_InternalClockConfig), (12 bytes).
    Removing stm32f10x_tim.o(i.TIM_OC1FastConfig), (18 bytes).
    Removing stm32f10x_tim.o(i.TIM_OC1Init), (152 bytes).
    Removing stm32f10x_tim.o(i.TIM_OC1NPolarityConfig), (18 bytes).
    Removing stm32f10x_tim.o(i.TIM_OC1PolarityConfig), (18 bytes).
    Removing stm32f10x_tim.o(i.TIM_OC1PreloadConfig), (18 bytes).
    Removing stm32f10x_tim.o(i.TIM_OC2FastConfig), (26 bytes).
    Removing stm32f10x_tim.o(i.TIM_OC2Init), (164 bytes).
    Removing stm32f10x_tim.o(i.TIM_OC2NPolarityConfig), (26 bytes).
    Removing stm32f10x_tim.o(i.TIM_OC2PolarityConfig), (26 bytes).
    Removing stm32f10x_tim.o(i.TIM_OC2PreloadConfig), (26 bytes).
    Removing stm32f10x_tim.o(i.TIM_OC3FastConfig), (18 bytes).
    Removing stm32f10x_tim.o(i.TIM_OC3Init), (160 bytes).
    Removing stm32f10x_tim.o(i.TIM_OC3NPolarityConfig), (26 bytes).
    Removing stm32f10x_tim.o(i.TIM_OC3PolarityConfig), (26 bytes).
    Removing stm32f10x_tim.o(i.TIM_OC3PreloadConfig), (18 bytes).
    Removing stm32f10x_tim.o(i.TIM_OC4FastConfig), (26 bytes).
    Removing stm32f10x_tim.o(i.TIM_OC4Init), (124 bytes).
    Removing stm32f10x_tim.o(i.TIM_OC4PolarityConfig), (26 bytes).
    Removing stm32f10x_tim.o(i.TIM_OC4PreloadConfig), (26 bytes).
    Removing stm32f10x_tim.o(i.TIM_OCStructInit), (20 bytes).
    Removing stm32f10x_tim.o(i.TIM_PWMIConfig), (124 bytes).
    Removing stm32f10x_tim.o(i.TIM_PrescalerConfig), (6 bytes).
    Removing stm32f10x_tim.o(i.TIM_SelectCCDMA), (24 bytes).
    Removing stm32f10x_tim.o(i.TIM_SelectCOM), (24 bytes).
    Removing stm32f10x_tim.o(i.TIM_SelectHallSensor), (24 bytes).
    Removing stm32f10x_tim.o(i.TIM_SelectInputTrigger), (18 bytes).
    Removing stm32f10x_tim.o(i.TIM_SelectMasterSlaveMode), (18 bytes).
    Removing stm32f10x_tim.o(i.TIM_SelectOCxM), (82 bytes).
    Removing stm32f10x_tim.o(i.TIM_SelectOnePulseMode), (18 bytes).
    Removing stm32f10x_tim.o(i.TIM_SelectOutputTrigger), (18 bytes).
    Removing stm32f10x_tim.o(i.TIM_SelectSlaveMode), (18 bytes).
    Removing stm32f10x_tim.o(i.TIM_SetAutoreload), (4 bytes).
    Removing stm32f10x_tim.o(i.TIM_SetClockDivision), (18 bytes).
    Removing stm32f10x_tim.o(i.TIM_SetCompare1), (4 bytes).
    Removing stm32f10x_tim.o(i.TIM_SetCompare2), (4 bytes).
    Removing stm32f10x_tim.o(i.TIM_SetCompare3), (4 bytes).
    Removing stm32f10x_tim.o(i.TIM_SetCompare4), (6 bytes).
    Removing stm32f10x_tim.o(i.TIM_SetCounter), (4 bytes).
    Removing stm32f10x_tim.o(i.TIM_SetIC1Prescaler), (18 bytes).
    Removing stm32f10x_tim.o(i.TIM_SetIC2Prescaler), (26 bytes).
    Removing stm32f10x_tim.o(i.TIM_SetIC3Prescaler), (18 bytes).
    Removing stm32f10x_tim.o(i.TIM_SetIC4Prescaler), (26 bytes).
    Removing stm32f10x_tim.o(i.TIM_TIxExternalClockConfig), (62 bytes).
    Removing stm32f10x_tim.o(i.TIM_TimeBaseStructInit), (18 bytes).
    Removing stm32f10x_tim.o(i.TIM_UpdateDisableConfig), (24 bytes).
    Removing stm32f10x_tim.o(i.TIM_UpdateRequestConfig), (24 bytes).
    Removing stm32f10x_adc.o(.rev16_text), (4 bytes).
    Removing stm32f10x_adc.o(.revsh_text), (4 bytes).
    Removing stm32f10x_adc.o(.rrx_text), (6 bytes).
    Removing stm32f10x_adc.o(i.ADC_AnalogWatchdogCmd), (20 bytes).
    Removing stm32f10x_adc.o(i.ADC_AnalogWatchdogSingleChannelConfig), (16 bytes).
    Removing stm32f10x_adc.o(i.ADC_AnalogWatchdogThresholdsConfig), (6 bytes).
    Removing stm32f10x_adc.o(i.ADC_AutoInjectedConvCmd), (22 bytes).
    Removing stm32f10x_adc.o(i.ADC_ClearFlag), (6 bytes).
    Removing stm32f10x_adc.o(i.ADC_ClearITPendingBit), (10 bytes).
    Removing stm32f10x_adc.o(i.ADC_DMACmd), (22 bytes).
    Removing stm32f10x_adc.o(i.ADC_DiscModeChannelCountConfig), (24 bytes).
    Removing stm32f10x_adc.o(i.ADC_DiscModeCmd), (22 bytes).
    Removing stm32f10x_adc.o(i.ADC_ExternalTrigConvCmd), (22 bytes).
    Removing stm32f10x_adc.o(i.ADC_ExternalTrigInjectedConvCmd), (22 bytes).
    Removing stm32f10x_adc.o(i.ADC_ExternalTrigInjectedConvConfig), (16 bytes).
    Removing stm32f10x_adc.o(i.ADC_GetDualModeConversionValue), (12 bytes).
    Removing stm32f10x_adc.o(i.ADC_GetITStatus), (36 bytes).
    Removing stm32f10x_adc.o(i.ADC_GetInjectedConversionValue), (28 bytes).
    Removing stm32f10x_adc.o(i.ADC_GetSoftwareStartConvStatus), (20 bytes).
    Removing stm32f10x_adc.o(i.ADC_GetSoftwareStartInjectedConvCmdStatus), (20 bytes).
    Removing stm32f10x_adc.o(i.ADC_ITConfig), (24 bytes).
    Removing stm32f10x_adc.o(i.ADC_InjectedChannelConfig), (130 bytes).
    Removing stm32f10x_adc.o(i.ADC_InjectedDiscModeCmd), (22 bytes).
    Removing stm32f10x_adc.o(i.ADC_InjectedSequencerLengthConfig), (24 bytes).
    Removing stm32f10x_adc.o(i.ADC_SetInjectedOffset), (20 bytes).
    Removing stm32f10x_adc.o(i.ADC_SoftwareStartInjectedConvCmd), (22 bytes).
    Removing stm32f10x_adc.o(i.ADC_StructInit), (18 bytes).
    Removing stm32f10x_adc.o(i.ADC_TempSensorVrefintCmd), (36 bytes).
    Removing core_cm3.o(.emb_text), (32 bytes).
    Removing system_stm32f10x.o(.rev16_text), (4 bytes).
    Removing system_stm32f10x.o(.revsh_text), (4 bytes).
    Removing system_stm32f10x.o(.rrx_text), (6 bytes).
    Removing system_stm32f10x.o(i.SystemCoreClockUpdate), (164 bytes).
    Removing system_stm32f10x.o(.data), (20 bytes).
    Removing startup_stm32f10x_md.o(HEAP), (512 bytes).

330 unused section(s) (total 11843 bytes) removed from the image.

==============================================================================

Image Symbol Table

    Local Symbols

    Symbol Name                              Value     Ov Type        Size  Object(Section)

    ../clib/microlib/init/entry.s            0x00000000   Number         0  entry.o ABSOLUTE
    ../clib/microlib/init/entry.s            0x00000000   Number         0  entry10b.o ABSOLUTE
    ../clib/microlib/init/entry.s            0x00000000   Number         0  entry7a.o ABSOLUTE
    ../clib/microlib/init/entry.s            0x00000000   Number         0  entry11a.o ABSOLUTE
    ../clib/microlib/init/entry.s            0x00000000   Number         0  entry8a.o ABSOLUTE
    ../clib/microlib/init/entry.s            0x00000000   Number         0  entry2.o ABSOLUTE
    ../clib/microlib/init/entry.s            0x00000000   Number         0  entry11b.o ABSOLUTE
    ../clib/microlib/init/entry.s            0x00000000   Number         0  entry8b.o ABSOLUTE
    ../clib/microlib/init/entry.s            0x00000000   Number         0  entry7b.o ABSOLUTE
    ../clib/microlib/init/entry.s            0x00000000   Number         0  entry9a.o ABSOLUTE
    ../clib/microlib/init/entry.s            0x00000000   Number         0  entry9b.o ABSOLUTE
    ../clib/microlib/init/entry.s            0x00000000   Number         0  entry5.o ABSOLUTE
    ../clib/microlib/init/entry.s            0x00000000   Number         0  entry10a.o ABSOLUTE
    ../clib/microlib/longlong.c              0x00000000   Number         0  llushr.o ABSOLUTE
    ../clib/microlib/longlong.c              0x00000000   Number         0  llshl.o ABSOLUTE
    ../clib/microlib/stubs.s                 0x00000000   Number         0  iusefp.o ABSOLUTE
    ../fplib/microlib/f2d.c                  0x00000000   Number         0  f2d.o ABSOLUTE
    ../fplib/microlib/fpdiv.c                0x00000000   Number         0  fdiv.o ABSOLUTE
    ../fplib/microlib/fpepilogue.c           0x00000000   Number         0  fepilogue.o ABSOLUTE
    ../fplib/microlib/fpepilogue.c           0x00000000   Number         0  depilogue.o ABSOLUTE
    ../fplib/microlib/fpfix.c                0x00000000   Number         0  ffixui.o ABSOLUTE
    ../fplib/microlib/fpfix.c                0x00000000   Number         0  dfixui.o ABSOLUTE
    ../fplib/microlib/fpfix.c                0x00000000   Number         0  dfixi.o ABSOLUTE
    ../fplib/microlib/fpflt.c                0x00000000   Number         0  fflti.o ABSOLUTE
    ../fplib/microlib/fpmul.c                0x00000000   Number         0  dmul.o ABSOLUTE
    ../fplib/microlib/fpmul.c                0x00000000   Number         0  fmul.o ABSOLUTE
    ..\BSP\bsp.c                             0x00000000   Number         0  bsp.o ABSOLUTE
    ..\BSP\bsp_adc.c                         0x00000000   Number         0  bsp_adc.o ABSOLUTE
    ..\BSP\bsp_can.c                         0x00000000   Number         0  bsp_can.o ABSOLUTE
    ..\BSP\bsp_ds18b20.c                     0x00000000   Number         0  bsp_ds18b20.o ABSOLUTE
    ..\BSP\bsp_led.c                         0x00000000   Number         0  bsp_led.o ABSOLUTE
    ..\BSP\bsp_time.c                        0x00000000   Number         0  bsp_time.o ABSOLUTE
    ..\CMSIS\CoreSupport\core_cm3.c          0x00000000   Number         0  core_cm3.o ABSOLUTE
    ..\CMSIS\DeviceSupport\ST\STM32F10x\system_stm32f10x.c 0x00000000   Number         0  system_stm32f10x.o ABSOLUTE
    ..\FWlib\src\misc.c                      0x00000000   Number         0  misc.o ABSOLUTE
    ..\FWlib\src\stm32f10x_adc.c             0x00000000   Number         0  stm32f10x_adc.o ABSOLUTE
    ..\FWlib\src\stm32f10x_can.c             0x00000000   Number         0  stm32f10x_can.o ABSOLUTE
    ..\FWlib\src\stm32f10x_exti.c            0x00000000   Number         0  stm32f10x_exti.o ABSOLUTE
    ..\FWlib\src\stm32f10x_flash.c           0x00000000   Number         0  stm32f10x_flash.o ABSOLUTE
    ..\FWlib\src\stm32f10x_gpio.c            0x00000000   Number         0  stm32f10x_gpio.o ABSOLUTE
    ..\FWlib\src\stm32f10x_iwdg.c            0x00000000   Number         0  stm32f10x_iwdg.o ABSOLUTE
    ..\FWlib\src\stm32f10x_pwr.c             0x00000000   Number         0  stm32f10x_pwr.o ABSOLUTE
    ..\FWlib\src\stm32f10x_rcc.c             0x00000000   Number         0  stm32f10x_rcc.o ABSOLUTE
    ..\FWlib\src\stm32f10x_spi.c             0x00000000   Number         0  stm32f10x_spi.o ABSOLUTE
    ..\FWlib\src\stm32f10x_tim.c             0x00000000   Number         0  stm32f10x_tim.o ABSOLUTE
    ..\STARTCODE\startup_stm32f10x_md.s      0x00000000   Number         0  startup_stm32f10x_md.o ABSOLUTE
    ..\SYSTEM\delay\delay.c                  0x00000000   Number         0  delay.o ABSOLUTE
    ..\SYSTEM\sys\sys.c                      0x00000000   Number         0  sys.o ABSOLUTE
    ..\USER\main.c                           0x00000000   Number         0  main.o ABSOLUTE
    ..\USER\stm32f10x_it.c                   0x00000000   Number         0  stm32f10x_it.o ABSOLUTE
    ..\\BSP\\bsp.c                           0x00000000   Number         0  bsp.o ABSOLUTE
    ..\\BSP\\bsp_adc.c                       0x00000000   Number         0  bsp_adc.o ABSOLUTE
    ..\\BSP\\bsp_can.c                       0x00000000   Number         0  bsp_can.o ABSOLUTE
    ..\\BSP\\bsp_ds18b20.c                   0x00000000   Number         0  bsp_ds18b20.o ABSOLUTE
    ..\\BSP\\bsp_led.c                       0x00000000   Number         0  bsp_led.o ABSOLUTE
    ..\\BSP\\bsp_time.c                      0x00000000   Number         0  bsp_time.o ABSOLUTE
    ..\\CMSIS\\CoreSupport\\core_cm3.c       0x00000000   Number         0  core_cm3.o ABSOLUTE
    ..\\CMSIS\\DeviceSupport\\ST\\STM32F10x\\system_stm32f10x.c 0x00000000   Number         0  system_stm32f10x.o ABSOLUTE
    ..\\FWlib\\src\\misc.c                   0x00000000   Number         0  misc.o ABSOLUTE
    ..\\FWlib\\src\\stm32f10x_adc.c          0x00000000   Number         0  stm32f10x_adc.o ABSOLUTE
    ..\\FWlib\\src\\stm32f10x_can.c          0x00000000   Number         0  stm32f10x_can.o ABSOLUTE
    ..\\FWlib\\src\\stm32f10x_exti.c         0x00000000   Number         0  stm32f10x_exti.o ABSOLUTE
    ..\\FWlib\\src\\stm32f10x_flash.c        0x00000000   Number         0  stm32f10x_flash.o ABSOLUTE
    ..\\FWlib\\src\\stm32f10x_gpio.c         0x00000000   Number         0  stm32f10x_gpio.o ABSOLUTE
    ..\\FWlib\\src\\stm32f10x_iwdg.c         0x00000000   Number         0  stm32f10x_iwdg.o ABSOLUTE
    ..\\FWlib\\src\\stm32f10x_pwr.c          0x00000000   Number         0  stm32f10x_pwr.o ABSOLUTE
    ..\\FWlib\\src\\stm32f10x_rcc.c          0x00000000   Number         0  stm32f10x_rcc.o ABSOLUTE
    ..\\FWlib\\src\\stm32f10x_spi.c          0x00000000   Number         0  stm32f10x_spi.o ABSOLUTE
    ..\\FWlib\\src\\stm32f10x_tim.c          0x00000000   Number         0  stm32f10x_tim.o ABSOLUTE
    ..\\SYSTEM\\delay\\delay.c               0x00000000   Number         0  delay.o ABSOLUTE
    ..\\SYSTEM\\sys\\sys.c                   0x00000000   Number         0  sys.o ABSOLUTE
    ..\\USER\\main.c                         0x00000000   Number         0  main.o ABSOLUTE
    ..\\USER\\stm32f10x_it.c                 0x00000000   Number         0  stm32f10x_it.o ABSOLUTE
    dc.s                                     0x00000000   Number         0  dc.o ABSOLUTE
    handlers.s                               0x00000000   Number         0  handlers.o ABSOLUTE
    init.s                                   0x00000000   Number         0  init.o ABSOLUTE
    RESET                                    0x08000000   Section      236  startup_stm32f10x_md.o(RESET)
    .ARM.Collect$$$$00000000                 0x080000ec   Section        0  entry.o(.ARM.Collect$$$$00000000)
    .ARM.Collect$$$$00000001                 0x080000ec   Section        4  entry2.o(.ARM.Collect$$$$00000001)
    .ARM.Collect$$$$00000004                 0x080000f0   Section        4  entry5.o(.ARM.Collect$$$$00000004)
    .ARM.Collect$$$$00000008                 0x080000f4   Section        0  entry7b.o(.ARM.Collect$$$$00000008)
    .ARM.Collect$$$$0000000A                 0x080000f4   Section        0  entry8b.o(.ARM.Collect$$$$0000000A)
    .ARM.Collect$$$$0000000B                 0x080000f4   Section        8  entry9a.o(.ARM.Collect$$$$0000000B)
    .ARM.Collect$$$$0000000D                 0x080000fc   Section        0  entry10a.o(.ARM.Collect$$$$0000000D)
    .ARM.Collect$$$$0000000F                 0x080000fc   Section        0  entry11a.o(.ARM.Collect$$$$0000000F)
    .ARM.Collect$$$$00002712                 0x080000fc   Section        4  entry2.o(.ARM.Collect$$$$00002712)
    __lit__00000000                          0x080000fc   Data           4  entry2.o(.ARM.Collect$$$$00002712)
    .text                                    0x08000100   Section       36  startup_stm32f10x_md.o(.text)
    .text                                    0x08000124   Section        0  fmul.o(.text)
    .text                                    0x08000188   Section        0  fdiv.o(.text)
    .text                                    0x08000204   Section        0  dmul.o(.text)
    .text                                    0x080002e8   Section        0  fflti.o(.text)
    .text                                    0x080002fa   Section        0  ffixui.o(.text)
    .text                                    0x08000322   Section        0  dfixi.o(.text)
    .text                                    0x08000360   Section        0  dfixui.o(.text)
    .text                                    0x08000392   Section        0  f2d.o(.text)
    .text                                    0x080003b8   Section        0  llushr.o(.text)
    .text                                    0x080003d8   Section        0  fepilogue.o(.text)
    .text                                    0x080003d8   Section        0  iusefp.o(.text)
    .text                                    0x08000446   Section        0  depilogue.o(.text)
    .text                                    0x08000500   Section       36  init.o(.text)
    .text                                    0x08000524   Section        0  llshl.o(.text)
    i.ADC1_Config                            0x08000544   Section        0  bsp_adc.o(i.ADC1_Config)
    i.ADC_Cmd                                0x080005bc   Section        0  stm32f10x_adc.o(i.ADC_Cmd)
    i.ADC_DeInit                             0x080005d4   Section        0  stm32f10x_adc.o(i.ADC_DeInit)
    i.ADC_GPIO_Init                          0x08000630   Section        0  bsp_adc.o(i.ADC_GPIO_Init)
    ADC_GPIO_Init                            0x08000631   Thumb Code    38  bsp_adc.o(i.ADC_GPIO_Init)
    i.ADC_GetCalibrationStatus               0x0800065c   Section        0  stm32f10x_adc.o(i.ADC_GetCalibrationStatus)
    i.ADC_GetConversionValue                 0x08000670   Section        0  stm32f10x_adc.o(i.ADC_GetConversionValue)
    i.ADC_GetFlagStatus                      0x08000678   Section        0  stm32f10x_adc.o(i.ADC_GetFlagStatus)
    i.ADC_GetResetCalibrationStatus          0x0800068a   Section        0  stm32f10x_adc.o(i.ADC_GetResetCalibrationStatus)
    i.ADC_Init                               0x080006a0   Section        0  stm32f10x_adc.o(i.ADC_Init)
    i.ADC_RegularChannelConfig               0x080006f0   Section        0  stm32f10x_adc.o(i.ADC_RegularChannelConfig)
    i.ADC_ResetCalibration                   0x080007a8   Section        0  stm32f10x_adc.o(i.ADC_ResetCalibration)
    i.ADC_SoftwareStartConvCmd               0x080007b2   Section        0  stm32f10x_adc.o(i.ADC_SoftwareStartConvCmd)
    i.ADC_StartCalibration                   0x080007c8   Section        0  stm32f10x_adc.o(i.ADC_StartCalibration)
    i.BusFault_Handler                       0x080007d2   Section        0  stm32f10x_it.o(i.BusFault_Handler)
    i.CAN_Configuration                      0x080007d8   Section        0  bsp_can.o(i.CAN_Configuration)
    i.CAN_DeInit                             0x08000858   Section        0  stm32f10x_can.o(i.CAN_DeInit)
    i.CAN_FilterInit                         0x08000890   Section        0  stm32f10x_can.o(i.CAN_FilterInit)
    i.CAN_Filter_Config                      0x08000998   Section        0  bsp_can.o(i.CAN_Filter_Config)
    i.CAN_GPIO_Init                          0x080009e8   Section        0  bsp_can.o(i.CAN_GPIO_Init)
    CAN_GPIO_Init                            0x080009e9   Thumb Code    62  bsp_can.o(i.CAN_GPIO_Init)
    i.CAN_ITConfig                           0x08000a2c   Section        0  stm32f10x_can.o(i.CAN_ITConfig)
    i.CAN_Init                               0x08000a3e   Section        0  stm32f10x_can.o(i.CAN_Init)
    i.CAN_Receive                            0x08000b52   Section        0  stm32f10x_can.o(i.CAN_Receive)
    i.CAN_StructInit                         0x08000c42   Section        0  stm32f10x_can.o(i.CAN_StructInit)
    i.Cal_Average                            0x08000c64   Section        0  bsp_adc.o(i.Cal_Average)
    i.DS18B20_Check                          0x08000cc0   Section        0  bsp_ds18b20.o(i.DS18B20_Check)
    i.DS18B20_Get_Temp                       0x08000d24   Section        0  bsp_ds18b20.o(i.DS18B20_Get_Temp)
    i.DS18B20_Init                           0x08000db8   Section        0  bsp_ds18b20.o(i.DS18B20_Init)
    i.DS18B20_Read_Bit                       0x08000dfc   Section        0  bsp_ds18b20.o(i.DS18B20_Read_Bit)
    i.DS18B20_Read_Byte                      0x08000e68   Section        0  bsp_ds18b20.o(i.DS18B20_Read_Byte)
    i.DS18B20_Rst                            0x08000e8c   Section        0  bsp_ds18b20.o(i.DS18B20_Rst)
    i.DS18B20_Start                          0x08000ed0   Section        0  bsp_ds18b20.o(i.DS18B20_Start)
    i.DS18B20_Write_Byte                     0x08000ee8   Section        0  bsp_ds18b20.o(i.DS18B20_Write_Byte)
    i.DataCheckSum                           0x08000f5c   Section        0  bsp.o(i.DataCheckSum)
    i.DebugMon_Handler                       0x08000f7c   Section        0  stm32f10x_it.o(i.DebugMon_Handler)
    i.GPIO_Init                              0x08000f7e   Section        0  stm32f10x_gpio.o(i.GPIO_Init)
    i.GPIO_ResetBits                         0x08001094   Section        0  stm32f10x_gpio.o(i.GPIO_ResetBits)
    i.GPIO_SetBits                           0x08001098   Section        0  stm32f10x_gpio.o(i.GPIO_SetBits)
    i.GetACVoltRMS                           0x0800109c   Section        0  bsp_adc.o(i.GetACVoltRMS)
    i.GetDCVoltRMS                           0x080010e8   Section        0  bsp_adc.o(i.GetDCVoltRMS)
    i.Get_Adc                                0x08001134   Section        0  bsp_adc.o(i.Get_Adc)
    i.Get_VoltRMS                            0x080011a4   Section        0  bsp_adc.o(i.Get_VoltRMS)
    i.HardFault_Handler                      0x080011c8   Section        0  stm32f10x_it.o(i.HardFault_Handler)
    i.LED_AllOn                              0x080011cc   Section        0  bsp_led.o(i.LED_AllOn)
    i.LED_Init                               0x080011e4   Section        0  bsp_led.o(i.LED_Init)
    i.MemManage_Handler                      0x08001218   Section        0  stm32f10x_it.o(i.MemManage_Handler)
    i.NMI_Handler                            0x0800121c   Section        0  stm32f10x_it.o(i.NMI_Handler)
    i.NVIC_Configuration                     0x0800121e   Section        0  sys.o(i.NVIC_Configuration)
    i.NVIC_Init                              0x0800122c   Section        0  misc.o(i.NVIC_Init)
    i.NVIC_PriorityGroupConfig               0x0800129c   Section        0  misc.o(i.NVIC_PriorityGroupConfig)
    i.PendSV_Handler                         0x080012b0   Section        0  stm32f10x_it.o(i.PendSV_Handler)
    i.RCC_ADCCLKConfig                       0x080012b4   Section        0  stm32f10x_rcc.o(i.RCC_ADCCLKConfig)
    i.RCC_APB1PeriphClockCmd                 0x080012cc   Section        0  stm32f10x_rcc.o(i.RCC_APB1PeriphClockCmd)
    i.RCC_APB1PeriphResetCmd                 0x080012ec   Section        0  stm32f10x_rcc.o(i.RCC_APB1PeriphResetCmd)
    i.RCC_APB2PeriphClockCmd                 0x0800130c   Section        0  stm32f10x_rcc.o(i.RCC_APB2PeriphClockCmd)
    i.RCC_APB2PeriphResetCmd                 0x0800132c   Section        0  stm32f10x_rcc.o(i.RCC_APB2PeriphResetCmd)
    i.RELAY_GPIO_Init                        0x0800134c   Section        0  bsp_led.o(i.RELAY_GPIO_Init)
    i.Receive_CAN_DataFrame                  0x080013b8   Section        0  bsp_can.o(i.Receive_CAN_DataFrame)
    i.SSU_FunCan_Respone_Deal                0x08001430   Section        0  bsp.o(i.SSU_FunCan_Respone_Deal)
    i.SVC_Handler                            0x08001458   Section        0  stm32f10x_it.o(i.SVC_Handler)
    i.SetSysClock                            0x0800145a   Section        0  system_stm32f10x.o(i.SetSysClock)
    SetSysClock                              0x0800145b   Thumb Code     8  system_stm32f10x.o(i.SetSysClock)
    i.SetSysClockTo72                        0x08001464   Section        0  system_stm32f10x.o(i.SetSysClockTo72)
    SetSysClockTo72                          0x08001465   Thumb Code   214  system_stm32f10x.o(i.SetSysClockTo72)
    i.SysTick_CLKSourceConfig                0x08001544   Section        0  misc.o(i.SysTick_CLKSourceConfig)
    i.SysTick_Handler                        0x0800156c   Section        0  stm32f10x_it.o(i.SysTick_Handler)
    i.SystemInit                             0x08001570   Section        0  system_stm32f10x.o(i.SystemInit)
    i.TIM2_IRQHandler                        0x080015d0   Section        0  bsp_time.o(i.TIM2_IRQHandler)
    i.TIM2_ISR_Callback                      0x080015ec   Section        0  bsp_time.o(i.TIM2_ISR_Callback)
    TIM2_ISR_Callback                        0x080015ed   Thumb Code   134  bsp_time.o(i.TIM2_ISR_Callback)
    i.TIM3_IRQHandler                        0x08001688   Section        0  bsp_time.o(i.TIM3_IRQHandler)
    i.TIM3_ISR_Callback                      0x080016a8   Section        0  bsp_time.o(i.TIM3_ISR_Callback)
    TIM3_ISR_Callback                        0x080016a9   Thumb Code     2  bsp_time.o(i.TIM3_ISR_Callback)
    i.TIM_ClearFlag                          0x080016aa   Section        0  stm32f10x_tim.o(i.TIM_ClearFlag)
    i.TIM_ClearITPendingBit                  0x080016b0   Section        0  stm32f10x_tim.o(i.TIM_ClearITPendingBit)
    i.TIM_Cmd                                0x080016b6   Section        0  stm32f10x_tim.o(i.TIM_Cmd)
    i.TIM_DeInit                             0x080016d0   Section        0  stm32f10x_tim.o(i.TIM_DeInit)
    i.TIM_GetITStatus                        0x080018b8   Section        0  stm32f10x_tim.o(i.TIM_GetITStatus)
    i.TIM_ITConfig                           0x080018da   Section        0  stm32f10x_tim.o(i.TIM_ITConfig)
    i.TIM_TimeBaseInit                       0x080018ec   Section        0  stm32f10x_tim.o(i.TIM_TimeBaseInit)
    i.Time_Init                              0x08001990   Section        0  bsp_time.o(i.Time_Init)
    i.USB_LP_CAN1_RX0_IRQHandler             0x080019fc   Section        0  bsp_can.o(i.USB_LP_CAN1_RX0_IRQHandler)
    i.UsageFault_Handler                     0x08001a54   Section        0  stm32f10x_it.o(i.UsageFault_Handler)
    i.__scatterload_copy                     0x08001a58   Section       14  handlers.o(i.__scatterload_copy)
    i.__scatterload_null                     0x08001a66   Section        2  handlers.o(i.__scatterload_null)
    i.__scatterload_zeroinit                 0x08001a68   Section       14  handlers.o(i.__scatterload_zeroinit)
    i.delay_init                             0x08001a78   Section        0  delay.o(i.delay_init)
    i.delay_ms                               0x08001ab4   Section        0  delay.o(i.delay_ms)
    i.delay_us                               0x08001af0   Section        0  delay.o(i.delay_us)
    i.main                                   0x08001b2c   Section        0  main.o(i.main)
    i.sqrt_16                                0x08001b62   Section        0  bsp_adc.o(i.sqrt_16)
    i.square_sum_average                     0x08001ba2   Section        0  bsp_adc.o(i.square_sum_average)
    .data                                    0x20000000   Section        4  main.o(.data)
    .data                                    0x20000004   Section        4  delay.o(.data)
    fac_us                                   0x20000004   Data           1  delay.o(.data)
    fac_ms                                   0x20000006   Data           2  delay.o(.data)
    .data                                    0x20000008   Section        5  bsp_can.o(.data)
    receive_Frame                            0x20000008   Data           5  bsp_can.o(.data)
    .data                                    0x2000000d   Section        2  bsp_adc.o(.data)
    AC_Val                                   0x2000000d   Data           1  bsp_adc.o(.data)
    DC_Val                                   0x2000000e   Data           1  bsp_adc.o(.data)
    .data                                    0x2000000f   Section        2  bsp_time.o(.data)
    Convert_num                              0x2000000f   Data           1  bsp_time.o(.data)
    AverageCnt                               0x20000010   Data           1  bsp_time.o(.data)
    .bss                                     0x20000014   Section      560  bsp_adc.o(.bss)
    AC_Value                                 0x20000014   Data         200  bsp_adc.o(.bss)
    DC_Value                                 0x200000dc   Data         200  bsp_adc.o(.bss)
    Average_AC                               0x200001a4   Data          80  bsp_adc.o(.bss)
    Average_DC                               0x200001f4   Data          80  bsp_adc.o(.bss)
    STACK                                    0x20000248   Section     1024  startup_stm32f10x_md.o(STACK)

    Global Symbols

    Symbol Name                              Value     Ov Type        Size  Object(Section)

    BuildAttributes$$THM_ISAv4$P$D$K$B$S$PE$A:L22UL41UL21$X:L11$S22US41US21$IEEE1$IW$USESV6$~STKCKD$USESV7$~SHL$OTIME$ROPI$EBA8$MICROLIB$REQ8$PRES8$EABIv2 0x00000000   Number         0  anon$$obj.o ABSOLUTE
    __ARM_use_no_argv                        0x00000000   Number         0  main.o ABSOLUTE
    __cpp_initialize__aeabi_                  - Undefined Weak Reference
    __cxa_finalize                            - Undefined Weak Reference
    __decompress                              - Undefined Weak Reference
    _clock_init                               - Undefined Weak Reference
    _microlib_exit                            - Undefined Weak Reference
    __Vectors_Size                           0x000000ec   Number         0  startup_stm32f10x_md.o ABSOLUTE
    __Vectors                                0x08000000   Data           4  startup_stm32f10x_md.o(RESET)
    __Vectors_End                            0x080000ec   Data           0  startup_stm32f10x_md.o(RESET)
    __main                                   0x080000ed   Thumb Code     0  entry.o(.ARM.Collect$$$$00000000)
    _main_stk                                0x080000ed   Thumb Code     0  entry2.o(.ARM.Collect$$$$00000001)
    _main_scatterload                        0x080000f1   Thumb Code     0  entry5.o(.ARM.Collect$$$$00000004)
    __main_after_scatterload                 0x080000f5   Thumb Code     0  entry5.o(.ARM.Collect$$$$00000004)
    _main_clock                              0x080000f5   Thumb Code     0  entry7b.o(.ARM.Collect$$$$00000008)
    _main_cpp_init                           0x080000f5   Thumb Code     0  entry8b.o(.ARM.Collect$$$$0000000A)
    _main_init                               0x080000f5   Thumb Code     0  entry9a.o(.ARM.Collect$$$$0000000B)
    __rt_final_cpp                           0x080000fd   Thumb Code     0  entry10a.o(.ARM.Collect$$$$0000000D)
    __rt_final_exit                          0x080000fd   Thumb Code     0  entry11a.o(.ARM.Collect$$$$0000000F)
    Reset_Handler                            0x08000101   Thumb Code     8  startup_stm32f10x_md.o(.text)
    ADC1_2_IRQHandler                        0x0800011b   Thumb Code     0  startup_stm32f10x_md.o(.text)
    CAN1_RX1_IRQHandler                      0x0800011b   Thumb Code     0  startup_stm32f10x_md.o(.text)
    CAN1_SCE_IRQHandler                      0x0800011b   Thumb Code     0  startup_stm32f10x_md.o(.text)
    DMA1_Channel1_IRQHandler                 0x0800011b   Thumb Code     0  startup_stm32f10x_md.o(.text)
    DMA1_Channel2_IRQHandler                 0x0800011b   Thumb Code     0  startup_stm32f10x_md.o(.text)
    DMA1_Channel3_IRQHandler                 0x0800011b   Thumb Code     0  startup_stm32f10x_md.o(.text)
    DMA1_Channel4_IRQHandler                 0x0800011b   Thumb Code     0  startup_stm32f10x_md.o(.text)
    DMA1_Channel5_IRQHandler                 0x0800011b   Thumb Code     0  startup_stm32f10x_md.o(.text)
    DMA1_Channel6_IRQHandler                 0x0800011b   Thumb Code     0  startup_stm32f10x_md.o(.text)
    DMA1_Channel7_IRQHandler                 0x0800011b   Thumb Code     0  startup_stm32f10x_md.o(.text)
    EXTI0_IRQHandler                         0x0800011b   Thumb Code     0  startup_stm32f10x_md.o(.text)
    EXTI15_10_IRQHandler                     0x0800011b   Thumb Code     0  startup_stm32f10x_md.o(.text)
    EXTI1_IRQHandler                         0x0800011b   Thumb Code     0  startup_stm32f10x_md.o(.text)
    EXTI2_IRQHandler                         0x0800011b   Thumb Code     0  startup_stm32f10x_md.o(.text)
    EXTI3_IRQHandler                         0x0800011b   Thumb Code     0  startup_stm32f10x_md.o(.text)
    EXTI4_IRQHandler                         0x0800011b   Thumb Code     0  startup_stm32f10x_md.o(.text)
    EXTI9_5_IRQHandler                       0x0800011b   Thumb Code     0  startup_stm32f10x_md.o(.text)
    FLASH_IRQHandler                         0x0800011b   Thumb Code     0  startup_stm32f10x_md.o(.text)
    I2C1_ER_IRQHandler                       0x0800011b   Thumb Code     0  startup_stm32f10x_md.o(.text)
    I2C1_EV_IRQHandler                       0x0800011b   Thumb Code     0  startup_stm32f10x_md.o(.text)
    I2C2_ER_IRQHandler                       0x0800011b   Thumb Code     0  startup_stm32f10x_md.o(.text)
    I2C2_EV_IRQHandler                       0x0800011b   Thumb Code     0  startup_stm32f10x_md.o(.text)
    PVD_IRQHandler                           0x0800011b   Thumb Code     0  startup_stm32f10x_md.o(.text)
    RCC_IRQHandler                           0x0800011b   Thumb Code     0  startup_stm32f10x_md.o(.text)
    RTCAlarm_IRQHandler                      0x0800011b   Thumb Code     0  startup_stm32f10x_md.o(.text)
    RTC_IRQHandler                           0x0800011b   Thumb Code     0  startup_stm32f10x_md.o(.text)
    SPI1_IRQHandler                          0x0800011b   Thumb Code     0  startup_stm32f10x_md.o(.text)
    SPI2_IRQHandler                          0x0800011b   Thumb Code     0  startup_stm32f10x_md.o(.text)
    TAMPER_IRQHandler                        0x0800011b   Thumb Code     0  startup_stm32f10x_md.o(.text)
    TIM1_BRK_IRQHandler                      0x0800011b   Thumb Code     0  startup_stm32f10x_md.o(.text)
    TIM1_CC_IRQHandler                       0x0800011b   Thumb Code     0  startup_stm32f10x_md.o(.text)
    TIM1_TRG_COM_IRQHandler                  0x0800011b   Thumb Code     0  startup_stm32f10x_md.o(.text)
    TIM1_UP_IRQHandler                       0x0800011b   Thumb Code     0  startup_stm32f10x_md.o(.text)
    TIM4_IRQHandler                          0x0800011b   Thumb Code     0  startup_stm32f10x_md.o(.text)
    USART1_IRQHandler                        0x0800011b   Thumb Code     0  startup_stm32f10x_md.o(.text)
    USART2_IRQHandler                        0x0800011b   Thumb Code     0  startup_stm32f10x_md.o(.text)
    USART3_IRQHandler                        0x0800011b   Thumb Code     0  startup_stm32f10x_md.o(.text)
    USBWakeUp_IRQHandler                     0x0800011b   Thumb Code     0  startup_stm32f10x_md.o(.text)
    USB_HP_CAN1_TX_IRQHandler                0x0800011b   Thumb Code     0  startup_stm32f10x_md.o(.text)
    WWDG_IRQHandler                          0x0800011b   Thumb Code     0  startup_stm32f10x_md.o(.text)
    __aeabi_fmul                             0x08000125   Thumb Code   100  fmul.o(.text)
    __aeabi_fdiv                             0x08000189   Thumb Code   124  fdiv.o(.text)
    __aeabi_dmul                             0x08000205   Thumb Code   228  dmul.o(.text)
    __aeabi_i2f                              0x080002e9   Thumb Code    18  fflti.o(.text)
    __aeabi_f2uiz                            0x080002fb   Thumb Code    40  ffixui.o(.text)
    __aeabi_d2iz                             0x08000323   Thumb Code    62  dfixi.o(.text)
    __aeabi_d2uiz                            0x08000361   Thumb Code    50  dfixui.o(.text)
    __aeabi_f2d                              0x08000393   Thumb Code    38  f2d.o(.text)
    __aeabi_llsr                             0x080003b9   Thumb Code    32  llushr.o(.text)
    _ll_ushift_r                             0x080003b9   Thumb Code     0  llushr.o(.text)
    __I$use$fp                               0x080003d9   Thumb Code     0  iusefp.o(.text)
    _float_round                             0x080003d9   Thumb Code    18  fepilogue.o(.text)
    _float_epilogue                          0x080003eb   Thumb Code    92  fepilogue.o(.text)
    _double_round                            0x08000447   Thumb Code    30  depilogue.o(.text)
    _double_epilogue                         0x08000465   Thumb Code   156  depilogue.o(.text)
    __scatterload                            0x08000501   Thumb Code    28  init.o(.text)
    __scatterload_rt2                        0x08000501   Thumb Code     0  init.o(.text)
    __aeabi_llsl                             0x08000525   Thumb Code    30  llshl.o(.text)
    _ll_shift_l                              0x08000525   Thumb Code     0  llshl.o(.text)
    ADC1_Config                              0x08000545   Thumb Code   114  bsp_adc.o(i.ADC1_Config)
    ADC_Cmd                                  0x080005bd   Thumb Code    22  stm32f10x_adc.o(i.ADC_Cmd)
    ADC_DeInit                               0x080005d5   Thumb Code    78  stm32f10x_adc.o(i.ADC_DeInit)
    ADC_GetCalibrationStatus                 0x0800065d   Thumb Code    20  stm32f10x_adc.o(i.ADC_GetCalibrationStatus)
    ADC_GetConversionValue                   0x08000671   Thumb Code     8  stm32f10x_adc.o(i.ADC_GetConversionValue)
    ADC_GetFlagStatus                        0x08000679   Thumb Code    18  stm32f10x_adc.o(i.ADC_GetFlagStatus)
    ADC_GetResetCalibrationStatus            0x0800068b   Thumb Code    20  stm32f10x_adc.o(i.ADC_GetResetCalibrationStatus)
    ADC_Init                                 0x080006a1   Thumb Code    70  stm32f10x_adc.o(i.ADC_Init)
    ADC_RegularChannelConfig                 0x080006f1   Thumb Code   184  stm32f10x_adc.o(i.ADC_RegularChannelConfig)
    ADC_ResetCalibration                     0x080007a9   Thumb Code    10  stm32f10x_adc.o(i.ADC_ResetCalibration)
    ADC_SoftwareStartConvCmd                 0x080007b3   Thumb Code    22  stm32f10x_adc.o(i.ADC_SoftwareStartConvCmd)
    ADC_StartCalibration                     0x080007c9   Thumb Code    10  stm32f10x_adc.o(i.ADC_StartCalibration)
    BusFault_Handler                         0x080007d3   Thumb Code     4  stm32f10x_it.o(i.BusFault_Handler)
    CAN_Configuration                        0x080007d9   Thumb Code   122  bsp_can.o(i.CAN_Configuration)
    CAN_DeInit                               0x08000859   Thumb Code    50  stm32f10x_can.o(i.CAN_DeInit)
    CAN_FilterInit                           0x08000891   Thumb Code   258  stm32f10x_can.o(i.CAN_FilterInit)
    CAN_Filter_Config                        0x08000999   Thumb Code    76  bsp_can.o(i.CAN_Filter_Config)
    CAN_ITConfig                             0x08000a2d   Thumb Code    18  stm32f10x_can.o(i.CAN_ITConfig)
    CAN_Init                                 0x08000a3f   Thumb Code   276  stm32f10x_can.o(i.CAN_Init)
    CAN_Receive                              0x08000b53   Thumb Code   240  stm32f10x_can.o(i.CAN_Receive)
    CAN_StructInit                           0x08000c43   Thumb Code    32  stm32f10x_can.o(i.CAN_StructInit)
    Cal_Average                              0x08000c65   Thumb Code    74  bsp_adc.o(i.Cal_Average)
    DS18B20_Check                            0x08000cc1   Thumb Code    92  bsp_ds18b20.o(i.DS18B20_Check)
    DS18B20_Get_Temp                         0x08000d25   Thumb Code   142  bsp_ds18b20.o(i.DS18B20_Get_Temp)
    DS18B20_Init                             0x08000db9   Thumb Code    64  bsp_ds18b20.o(i.DS18B20_Init)
    DS18B20_Read_Bit                         0x08000dfd   Thumb Code    96  bsp_ds18b20.o(i.DS18B20_Read_Bit)
    DS18B20_Read_Byte                        0x08000e69   Thumb Code    34  bsp_ds18b20.o(i.DS18B20_Read_Byte)
    DS18B20_Rst                              0x08000e8d   Thumb Code    54  bsp_ds18b20.o(i.DS18B20_Rst)
    DS18B20_Start                            0x08000ed1   Thumb Code    24  bsp_ds18b20.o(i.DS18B20_Start)
    DS18B20_Write_Byte                       0x08000ee9   Thumb Code   102  bsp_ds18b20.o(i.DS18B20_Write_Byte)
    DataCheckSum                             0x08000f5d   Thumb Code    32  bsp.o(i.DataCheckSum)
    DebugMon_Handler                         0x08000f7d   Thumb Code     2  stm32f10x_it.o(i.DebugMon_Handler)
    GPIO_Init                                0x08000f7f   Thumb Code   278  stm32f10x_gpio.o(i.GPIO_Init)
    GPIO_ResetBits                           0x08001095   Thumb Code     4  stm32f10x_gpio.o(i.GPIO_ResetBits)
    GPIO_SetBits                             0x08001099   Thumb Code     4  stm32f10x_gpio.o(i.GPIO_SetBits)
    GetACVoltRMS                             0x0800109d   Thumb Code    64  bsp_adc.o(i.GetACVoltRMS)
    GetDCVoltRMS                             0x080010e9   Thumb Code    64  bsp_adc.o(i.GetDCVoltRMS)
    Get_Adc                                  0x08001135   Thumb Code    98  bsp_adc.o(i.Get_Adc)
    Get_VoltRMS                              0x080011a5   Thumb Code    26  bsp_adc.o(i.Get_VoltRMS)
    HardFault_Handler                        0x080011c9   Thumb Code     4  stm32f10x_it.o(i.HardFault_Handler)
    LED_AllOn                                0x080011cd   Thumb Code    20  bsp_led.o(i.LED_AllOn)
    LED_Init                                 0x080011e5   Thumb Code    46  bsp_led.o(i.LED_Init)
    MemManage_Handler                        0x08001219   Thumb Code     4  stm32f10x_it.o(i.MemManage_Handler)
    NMI_Handler                              0x0800121d   Thumb Code     2  stm32f10x_it.o(i.NMI_Handler)
    NVIC_Configuration                       0x0800121f   Thumb Code    12  sys.o(i.NVIC_Configuration)
    NVIC_Init                                0x0800122d   Thumb Code   100  misc.o(i.NVIC_Init)
    NVIC_PriorityGroupConfig                 0x0800129d   Thumb Code    10  misc.o(i.NVIC_PriorityGroupConfig)
    PendSV_Handler                           0x080012b1   Thumb Code     2  stm32f10x_it.o(i.PendSV_Handler)
    RCC_ADCCLKConfig                         0x080012b5   Thumb Code    18  stm32f10x_rcc.o(i.RCC_ADCCLKConfig)
    RCC_APB1PeriphClockCmd                   0x080012cd   Thumb Code    26  stm32f10x_rcc.o(i.RCC_APB1PeriphClockCmd)
    RCC_APB1PeriphResetCmd                   0x080012ed   Thumb Code    26  stm32f10x_rcc.o(i.RCC_APB1PeriphResetCmd)
    RCC_APB2PeriphClockCmd                   0x0800130d   Thumb Code    26  stm32f10x_rcc.o(i.RCC_APB2PeriphClockCmd)
    RCC_APB2PeriphResetCmd                   0x0800132d   Thumb Code    26  stm32f10x_rcc.o(i.RCC_APB2PeriphResetCmd)
    RELAY_GPIO_Init                          0x0800134d   Thumb Code    98  bsp_led.o(i.RELAY_GPIO_Init)
    Receive_CAN_DataFrame                    0x080013b9   Thumb Code   112  bsp_can.o(i.Receive_CAN_DataFrame)
    SSU_FunCan_Respone_Deal                  0x08001431   Thumb Code    34  bsp.o(i.SSU_FunCan_Respone_Deal)
    SVC_Handler                              0x08001459   Thumb Code     2  stm32f10x_it.o(i.SVC_Handler)
    SysTick_CLKSourceConfig                  0x08001545   Thumb Code    40  misc.o(i.SysTick_CLKSourceConfig)
    SysTick_Handler                          0x0800156d   Thumb Code     2  stm32f10x_it.o(i.SysTick_Handler)
    SystemInit                               0x08001571   Thumb Code    78  system_stm32f10x.o(i.SystemInit)
    TIM2_IRQHandler                          0x080015d1   Thumb Code    26  bsp_time.o(i.TIM2_IRQHandler)
    TIM3_IRQHandler                          0x08001689   Thumb Code    26  bsp_time.o(i.TIM3_IRQHandler)
    TIM_ClearFlag                            0x080016ab   Thumb Code     6  stm32f10x_tim.o(i.TIM_ClearFlag)
    TIM_ClearITPendingBit                    0x080016b1   Thumb Code     6  stm32f10x_tim.o(i.TIM_ClearITPendingBit)
    TIM_Cmd                                  0x080016b7   Thumb Code    24  stm32f10x_tim.o(i.TIM_Cmd)
    TIM_DeInit                               0x080016d1   Thumb Code   424  stm32f10x_tim.o(i.TIM_DeInit)
    TIM_GetITStatus                          0x080018b9   Thumb Code    34  stm32f10x_tim.o(i.TIM_GetITStatus)
    TIM_ITConfig                             0x080018db   Thumb Code    18  stm32f10x_tim.o(i.TIM_ITConfig)
    TIM_TimeBaseInit                         0x080018ed   Thumb Code   122  stm32f10x_tim.o(i.TIM_TimeBaseInit)
    Time_Init                                0x08001991   Thumb Code   108  bsp_time.o(i.Time_Init)
    USB_LP_CAN1_RX0_IRQHandler               0x080019fd   Thumb Code    82  bsp_can.o(i.USB_LP_CAN1_RX0_IRQHandler)
    UsageFault_Handler                       0x08001a55   Thumb Code     4  stm32f10x_it.o(i.UsageFault_Handler)
    __scatterload_copy                       0x08001a59   Thumb Code    14  handlers.o(i.__scatterload_copy)
    __scatterload_null                       0x08001a67   Thumb Code     2  handlers.o(i.__scatterload_null)
    __scatterload_zeroinit                   0x08001a69   Thumb Code    14  handlers.o(i.__scatterload_zeroinit)
    delay_init                               0x08001a79   Thumb Code    52  delay.o(i.delay_init)
    delay_ms                                 0x08001ab5   Thumb Code    56  delay.o(i.delay_ms)
    delay_us                                 0x08001af1   Thumb Code    56  delay.o(i.delay_us)
    main                                     0x08001b2d   Thumb Code    54  main.o(i.main)
    sqrt_16                                  0x08001b63   Thumb Code    64  bsp_adc.o(i.sqrt_16)
    square_sum_average                       0x08001ba3   Thumb Code    54  bsp_adc.o(i.square_sum_average)
    Region$$Table$$Base                      0x08001bd8   Number         0  anon$$obj.o(Region$$Table)
    Region$$Table$$Limit                     0x08001bf8   Number         0  anon$$obj.o(Region$$Table)
    Time_CanRespone_Count                    0x20000000   Data           1  main.o(.data)
    fault_canTest                            0x20000001   Data           1  main.o(.data)
    ev_CanRespone                            0x20000002   Data           1  main.o(.data)
    state_ADC                                0x20000003   Data           1  main.o(.data)
    __initial_sp                             0x20000648   Data           0  startup_stm32f10x_md.o(STACK)



==============================================================================

Memory Map of the image

  Image Entry point : 0x080000ed

  Load Region LR_IROM1 (Base: 0x08000000, Size: 0x00001c0c, Max: 0x00010000, ABSOLUTE)

    Execution Region ER_IROM1 (Base: 0x08000000, Size: 0x00001bf8, Max: 0x00010000, ABSOLUTE)

    Base Addr    Size         Type   Attr      Idx    E Section Name        Object

    0x08000000   0x000000ec   Data   RO         2607    RESET               startup_stm32f10x_md.o
    0x080000ec   0x00000000   Code   RO         2612  * .ARM.Collect$$$$00000000  mc_w.l(entry.o)
    0x080000ec   0x00000004   Code   RO         2631    .ARM.Collect$$$$00000001  mc_w.l(entry2.o)
    0x080000f0   0x00000004   Code   RO         2634    .ARM.Collect$$$$00000004  mc_w.l(entry5.o)
    0x080000f4   0x00000000   Code   RO         2636    .ARM.Collect$$$$00000008  mc_w.l(entry7b.o)
    0x080000f4   0x00000000   Code   RO         2638    .ARM.Collect$$$$0000000A  mc_w.l(entry8b.o)
    0x080000f4   0x00000008   Code   RO         2639    .ARM.Collect$$$$0000000B  mc_w.l(entry9a.o)
    0x080000fc   0x00000000   Code   RO         2641    .ARM.Collect$$$$0000000D  mc_w.l(entry10a.o)
    0x080000fc   0x00000000   Code   RO         2643    .ARM.Collect$$$$0000000F  mc_w.l(entry11a.o)
    0x080000fc   0x00000004   Code   RO         2632    .ARM.Collect$$$$00002712  mc_w.l(entry2.o)
    0x08000100   0x00000024   Code   RO         2608    .text               startup_stm32f10x_md.o
    0x08000124   0x00000064   Code   RO         2615    .text               mf_w.l(fmul.o)
    0x08000188   0x0000007c   Code   RO         2617    .text               mf_w.l(fdiv.o)
    0x08000204   0x000000e4   Code   RO         2619    .text               mf_w.l(dmul.o)
    0x080002e8   0x00000012   Code   RO         2621    .text               mf_w.l(fflti.o)
    0x080002fa   0x00000028   Code   RO         2623    .text               mf_w.l(ffixui.o)
    0x08000322   0x0000003e   Code   RO         2625    .text               mf_w.l(dfixi.o)
    0x08000360   0x00000032   Code   RO         2627    .text               mf_w.l(dfixui.o)
    0x08000392   0x00000026   Code   RO         2629    .text               mf_w.l(f2d.o)
    0x080003b8   0x00000020   Code   RO         2645    .text               mc_w.l(llushr.o)
    0x080003d8   0x00000000   Code   RO         2647    .text               mc_w.l(iusefp.o)
    0x080003d8   0x0000006e   Code   RO         2648    .text               mf_w.l(fepilogue.o)
    0x08000446   0x000000ba   Code   RO         2650    .text               mf_w.l(depilogue.o)
    0x08000500   0x00000024   Code   RO         2652    .text               mc_w.l(init.o)
    0x08000524   0x0000001e   Code   RO         2654    .text               mc_w.l(llshl.o)
    0x08000542   0x00000002   PAD
    0x08000544   0x00000078   Code   RO          404    i.ADC1_Config       bsp_adc.o
    0x080005bc   0x00000016   Code   RO         2305    i.ADC_Cmd           stm32f10x_adc.o
    0x080005d2   0x00000002   PAD
    0x080005d4   0x0000005c   Code   RO         2307    i.ADC_DeInit        stm32f10x_adc.o
    0x08000630   0x0000002c   Code   RO          405    i.ADC_GPIO_Init     bsp_adc.o
    0x0800065c   0x00000014   Code   RO         2313    i.ADC_GetCalibrationStatus  stm32f10x_adc.o
    0x08000670   0x00000008   Code   RO         2314    i.ADC_GetConversionValue  stm32f10x_adc.o
    0x08000678   0x00000012   Code   RO         2316    i.ADC_GetFlagStatus  stm32f10x_adc.o
    0x0800068a   0x00000014   Code   RO         2319    i.ADC_GetResetCalibrationStatus  stm32f10x_adc.o
    0x0800069e   0x00000002   PAD
    0x080006a0   0x00000050   Code   RO         2323    i.ADC_Init          stm32f10x_adc.o
    0x080006f0   0x000000b8   Code   RO         2327    i.ADC_RegularChannelConfig  stm32f10x_adc.o
    0x080007a8   0x0000000a   Code   RO         2328    i.ADC_ResetCalibration  stm32f10x_adc.o
    0x080007b2   0x00000016   Code   RO         2330    i.ADC_SoftwareStartConvCmd  stm32f10x_adc.o
    0x080007c8   0x0000000a   Code   RO         2332    i.ADC_StartCalibration  stm32f10x_adc.o
    0x080007d2   0x00000004   Code   RO          127    i.BusFault_Handler  stm32f10x_it.o
    0x080007d6   0x00000002   PAD
    0x080007d8   0x00000080   Code   RO          349    i.CAN_Configuration  bsp_can.o
    0x08000858   0x00000038   Code   RO          698    i.CAN_DeInit        stm32f10x_can.o
    0x08000890   0x00000108   Code   RO          700    i.CAN_FilterInit    stm32f10x_can.o
    0x08000998   0x00000050   Code   RO          350    i.CAN_Filter_Config  bsp_can.o
    0x080009e8   0x00000044   Code   RO          351    i.CAN_GPIO_Init     bsp_can.o
    0x08000a2c   0x00000012   Code   RO          706    i.CAN_ITConfig      stm32f10x_can.o
    0x08000a3e   0x00000114   Code   RO          707    i.CAN_Init          stm32f10x_can.o
    0x08000b52   0x000000f0   Code   RO          710    i.CAN_Receive       stm32f10x_can.o
    0x08000c42   0x00000020   Code   RO          713    i.CAN_StructInit    stm32f10x_can.o
    0x08000c62   0x00000002   PAD
    0x08000c64   0x0000005c   Code   RO          406    i.Cal_Average       bsp_adc.o
    0x08000cc0   0x00000064   Code   RO          580    i.DS18B20_Check     bsp_ds18b20.o
    0x08000d24   0x00000094   Code   RO          581    i.DS18B20_Get_Temp  bsp_ds18b20.o
    0x08000db8   0x00000044   Code   RO          582    i.DS18B20_Init      bsp_ds18b20.o
    0x08000dfc   0x0000006c   Code   RO          583    i.DS18B20_Read_Bit  bsp_ds18b20.o
    0x08000e68   0x00000022   Code   RO          584    i.DS18B20_Read_Byte  bsp_ds18b20.o
    0x08000e8a   0x00000002   PAD
    0x08000e8c   0x00000044   Code   RO          585    i.DS18B20_Rst       bsp_ds18b20.o
    0x08000ed0   0x00000018   Code   RO          586    i.DS18B20_Start     bsp_ds18b20.o
    0x08000ee8   0x00000074   Code   RO          587    i.DS18B20_Write_Byte  bsp_ds18b20.o
    0x08000f5c   0x00000020   Code   RO          264    i.DataCheckSum      bsp.o
    0x08000f7c   0x00000002   Code   RO          128    i.DebugMon_Handler  stm32f10x_it.o
    0x08000f7e   0x00000116   Code   RO         1119    i.GPIO_Init         stm32f10x_gpio.o
    0x08001094   0x00000004   Code   RO         1126    i.GPIO_ResetBits    stm32f10x_gpio.o
    0x08001098   0x00000004   Code   RO         1127    i.GPIO_SetBits      stm32f10x_gpio.o
    0x0800109c   0x0000004c   Code   RO          407    i.GetACVoltRMS      bsp_adc.o
    0x080010e8   0x0000004c   Code   RO          408    i.GetDCVoltRMS      bsp_adc.o
    0x08001134   0x00000070   Code   RO          410    i.Get_Adc           bsp_adc.o
    0x080011a4   0x00000024   Code   RO          412    i.Get_VoltRMS       bsp_adc.o
    0x080011c8   0x00000004   Code   RO          129    i.HardFault_Handler  stm32f10x_it.o
    0x080011cc   0x00000018   Code   RO          496    i.LED_AllOn         bsp_led.o
    0x080011e4   0x00000034   Code   RO          497    i.LED_Init          bsp_led.o
    0x08001218   0x00000004   Code   RO          130    i.MemManage_Handler  stm32f10x_it.o
    0x0800121c   0x00000002   Code   RO          131    i.NMI_Handler       stm32f10x_it.o
    0x0800121e   0x0000000c   Code   RO          202    i.NVIC_Configuration  sys.o
    0x0800122a   0x00000002   PAD
    0x0800122c   0x00000070   Code   RO          646    i.NVIC_Init         misc.o
    0x0800129c   0x00000014   Code   RO          647    i.NVIC_PriorityGroupConfig  misc.o
    0x080012b0   0x00000002   Code   RO          132    i.PendSV_Handler    stm32f10x_it.o
    0x080012b2   0x00000002   PAD
    0x080012b4   0x00000018   Code   RO         1368    i.RCC_ADCCLKConfig  stm32f10x_rcc.o
    0x080012cc   0x00000020   Code   RO         1370    i.RCC_APB1PeriphClockCmd  stm32f10x_rcc.o
    0x080012ec   0x00000020   Code   RO         1371    i.RCC_APB1PeriphResetCmd  stm32f10x_rcc.o
    0x0800130c   0x00000020   Code   RO         1372    i.RCC_APB2PeriphClockCmd  stm32f10x_rcc.o
    0x0800132c   0x00000020   Code   RO         1373    i.RCC_APB2PeriphResetCmd  stm32f10x_rcc.o
    0x0800134c   0x0000006c   Code   RO          498    i.RELAY_GPIO_Init   bsp_led.o
    0x080013b8   0x00000078   Code   RO          352    i.Receive_CAN_DataFrame  bsp_can.o
    0x08001430   0x00000028   Code   RO          270    i.SSU_FunCan_Respone_Deal  bsp.o
    0x08001458   0x00000002   Code   RO          133    i.SVC_Handler       stm32f10x_it.o
    0x0800145a   0x00000008   Code   RO         2543    i.SetSysClock       system_stm32f10x.o
    0x08001462   0x00000002   PAD
    0x08001464   0x000000e0   Code   RO         2544    i.SetSysClockTo72   system_stm32f10x.o
    0x08001544   0x00000028   Code   RO          650    i.SysTick_CLKSourceConfig  misc.o
    0x0800156c   0x00000002   Code   RO          134    i.SysTick_Handler   stm32f10x_it.o
    0x0800156e   0x00000002   PAD
    0x08001570   0x00000060   Code   RO         2546    i.SystemInit        system_stm32f10x.o
    0x080015d0   0x0000001a   Code   RO          532    i.TIM2_IRQHandler   bsp_time.o
    0x080015ea   0x00000002   PAD
    0x080015ec   0x0000009c   Code   RO          533    i.TIM2_ISR_Callback  bsp_time.o
    0x08001688   0x00000020   Code   RO          534    i.TIM3_IRQHandler   bsp_time.o
    0x080016a8   0x00000002   Code   RO          535    i.TIM3_ISR_Callback  bsp_time.o
    0x080016aa   0x00000006   Code   RO         1749    i.TIM_ClearFlag     stm32f10x_tim.o
    0x080016b0   0x00000006   Code   RO         1750    i.TIM_ClearITPendingBit  stm32f10x_tim.o
    0x080016b6   0x00000018   Code   RO         1755    i.TIM_Cmd           stm32f10x_tim.o
    0x080016ce   0x00000002   PAD
    0x080016d0   0x000001e8   Code   RO         1760    i.TIM_DeInit        stm32f10x_tim.o
    0x080018b8   0x00000022   Code   RO         1776    i.TIM_GetITStatus   stm32f10x_tim.o
    0x080018da   0x00000012   Code   RO         1780    i.TIM_ITConfig      stm32f10x_tim.o
    0x080018ec   0x000000a4   Code   RO         1826    i.TIM_TimeBaseInit  stm32f10x_tim.o
    0x08001990   0x0000006c   Code   RO          536    i.Time_Init         bsp_time.o
    0x080019fc   0x00000058   Code   RO          354    i.USB_LP_CAN1_RX0_IRQHandler  bsp_can.o
    0x08001a54   0x00000004   Code   RO          135    i.UsageFault_Handler  stm32f10x_it.o
    0x08001a58   0x0000000e   Code   RO         2658    i.__scatterload_copy  mc_w.l(handlers.o)
    0x08001a66   0x00000002   Code   RO         2659    i.__scatterload_null  mc_w.l(handlers.o)
    0x08001a68   0x0000000e   Code   RO         2660    i.__scatterload_zeroinit  mc_w.l(handlers.o)
    0x08001a76   0x00000002   PAD
    0x08001a78   0x0000003c   Code   RO          226    i.delay_init        delay.o
    0x08001ab4   0x0000003c   Code   RO          227    i.delay_ms          delay.o
    0x08001af0   0x0000003c   Code   RO          228    i.delay_us          delay.o
    0x08001b2c   0x00000036   Code   RO            4    i.main              main.o
    0x08001b62   0x00000040   Code   RO          413    i.sqrt_16           bsp_adc.o
    0x08001ba2   0x00000036   Code   RO          414    i.square_sum_average  bsp_adc.o
    0x08001bd8   0x00000020   Data   RO         2656    Region$$Table       anon$$obj.o


    Execution Region RW_IRAM1 (Base: 0x20000000, Size: 0x00000648, Max: 0x00005000, ABSOLUTE)

    Base Addr    Size         Type   Attr      Idx    E Section Name        Object

    0x20000000   0x00000004   Data   RW            5    .data               main.o
    0x20000004   0x00000004   Data   RW          229    .data               delay.o
    0x20000008   0x00000005   Data   RW          355    .data               bsp_can.o
    0x2000000d   0x00000002   Data   RW          417    .data               bsp_adc.o
    0x2000000f   0x00000002   Data   RW          537    .data               bsp_time.o
    0x20000011   0x00000003   PAD
    0x20000014   0x00000230   Zero   RW          416    .bss                bsp_adc.o
    0x20000244   0x00000004   PAD
    0x20000248   0x00000400   Zero   RW         2605    STACK               startup_stm32f10x_md.o


==============================================================================

Image component sizes


      Code (inc. data)   RO Data    RW Data    ZI Data      Debug   Object Name

        72          6          0          0          0       2439   bsp.o
       674         78          0          2        560       5625   bsp_adc.o
       484         30          0          5          0       3337   bsp_can.o
       666         58          0          0          0       4456   bsp_ds18b20.o
       184         20          0          0          0       1393   bsp_led.o
       324         28          0          2          0       2480   bsp_time.o
       180         16          0          4          0       1711   delay.o
        54          0          0          4          0     255833   main.o
       172         22          0          0          0       1917   misc.o
        36          8        236          0       1024        780   startup_stm32f10x_md.o
       486         24          0          0          0       8198   stm32f10x_adc.o
       886         12          0          0          0       4491   stm32f10x_can.o
       286          0          0          0          0       2888   stm32f10x_gpio.o
        26          0          0          0          0       3746   stm32f10x_it.o
       152         30          0          0          0       2679   stm32f10x_rcc.o
       740        106          0          0          0       4607   stm32f10x_tim.o
        12          0          0          0          0        441   sys.o
       328         28          0          0          0       2069   system_stm32f10x.o

    ----------------------------------------------------------------------
      5784        466        268         20       1588     309090   Object Totals
         0          0         32          0          0          0   (incl. Generated)
        22          0          0          3          4          0   (incl. Padding)

    ----------------------------------------------------------------------

      Code (inc. data)   RO Data    RW Data    ZI Data      Debug   Library Member Name

         0          0          0          0          0          0   entry.o
         0          0          0          0          0          0   entry10a.o
         0          0          0          0          0          0   entry11a.o
         8          4          0          0          0          0   entry2.o
         4          0          0          0          0          0   entry5.o
         0          0          0          0          0          0   entry7b.o
         0          0          0          0          0          0   entry8b.o
         8          4          0          0          0          0   entry9a.o
        30          0          0          0          0          0   handlers.o
        36          8          0          0          0         68   init.o
         0          0          0          0          0          0   iusefp.o
        30          0          0          0          0         68   llshl.o
        32          0          0          0          0         68   llushr.o
       186          0          0          0          0        176   depilogue.o
        62          0          0          0          0         80   dfixi.o
        50          0          0          0          0         76   dfixui.o
       228          0          0          0          0         96   dmul.o
        38          0          0          0          0         68   f2d.o
       124          0          0          0          0         88   fdiv.o
       110          0          0          0          0        168   fepilogue.o
        40          0          0          0          0         68   ffixui.o
        18          0          0          0          0         68   fflti.o
       100          0          0          0          0         76   fmul.o

    ----------------------------------------------------------------------
      1108         16          0          0          0       1168   Library Totals
         4          0          0          0          0          0   (incl. Padding)

    ----------------------------------------------------------------------

      Code (inc. data)   RO Data    RW Data    ZI Data      Debug   Library Name

       148         16          0          0          0        204   mc_w.l
       956          0          0          0          0        964   mf_w.l

    ----------------------------------------------------------------------
      1108         16          0          0          0       1168   Library Totals

    ----------------------------------------------------------------------

==============================================================================


      Code (inc. data)   RO Data    RW Data    ZI Data      Debug   

      6892        482        268         20       1588     305678   Grand Totals
      6892        482        268         20       1588     305678   ELF Image Totals
      6892        482        268         20          0          0   ROM Totals

==============================================================================

    Total RO  Size (Code + RO Data)                 7160 (   6.99kB)
    Total RW  Size (RW Data + ZI Data)              1608 (   1.57kB)
    Total ROM Size (Code + RO Data + RW Data)       7180 (   7.01kB)

==============================================================================

